******************************************************************************
               TMS320C6x Linker PC v8.3.3                      
******************************************************************************
>> Linked Tue May  5 16:42:51 2026

OUTPUT FILE NAME:   <out_of_box_6843_isk_dss_4_00_00_05.xe674>
ENTRY POINT SYMBOL: "_c_int00"  address: 007fada0


MEMORY CONFIGURATION

         name            origin    length      used     unused   attr    fill
----------------------  --------  ---------  --------  --------  ----  --------
PAGE 0:
  L2SRAM_UMAP1          007e0000   00020000  0001fc20  000003e0  RWIX
  L2SRAM_UMAP0          00800000   00020000  0001b668  00004998  RWIX
  L1PSRAM               00e00000   00004000  00000000  00004000  RWIX
  L1DSRAM               00f00000   00004000  00004000  00000000  RWIX
  L3SRAM                20000000   000c0000  000c0000  00000000  RWIX
  HWA_RAM               21030000   00010000  00000000  00010000  RWIX
  HSRAM                 21080000   00008000  00008000  00000000  RWIX

PAGE 1:
  L3SRAM                20000000   000c0000  00000000  000c0000  RWIX


SEGMENT ALLOCATION MAP

run origin  load origin   length   init length attrs members
----------  ----------- ---------- ----------- ----- -------
007e0000    007e0000    0001fc20   0001fc20    r-x
  007e0000    007e0000    00000200   00000200    r-x .vecs
  007e0200    007e0200    0001fa20   0001fa20    r-x .text
00800000    00800000    00017168   00000000    rw-
  00800000    00800000    0000c400   00000000    rw- .dpc_l2Heap
  0080c400    0080c400    00008000   00000000    rw- systemHeap
  00814400    00814400    00002564   00000000    rw- .far
  00816968    00816968    00000800   00000000    rw- .stack
00817168    00817168    00003468   00003468    r--
  00817168    00817168    00003468   00003468    r-- .const
0081a5d0    0081a5d0    00000fc8   00000ea4    rw-
  0081a5d0    0081a5d0    00000ea4   00000ea4    rw- .fardata
  0081b478    0081b478    00000120   00000000    rw- .cio
0081b598    0081b598    000000c4   000000c4    r--
  0081b598    0081b598    000000c4   000000c4    r-- .switch
0081b65c    0081b65c    00000004   00000000    rw-
  0081b65c    0081b65c    00000004   00000000    rw- .bss
0081b660    0081b660    00000010   00000010    rw-
  0081b660    0081b660    00000010   00000010    rw- .neardata
00f00000    00f00000    00004000   00000000    rw-
  00f00000    00f00000    00004000   00000000    rw- .dpc_l1Heap
20000000    20000000    000c0000   00000000    rw-
  20000000    20000000    000c0000   00000000    rw- .l3ram
21080000    21080000    00008000   00000000    rw-
  21080000    21080000    00008000   00000000    rw- .demoSharedMem


SECTION ALLOCATION MAP

 output                                  attributes/
section   page    origin      length       input sections
--------  ----  ----------  ----------   ----------------
.vecs      0    007e0000    00000200     
                  007e0000    00000200     mmw_dss_pe674.oe674 (.vecs)

.stack     0    00816968    00000800     UNINITIALIZED
                  00816968    00000008     boot.ae674 : boot.oe674 (.stack)
                  00816970    000007f8     --HOLE--

.cinit     0    00800000    00000000     UNINITIALIZED

.text      0    007e0200    0001fa20     
                  007e0200    00000ba0     sysbios.ae674 : BIOS.obj (.text:xdc_runtime_System_doPrint__I)
                  007e0da0    00000960     libaoaproc_dsp_xwr68xx.ae674 : aoaprocdsp.oe674 (.text:AoAProcDSP_processMultipleVirtualAntennas)
                  007e1700    000007c0     objectdetection.oe674 (.text:DPC_ObjectDetection_ioctl)
                  007e1ec0    00000780     sysbios.ae674 : BIOS.obj (.text:ti_sysbios_family_c64p_Exception_handler__I)
                  007e2640    00000740     objectdetection.oe674 (.text:DPC_ObjDetDSP_rangeBiasRxChPhaseMeasure)
                  007e2d80    000006a0     libmmwavealg_xwr68xx.ae674 : mmwavelib_cfarca_sogo.oe674 (.text:mmwavelib_cfarCadB_SOGO_wNoise)
                  007e3420    000006a0     sysbios.ae674 : BIOS.obj (.text:ti_sysbios_knl_Semaphore_pend__E)
                  007e3ac0    00000680                   : BIOS.obj (.text:ti_sysbios_heaps_HeapMem_allocUnprotected__E)
                  007e4140    00000660                   : BIOS.obj (.text:ti_sysbios_heaps_HeapMem_freeUnprotected__E)
                  007e47a0    000005e0     rts6740_elf.lib : divd.c.obj (.text:__c6xabi_divd)
                  007e4d80    000005c0     libdopplerproc_dsp_xwr68xx.ae674 : dopplerprocdsp.oe674 (.text:DPU_DopplerProcDSP_process)
                  007e5340    000005a0     sysbios.ae674 : BIOS.obj (.text:ti_sysbios_knl_Task_Instance_finalize__E)
                  007e58e0    00000580     libmmwavealg_xwr68xx.ae674 : mmwavelib_peakpruning.oe674 (.text:mmwavelib_cfarPeakQualifiedInOrderPruning)
                  007e5e60    00000560     libaoaproc_dsp_xwr68xx.ae674 : aoaprocdsp.oe674 (.text:DPU_AoAProcDSP_config)
                  007e63c0    000004e0     objectdetection.oe674 (.text:DPC_ObjDetDSP_AoAconfig)
                  007e68a0    000004e0     objectdetection.oe674 (.text:DPC_ObjDetDSP_preStartConfig)
                  007e6d80    000004e0     libmmwavealg_xwr68xx.ae674 : mmwavelib_windowcoef_gen.oe674 (.text:mmwavelib_windowCoef_gen)
                  007e7260    000004a0     libdopplerproc_dsp_xwr68xx.ae674 : dopplerprocdsp.oe674 (.text:DPU_DopplerProcDSP_config)
                  007e7700    00000480     dss_main.oe674 (.text:MmwDemo_DPC_ObjectDetection_dpmTask)
                  007e7b80    00000460     libmmwavealg_xwr68xx.ae674 : mmwavelib_cfarca.oe674 (.text:mmwavelib_cfarCadBwrap_wNoise)
                  007e7fe0    00000440     libcfarcaproc_dsp_xwr68xx.ae674 : cfarcaprocdsp.oe674 (.text:CFARCADSP_processRangeDomain)
                  007e8420    00000440     sysbios.ae674 : BIOS.obj (.text:ti_sysbios_knl_Task_Instance_init__E)
                  007e8860    00000420     libmailbox_xwr68xx.ae674 : mailbox.oe674 (.text:Mailbox_open)
                  007e8c80    000003e0     libaoaproc_dsp_xwr68xx.ae674 : aoaprocdsp.oe674 (.text:AoAProcDSP_RangeAzimuthHeatmap)
                  007e9060    000003e0     libmmwavealg_xwr68xx.ae674 : mmwavelib_peakpruning.oe674 (.text:mmwavelib_cfarPeakPruning)
                  007e9440    000003e0     sysbios.ae674 : BIOS.obj (.text:ti_sysbios_knl_Task_sleep__E)
                  007e9820    000003e0                   : BIOS.obj (.text:ti_sysbios_utils_Load_updateThreadContexts__E)
                  007e9c00    000003a0     libcfarcaproc_dsp_xwr68xx.ae674 : cfarcaprocdsp.oe674 (.text:DPU_CFARCAProcDSP_process)
                  007e9fa0    000003a0     libedma_xwr68xx.ae674 : edma.oe674 (.text:EDMA_paramConfig_assist)
                  007ea340    00000380     dsplib.ae64P : DSP_fft32x32_sa.oe64P (.text:psa)
                  007ea6c0    00000360     libdpm_xwr68xx.ae674 : dpm_core.oe674 (.text:DPM_init)
                  007eaa20    00000360                          : dpm_msg.oe674 (.text:DPM_msgRecv)
                  007ead80    00000340     libcfarcaproc_dsp_xwr68xx.ae674 : cfarcaprocdsp.oe674 (.text:CFARCADSP_processDopplerDomain)
                  007eb0c0    00000320     libedma_xwr68xx.ae674 : edma.oe674 (.text:EDMA_configChannel)
                  007eb3e0    00000300     sysbios.ae674 : BIOS.obj (.text:xdc_runtime_LoggerBuf_write8__E)
                  007eb6e0    000002e0     rts6740_elf.lib : sin.c.obj (.text:sin)
                  007eb9c0    000002e0     sysbios.ae674 : BIOS.obj (.text:ti_sysbios_heaps_HeapMem_Instance_init__E)
                  007ebca0    000002e0                   : BIOS.obj (.text:xdc_runtime_Core_createObject__I)
                  007ebf80    000002c0     libaoaproc_dsp_xwr68xx.ae674 : aoaprocdsp.oe674 (.text:AoAProcDSP_XYZestimation)
                  007ec240    000002c0                                  : aoaprocdsp.oe674 (.text:AoAProcDSP_dopplerCompensation)
                  007ec500    000002c0     objectdetection.oe674 (.text:DPC_ObjDetDSP_dopplerConfig)
                  007ec7c0    000002c0     libedma_xwr68xx.ae674 : edma.oe674 (.text:EDMA_configErrorMonitoring)
                  007eca80    000002c0                           : edma.oe674 (.text:EDMA_open)
                  007ecd40    000002c0     sysbios.ae674 : BIOS.obj (.text:ti_sysbios_knl_Task_postInit__I)
                  007ed000    000002c0                   : BIOS.obj (.text:ti_sysbios_timers_rti_Timer_Module_startup__E)
                  007ed2c0    000002a0     libaoaproc_dsp_xwr68xx.ae674 : aoaprocdsp.oe674 (.text:DPU_AoAProcDSP_control)
                  007ed560    000002a0     sysbios.ae674 : BIOS.obj (.text:ti_sysbios_family_c64p_EventCombiner_dispatch__E)
                  007ed800    000002a0                   : BIOS.obj (.text:ti_sysbios_timers_rti_Timer_getFreq__E)
                  007edaa0    00000280     libcfarcaproc_dsp_xwr68xx.ae674 : cfarcaprocdsp.oe674 (.text:DPU_CFARCAProcDSP_config)
                  007edd20    00000280     rts6740_elf.lib : divf.c.obj (.text:__c6xabi_divf)
                  007edfa0    00000280     sysbios.ae674 : BIOS.obj (.text:ti_sysbios_family_c64p_Cache_Module_startup__E)
                  007ee220    00000280                   : BIOS.obj (.text:xdc_runtime_Startup_startMods__I)
                  007ee4a0    00000260     dss_main.oe674 (.text:MmwDemo_dssInitTask)
                  007ee700    00000260     rts6740_elf.lib : imath64.c.obj (.text:__c6xabi_divull)
                  007ee960    00000260     sysbios.ae674 : BIOS.obj (.text:ti_sysbios_gates_GateMutex_enter__E)
                  007eebc0    00000240     objectdetection.oe674 (.text:DPC_ObjectDetection_execute)
                  007eee00    00000240     libcfarcaproc_dsp_xwr68xx.ae674 : cfarcaprocdsp.oe674 (.text:DPU_CFARCAProcDSP_control)
                  007ef040    00000240     libedma_xwr68xx.ae674 : edma.oe674 (.text:EDMA_transferComplete_isr)
                  007ef280    00000240     sysbios.ae674 : BIOS.obj (.text:ti_sysbios_family_c64p_Exception_internalHandler__I)
                  007ef4c0    00000240                   : BIOS.obj (.text:xdc_runtime_Error_policyDefault__E)
                  007ef700    00000240     mmw_dss_pe674.oe674 (.text:xdc_runtime_System_printfExtend__I)
                  007ef940    00000220     objectdetection.oe674 (.text:DPC_ObjDetDSP_CFARCAconfig)
                  007efb60    00000220     libaoaproc_dsp_xwr68xx.ae674 : aoaprocdsp.oe674 (.text:DPU_AoAProcDSP_process)
                  007efd80    00000220     libmailbox_xwr68xx.ae674 : mailbox.oe674 (.text:Mailbox_write)
                  007effa0    00000220     sysbios.ae674 : BIOS.obj (.text:ti_sysbios_family_c64p_EventCombiner_dispatchPlug__E)
                  007f01c0    00000220                   : BIOS.obj (.text:ti_sysbios_family_c64p_EventCombiner_enableEvent__E)
                  007f03e0    00000220                   : BIOS.obj (.text:xdc_runtime_LoggerBuf_write4__E)
                  007f0600    00000200     libdpm_xwr68xx.ae674 : dpm_msg.oe674 (.text:DPM_msgResultHandler)
                  007f0800    00000200     sysbios.ae674 : c64p_Hwi_disp_always.obj (.text:_ti_sysbios_family_c64p_Hwi_dispatchAlways)
                  007f0a00    00000200     rts6740_elf.lib : atan.c.obj (.text:atan)
                  007f0c00    00000200     libmmwavealg_xwr68xx.ae674 : mmwavelib_log2abs.oe674 (.text:mmwavelib_log2Abs32)
                  007f0e00    00000200     sysbios.ae674 : BIOS.obj (.text:ti_sysbios_family_c64p_EventCombiner_disableEvent__E)
                  007f1000    00000200                   : BIOS.obj (.text:ti_sysbios_utils_Load_idleFxn__E)
                  007f1200    00000200                   : BIOS.obj (.text:xdc_runtime_Core_constructObject__I)
                  007f1400    000001e0     objectdetection.oe674 (.text:DPC_ObjectDetection_init)
                  007f15e0    000001e0     libedma_xwr68xx.ae674 : edma.oe674 (.text:EDMA_init)
                  007f17c0    000001e0     libmmwavealg_xwr68xx.ae674 : mmwavelib_ffttwiddle_gen.oe674 (.text:mmwavelib_gen_twiddle_smallfft_32x32)
                  007f19a0    000001e0     sysbios.ae674 : BIOS.obj (.text:ti_sysbios_knl_Semaphore_post__E)
                  007f1b80    000001c0     libdpedma_hwa_xwr68xx.ae674 : dpedma.oe674 (.text:DPEDMA_configSyncAB)
                  007f1d40    000001c0                                 : dpedma.oe674 (.text:DPEDMA_configSyncA_singleFrame)
                  007f1f00    000001c0     libmailbox_xwr68xx.ae674 : mailbox.oe674 (.text:Mailbox_read)
                  007f20c0    000001c0     libsoc_xwr68xx.ae674 : soc.oe674 (.text:SOC_deregisterSysIntListener)
                  007f2280    000001c0     rts6740_elf.lib : atan2.c.obj (.text:atan2)
                  007f2440    000001c0                     : fputc.c.obj (.text:fputc)
                  007f2600    000001c0                     : frexp.c.obj (.text:frexp)
                  007f27c0    000001c0     libmmwavealg_xwr68xx.ae674 : mmwavelib_secondpeak.oe674 (.text:mmwavelib_secondPeakSearch)
                  007f2980    000001c0     rts6740_elf.lib : setvbuf.c.obj (.text:setvbuf)
                  007f2b40    000001c0     sysbios.ae674 : BIOS.obj (.text:ti_sysbios_knl_Swi_restoreHwi__E)
                  007f2d00    000001c0                   : BIOS.obj (.text:ti_sysbios_knl_Task_checkStacks__E)
                  007f2ec0    000001c0                   : BIOS.obj (.text:xdc_runtime_Text_putSite__E)
                  007f3080    000001a0     rts6740_elf.lib : hostrename.c.obj (.text:HOSTrename)
                  007f3220    000001a0     sysbios.ae674 : BIOS.obj (.text:ti_sysbios_family_c64p_Cache_getL2InitSize__I)
                  007f33c0    000001a0                   : BIOS.obj (.text:ti_sysbios_heaps_HeapBuf_Module_startup__E)
                  007f3560    000001a0                   : BIOS.obj (.text:ti_sysbios_knl_Swi_runLoop__I)
                  007f3700    000001a0                   : BIOS.obj (.text:ti_sysbios_knl_Task_exit__E)
                  007f38a0    000001a0                   : BIOS.obj (.text:ti_sysbios_timers_rti_Timer_startup__E)
                  007f3a40    00000180     libdpm_xwr68xx.ae674 : dpm_core.oe674 (.text:DPM_deinit)
                  007f3bc0    00000180                          : dpm_core.oe674 (.text:DPM_ioctl)
                  007f3d40    00000180     dss_main.oe674 (.text:MmwDemo_sensorStopEpilog)
                  007f3ec0    00000180     sysbios.ae674 : c64p_Exception_asm.obj (.text)
                  007f4040    00000180                   : BIOS.obj (.text:ti_sysbios_knl_Task_schedule__I)
                  007f41c0    00000180                   : BIOS.obj (.text:ti_sysbios_utils_Load_startup__E)
                  007f4340    00000160     libdpm_xwr68xx.ae674 : dpm_msg.oe674 (.text:DPM_msgResponseHandler)
                  007f44a0    00000160     libedma_xwr68xx.ae674 : edma.oe674 (.text:EDMA_getErrorStatusInfo)
                  007f4600    00000160     libmailbox_xwr68xx.ae674 : mailbox.oe674 (.text:Mailbox_close)
                  007f4760    00000160     libsoc_xwr68xx.ae674 : soc.oe674 (.text:SOC_registerSysIntListener)
                  007f48c0    00000160                          : soc_xwr68xx.oe674 (.text:SOC_ungateClock)
                  007f4a20    00000160     rts6740_elf.lib : sqrt.c.obj (.text:sqrt)
                  007f4b80    00000160     sysbios.ae674 : BIOS.obj (.text:ti_sysbios_family_c64p_Cache_getL1DInitSize__I)
                  007f4ce0    00000160                   : BIOS.obj (.text:ti_sysbios_family_c64p_Cache_getL1PInitSize__I)
                  007f4e40    00000160                   : BIOS.obj (.text:ti_sysbios_family_c64p_Hwi_Module_startup__E)
                  007f4fa0    00000160                   : BIOS.obj (.text:xdc_runtime_Core_deleteObject__I)
                  007f5100    00000160                   : BIOS.obj (.text:xdc_runtime_LoggerBuf_getFilterLevel__E)
                  007f5260    00000160                   : BIOS.obj (.text:xdc_runtime_LoggerBuf_setFilterLevel__E)
                  007f53c0    00000140     libaoaproc_dsp_xwr68xx.ae674 : aoaprocdsp.oe674 (.text:AoAProcDSP_ConvertFov)
                  007f5500    00000140     libedma_xwr68xx.ae674 : edma_low_level.oe674 (.text:EDMA3Init)
                  007f5640    00000140                           : edma.oe674 (.text:EDMA_clearErrors)
                  007f5780    00000140     libsoc_xwr68xx.ae674 : soc.oe674 (.text:SOC_init)
                  007f58c0    00000140     sysbios.ae674 : BIOS.obj (.text:ti_sysbios_knl_Semaphore_Instance_init__E)
                  007f5a00    00000140                   : BIOS.obj (.text:ti_sysbios_knl_Task_Module_startup__E)
                  007f5b40    00000140                   : BIOS.obj (.text:ti_sysbios_knl_Task_startCore__E)
                  007f5c80    00000140                   : BIOS.obj (.text:ti_sysbios_timers_rti_Timer_initDevice__I)
                  007f5dc0    00000140                   : BIOS.obj (.text:ti_sysbios_utils_Load_addTask__E)
                  007f5f00    00000140                   : BIOS.obj (.text:ti_sysbios_utils_Load_updateLoads__E)
                  007f6040    00000140                   : BIOS.obj (.text:xdc_runtime_Memory_alloc__E)
                  007f6180    00000140                   : BIOS.obj (.text:xdc_runtime_Text_putLab__E)
                  007f62c0    00000140                   : BIOS.obj (.text:xdc_runtime_Text_putMod__E)
                  007f6400    00000140                   : BIOS.obj (.text:xdc_runtime_Text_visitRope2__I)
                  007f6540    00000120     objectdetection.oe674 (.text:DPC_ObjDetDSP_GetRxChPhaseComp)
                  007f6660    00000120     libdpm_xwr68xx.ae674 : dpm_msg.oe674 (.text:DPM_msgDPCCfgHandler)
                  007f6780    00000120     libedma_xwr68xx.ae674 : edma.oe674 (.text:EDMA_configParamSet)
                  007f68a0    00000120     dss_main.oe674 (.text:MmwDemo_DPC_ObjectDetection_reportFxn)
                  007f69c0    00000120     boot.ae674 : autoinit.oe674 (.text:_auto_init_elf)
                  007f6ae0    00000120     rts6740_elf.lib : getdevice.c.obj (.text:getdevice)
                  007f6c00    00000120     mathlib.ae674 : cossp.oe674 (.text:optasm)
                  007f6d20    00000120                   : sinsp.oe674 (.text:optasm)
                  007f6e40    00000120     sysbios.ae674 : BIOS.obj (.text:ti_sysbios_knl_Clock_workFunc__E)
                  007f6f60    00000120                   : BIOS.obj (.text:ti_sysbios_timers_rti_Timer_setPeriodMicroSecs__E)
                  007f7080    00000120                   : BIOS.obj (.text:ti_sysbios_utils_Load_taskCreateHook__E)
                  007f71a0    00000120                   : BIOS.obj (.text:ti_sysbios_utils_Load_taskDeleteHook__E)
                  007f72c0    00000100     libmailbox_xwr68xx.ae674 : mailbox.oe674 (.text:Mailbox_readFlush)
                  007f73c0    00000100     libsoc_xwr68xx.ae674 : soc_xwr68xx_dss.oe674 (.text:SOC_deviceInit)
                  007f74c0    00000100                          : soc_xwr68xx.oe674 (.text:SOC_translateAddress)
                  007f75c0    00000100     rts6740_elf.lib : fclose.c.obj (.text:__TI_closefile)
                  007f76c0    00000100                     : fflush.c.obj (.text:fflush)
                  007f77c0    00000100                     : fseek.c.obj (.text:fseek)
                  007f78c0    00000100     dss_main.oe674 (.text:main)
                  007f79c0    00000100     libmmwavealg_xwr68xx.ae674 : mmwavelib_dftsinglebin.oe674 (.text:mmwavelib_dftSinCosTabelGen)
                  007f7ac0    00000100     sysbios.ae674 : BIOS.obj (.text:xdc_runtime_Error_print__E)
                  007f7bc0    00000100                   : BIOS.obj (.text:xdc_runtime_Startup_exec__E)
                  007f7cc0    000000e0     objectdetection.oe674 (.text:DPC_ObjDetDSP_reconfigSubFrame)
                  007f7da0    000000e0     libdpm_xwr68xx.ae674 : dpm_core.oe674 (.text:DPM_execute)
                  007f7e80    000000e0                          : dpm_pipe.oe674 (.text:DPM_pipeSend)
                  007f7f60    000000e0     libedma_xwr68xx.ae674 : edma.oe674 (.text:EDMA_error_isr)
                  007f8040    000000e0                           : edma.oe674 (.text:EDMA_isTransferComplete)
                  007f8120    000000e0     rts6740_elf.lib : hostlseek.c.obj (.text:HOSTlseek)
                  007f8200    000000e0                     : hostopen.c.obj (.text:HOSTopen)
                  007f82e0    000000e0                     : hostwrite.c.obj (.text:HOSTwrite)
                  007f83c0    000000e0     libmailbox_xwr68xx.ae674 : mailbox.oe674 (.text:Mailbox_boxFullISRMssDss)
                  007f84a0    000000e0                              : mailbox.oe674 (.text:Mailbox_init)
                  007f8580    000000e0     rts6740_elf.lib : _io_perm.c.obj (.text:__TI_wrt_ok)
                  007f8660    000000e0                     : divi.asm.obj (.text:__divi)
                  007f8740    000000e0                     : close.c.obj (.text:close)
                  007f8820    000000e0                     : exit.c.obj (.text:exit)
                  007f8900    000000e0                     : memset.c.obj (.text:memset)
                  007f89e0    000000e0     sysbios.ae674 : BIOS.obj (.text:ti_sysbios_utils_Load_updateCurrentThreadTime__E)
                  007f8ac0    000000c0     libaoaproc_dsp_xwr68xx.ae674 : aoaprocdsp.oe674 (.text:AoAProcDSP_computeHeatMapVal)
                  007f8b80    000000c0     libcfarcaproc_dsp_xwr68xx.ae674 : cfarcaprocdsp.oe674 (.text:CFARCADSP_saveConfiguration)
                  007f8c40    000000c0     objectdetection.oe674 (.text:DPC_ObjectDetection_deinit)
                  007f8d00    000000c0     libdpm_xwr68xx.ae674 : dpm_mailbox.oe674 (.text:DPM_mboxRemoteMailboxCallbackFxn)
                  007f8dc0    000000c0                          : dpm_core.oe674 (.text:DPM_sendResult)
                  007f8e80    000000c0     libdopplerproc_dsp_xwr68xx.ae674 : dopplerprocdsp.oe674 (.text:DPU_DopplerProcDSP_log2AbsAccum)
                  007f8f40    000000c0     libedma_xwr68xx.ae674 : edma.oe674 (.text:EDMA_startDmaTransfer)
                  007f9000    000000c0     rts6740_elf.lib : hostread.c.obj (.text:HOSTread)
                  007f90c0    000000c0                     : hostunlink.c.obj (.text:HOSTunlink)
                  007f9180    000000c0     libmailbox_xwr68xx.ae674 : mailbox.oe674 (.text:Mailbox_boxFullISRProcessing)
                  007f9240    000000c0     dss_main.oe674 (.text:MmwDemo_edmaOpen)
                  007f9300    000000c0     objectdetection.oe674 (.text:_DPC_Objdet_Assert)
                  007f93c0    000000c0     rts6740_elf.lib : fflush.c.obj (.text:__TI_doflush)
                  007f9480    000000c0                     : divu.asm.obj (.text:__divu)
                  007f9540    000000c0     libmmwavealg_xwr68xx.ae674 : mmwavelib_maxpow.oe674 (.text:mmwavelib_maxpow)
                  007f9600    000000c0                                : mmwavelib_maxpow.oe674 (.text:mmwavelib_powerAndMax)
                  007f96c0    000000c0     rts6740_elf.lib : modf.c.obj (.text:modf)
                  007f9780    000000c0     sysbios.ae674 : BIOS.obj (.text:ti_sysbios_family_c64p_Hwi_dispatchCore__I)
                  007f9840    000000c0                   : BIOS.obj (.text:ti_sysbios_heaps_HeapMem_alloc__E)
                  007f9900    000000c0                   : BIOS.obj (.text:ti_sysbios_heaps_HeapMem_getStats__E)
                  007f99c0    000000c0                   : BIOS.obj (.text:ti_sysbios_knl_Swi_schedule__I)
                  007f9a80    000000c0                   : BIOS.obj (.text:ti_sysbios_knl_Task_allBlockedFunction__I)
                  007f9b40    000000c0     mmw_dss_pe674.oe674 (.text:ti_sysbios_knl_Task_create)
                  007f9c00    000000c0     sysbios.ae674 : BIOS.obj (.text:ti_sysbios_knl_Task_stat__E)
                  007f9cc0    000000c0                   : BIOS.obj (.text:ti_sysbios_utils_Load_taskSwitchHook__E)
                  007f9d80    000000c0     rts6740_elf.lib : tls.c.obj (.text:tls:init:__TI_tls_init)
                  007f9e40    000000c0     sysbios.ae674 : BIOS.obj (.text:xdc_runtime_Assert_raise__I)
                  007f9f00    000000c0                   : BIOS.obj (.text:xdc_runtime_LoggerBuf_Instance_init__E)
                  007f9fc0    000000c0     mmw_dss_pe674.oe674 (.text:xdc_runtime_LoggerBuf_Object__create__S)
                  007fa080    000000a0     libcfarcaproc_dsp_xwr68xx.ae674 : cfarcaprocdsp.oe674 (.text:CFARCADSP_configEDMARangeDomain)
                  007fa120    000000a0                                     : cfarcaprocdsp.oe674 (.text:CFARCADSP_fovConvertDoppler)
                  007fa1c0    000000a0     objectdetection.oe674 (.text:DPC_ObjDetDSP_GenDopplerWindow)
                  007fa260    000000a0     objectdetection.oe674 (.text:DPC_ObjectDetection_frameStart)
                  007fa300    000000a0     objectdetection.oe674 (.text:DPC_ObjectDetection_start)
                  007fa3a0    000000a0     libdpedma_hwa_xwr68xx.ae674 : dpedma.oe674 (.text:DPEDMA_setup_shadow_link)
                  007fa440    000000a0     libdpm_xwr68xx.ae674 : dpm_mailbox.oe674 (.text:DPM_mboxInit)
                  007fa4e0    000000a0                          : dpm_msg.oe674 (.text:DPM_msgStartHandler)
                  007fa580    000000a0                          : dpm_msg.oe674 (.text:DPM_msgStopHandler)
                  007fa620    000000a0                          : dpm_core.oe674 (.text:DPM_notifyExecute)
                  007fa6c0    000000a0                          : dpm_pipe.oe674 (.text:DPM_pipeRecv)
                  007fa760    000000a0     libedma_xwr68xx.ae674 : edma_low_level.oe674 (.text:EDMA3EnableChInShadowReg)
                  007fa800    000000a0                           : edma.oe674 (.text:EDMA_disableChannel)
                  007fa8a0    000000a0                           : edma.oe674 (.text:EDMA_enableChannel)
                  007fa940    000000a0                           : edma.oe674 (.text:EDMA_transferController_error_isr)
                  007fa9e0    000000a0     rts6740_elf.lib : hostclose.c.obj (.text:HOSTclose)
                  007faa80    000000a0     libmailbox_xwr68xx.ae674 : mailbox.oe674 (.text:Mailbox_boxEmptyISRProcessing)
                  007fab20    000000a0     libsoc_xwr68xx.ae674 : soc.oe674 (.text:SOC_SystemISR)
                  007fabc0    000000a0     rts6740_elf.lib : fopen.c.obj (.text:__TI_cleanup)
                  007fac60    000000a0                     : round.c.obj (.text:__c6xabi_nround)
                  007fad00    000000a0                     : remu.asm.obj (.text:__remu)
                  007fada0    000000a0     boot.ae674 : boot.oe674 (.text:_c_int00)
                  007fae40    000000a0     rts6740_elf.lib : getdevice.c.obj (.text:finddevice)
                  007faee0    000000a0                     : memcpy64.asm.obj (.text:memcpy)
                  007faf80    000000a0     libmmwavealg_xwr68xx.ae674 : mmwavelib_vecsum.oe674 (.text:mmwavelib_vecsum)
                  007fb020    000000a0                                : mmwavelib_windowing.oe674 (.text:mmwavelib_windowing16x32_IQswap)
                  007fb0c0    000000a0     mathlib.ae674 : sqrtsp.oe674 (.text:optasm)
                  007fb160    000000a0     sysbios.ae674 : BIOS.obj (.text:ti_sysbios_family_c64p_Exception_Module_startup__E)
                  007fb200    000000a0                   : BIOS.obj (.text:ti_sysbios_family_c64p_Hwi_dispatchC__I)
                  007fb2a0    000000a0                   : BIOS.obj (.text:ti_sysbios_family_c64p_Hwi_getStackInfo__E)
                  007fb340    000000a0                   : BIOS.obj (.text:ti_sysbios_hal_Hwi_checkStack)
                  007fb3e0    000000a0                   : BIOS.obj (.text:ti_sysbios_knl_Semaphore_pendTimeout__I)
                  007fb480    000000a0                   : BIOS.obj (.text:xdc_runtime_Core_assignLabel__I)
                  007fb520    000000a0                   : BIOS.obj (.text:xdc_runtime_Core_assignParams__I)
                  007fb5c0    000000a0                   : BIOS.obj (.text:xdc_runtime_LoggerBuf_Module_startup__E)
                  007fb660    000000a0                   : BIOS.obj (.text:xdc_runtime_System_atexit__E)
                  007fb700    000000a0                   : BIOS.obj (.text:xdc_runtime_System_exit__E)
                  007fb7a0    000000a0                   : BIOS.obj (.text:xdc_runtime_Text_printVisFxn__I)
                  007fb840    000000a0                   : BIOS.obj (.text:xdc_runtime_Text_xprintf__I)
                  007fb8e0    00000080     libaoaproc_dsp_xwr68xx.ae674 : aoaprocdsp.oe674 (.text:AoAProcDSP_waitInData)
                  007fb960    00000080     libcfarcaproc_dsp_xwr68xx.ae674 : cfarcaprocdsp.oe674 (.text:CFARCADSP_fovConvertRange)
                  007fb9e0    00000080     objectdetection.oe674 (.text:DPC_ObjectDetection_stop)
                  007fba60    00000080     libdpm_xwr68xx.ae674 : dpm_mailbox.oe674 (.text:DPM_mboxSendResult)
                  007fbae0    00000080                          : dpm_pipe.oe674 (.text:DPM_pipeDeinit)
                  007fbb60    00000080                          : dpm_pipe.oe674 (.text:DPM_pipeInit)
                  007fbbe0    00000080                          : dpm_core.oe674 (.text:DPM_synch)
                  007fbc60    00000080     libcfarcaproc_dsp_xwr68xx.ae674 : cfarcaprocdsp.oe674 (.text:DPU_CFARCAProcDSP_init)
                  007fbce0    00000080     libdopplerproc_dsp_xwr68xx.ae674 : dopplerprocdsp.oe674 (.text:DPU_DopplerProcDSP_control)
                  007fbd60    00000080                                      : dopplerprocdsp.oe674 (.text:DPU_DopplerProcDSP_init)
                  007fbde0    00000080     libedma_xwr68xx.ae674 : edma_low_level.oe674 (.text:EDMA3MapChToEvtQ)
                  007fbe60    00000080                           : edma.oe674 (.text:EDMA_getTransferControllerErrorStatusInfo)
                  007fbee0    00000080                           : edma.oe674 (.text:EDMA_linkParamSets)
                  007fbf60    00000080     libosal_xwr68xx.ae674 : SemaphoreP_tirtos.oe674 (.text:SemaphoreP_create)
                  007fbfe0    00000080     rts6740_elf.lib : trgmsg.c.obj (.text:__TI_readmsg)
                  007fc060    00000080                     : llshift.c.obj (.text:__c6xabi_llshl)
                  007fc0e0    00000080     sysbios.ae674 : c62_TaskSupport_asm.obj (.text:_ti_sysbios_family_c62_TaskSupport_swap__E)
                  007fc160    00000080     mmw_dss_pe674.oe674 (.text:ti_sysbios_BIOS_atExitFunc__I)
                  007fc1e0    00000080     mmw_dss_pe674.oe674 (.text:ti_sysbios_BIOS_registerRTSLock__I)
                  007fc260    00000080     mmw_dss_pe674.oe674 (.text:ti_sysbios_gates_GateHwi_Object__create__S)
                  007fc2e0    00000080     mmw_dss_pe674.oe674 (.text:ti_sysbios_gates_GateMutex_Object__create__S)
                  007fc360    00000080     mmw_dss_pe674.oe674 (.text:ti_sysbios_heaps_HeapMem_Object__create__S)
                  007fc3e0    00000080     sysbios.ae674 : BIOS.obj (.text:ti_sysbios_heaps_HeapMem_init__I)
                  007fc460    00000080     mmw_dss_pe674.oe674 (.text:ti_sysbios_knl_Clock_doTick__I)
                  007fc4e0    00000080     sysbios.ae674 : BIOS.obj (.text:ti_sysbios_knl_Idle_run__E)
                  007fc560    00000080     mmw_dss_pe674.oe674 (.text:ti_sysbios_knl_Semaphore_create)
                  007fc5e0    00000080     sysbios.ae674 : BIOS.obj (.text:ti_sysbios_knl_Swi_post__E)
                  007fc660    00000080                   : BIOS.obj (.text:ti_sysbios_knl_Swi_startup__E)
                  007fc6e0    00000080                   : BIOS.obj (.text:ti_sysbios_knl_Task_processVitalTaskFlag__I)
                  007fc760    00000080                   : BIOS.obj (.text:ti_sysbios_knl_Task_restore__E)
                  007fc7e0    00000080                   : BIOS.obj (.text:ti_sysbios_knl_Task_sleepTimeout__I)
                  007fc860    00000080     mmw_dss_pe674.oe674 (.text:ti_sysbios_rts_MemAlloc_alloc)
                  007fc8e0    00000080     sysbios.ae674 : BIOS.obj (.text:ti_sysbios_timers_rti_Timer_setPeriod__E)
                  007fc960    00000080                   : BIOS.obj (.text:ti_sysbios_timers_rti_Timer_stop__E)
                  007fc9e0    00000080     rts6740_elf.lib : unlink.c.obj (.text:unlink)
                  007fca60    00000080     sysbios.ae674 : BIOS.obj (.text:xdc_runtime_System_avprintf__E)
                  007fcae0    00000080                   : BIOS.obj (.text:xdc_runtime_System_vprintf__E)
                  007fcb60    00000060     libcfarcaproc_dsp_xwr68xx.ae674 : cfarcaprocdsp.oe674 (.text:CFARCADSP_waitEDMATransComplete)
                  007fcbc0    00000060     objectdetection.oe674 (.text:DPC_ObjDetDSP_MemPoolAlloc)
                  007fcc20    00000060     libdpm_xwr68xx.ae674 : dpm_listlib.oe674 (.text:DPM_listCat)
                  007fcc80    00000060                          : dpm_mailbox.oe674 (.text:DPM_mboxDeinit)
                  007fcce0    00000060                          : dpm_msg.oe674 (.text:DPM_msgInitHeader)
                  007fcd40    00000060     libaoaproc_dsp_xwr68xx.ae674 : aoaprocdsp.oe674 (.text:DPU_AoAProcDSP_deinit)
                  007fcda0    00000060                                  : aoaprocdsp.oe674 (.text:DPU_AoAProcDSP_init)
                  007fce00    00000060     libcfarcaproc_dsp_xwr68xx.ae674 : cfarcaprocdsp.oe674 (.text:DPU_CFARCAProcDSP_deinit)
                  007fce60    00000060     libdopplerproc_dsp_xwr68xx.ae674 : dopplerprocdsp.oe674 (.text:DPU_DopplerProcDSP_deinit)
                  007fcec0    00000060                                      : dopplerprocdsp.oe674 (.text:DPU_DopplerProcDSP_waitInData)
                  007fcf20    00000060                                      : dopplerprocdsp.oe674 (.text:DPU_DopplerProcDSP_waitTransDetMatrix)
                  007fcf80    00000060     libedma_xwr68xx.ae674 : edma_low_level.oe674 (.text:EDMA3ClrEvt)
                  007fcfe0    00000060                           : edma_low_level.oe674 (.text:EDMA3ClrIntr)
                  007fd040    00000060                           : edma_low_level.oe674 (.text:EDMA3ClrMissEvt)
                  007fd0a0    00000060                           : edma_low_level.oe674 (.text:EDMA3DisableDmaEvt)
                  007fd100    00000060                           : edma_low_level.oe674 (.text:EDMA3DisableEvtIntr)
                  007fd160    00000060                           : edma_low_level.oe674 (.text:EDMA3EnableDmaEvt)
                  007fd1c0    00000060                           : edma_low_level.oe674 (.text:EDMA3EnableEvtIntr)
                  007fd220    00000060                           : edma_low_level.oe674 (.text:EDMA3SetEvt)
                  007fd280    00000060                           : edma.oe674 (.text:EDMA_configTransferControllerError)
                  007fd2e0    00000060                           : edma.oe674 (.text:EDMA_setSourceAddress)
                  007fd340    00000060                           : edma.oe674 (.text:EDMA_validate_channelIdchannelType)
                  007fd3a0    00000060     libmailbox_xwr68xx.ae674 : mailbox.oe674 (.text:Mailbox_Config_init)
                  007fd400    00000060     libsoc_xwr68xx.ae674 : soc_xwr68xx.oe674 (.text:SOC_setDSSLinkState)
                  007fd460    00000060                          : soc.oe674 (.text:SOC_unhaltBSS)
                  007fd4c0    00000060     rts6740_elf.lib : trgmsg.c.obj (.text:__TI_writemsg)
                  007fd520    00000060                     : llshift.c.obj (.text:__c6xabi_llshru)
                  007fd580    00000060                     : imath64.c.obj (.text:_subcull)
                  007fd5e0    00000060     sysbios.ae674 : c64p_Hwi_asm_switch.obj (.text:_ti_sysbios_family_c64p_Hwi_switchAndDispatch__I)
                  007fd640    00000060                   : c64p_Hwi_asm_switch.obj (.text:_ti_sysbios_family_xxx_Hwi_switchAndRunFunc)
                  007fd6a0    00000060     rts6740_elf.lib : lseek.c.obj (.text:lseek)
                  007fd700    00000060     libmmwavealg_xwr68xx.ae674 : mmwavelib_accum.oe674 (.text:mmwavelib_accum16shift)
                  007fd760    00000060                                : mmwavelib_vecsubc.oe674 (.text:mmwavelib_vecsubc)
                  007fd7c0    00000060     mmw_dss_pe674.oe674 (.text:ti_sysbios_BIOS_errorRaiseHook__I)
                  007fd820    00000060     mmw_dss_pe674.oe674 (.text:ti_sysbios_BIOS_removeRTSLock__I)
                  007fd880    00000060     mmw_dss_pe674.oe674 (.text:ti_sysbios_BIOS_startFunc__I)
                  007fd8e0    00000060     sysbios.ae674 : BIOS.obj (.text:ti_sysbios_family_c62_TaskSupport_stackUsed__E)
                  007fd940    00000060                   : BIOS.obj (.text:ti_sysbios_family_c62_TaskSupport_start__E)
                  007fd9a0    00000060                   : BIOS.obj (.text:ti_sysbios_family_c64p_Cache_setMar__E)
                  007fda00    00000060                   : BIOS.obj (.text:ti_sysbios_family_c64p_EventCombiner_Module_startup__E)
                  007fda60    00000060                   : BIOS.obj (.text:ti_sysbios_family_c64p_EventCombiner_unused__E)
                  007fdac0    00000060     mmw_dss_pe674.oe674 (.text:ti_sysbios_gates_GateMutex_Object__delete__S)
                  007fdb20    00000060     sysbios.ae674 : BIOS.obj (.text:ti_sysbios_hal_Hwi_initStack)
                  007fdb80    00000060                   : BIOS.obj (.text:ti_sysbios_heaps_HeapMem_free__E)
                  007fdbe0    00000060                   : BIOS.obj (.text:ti_sysbios_knl_Clock_Module_startup__E)
                  007fdc40    00000060     mmw_dss_pe674.oe674 (.text:ti_sysbios_knl_Queue_construct)
                  007fdca0    00000060     mmw_dss_pe674.oe674 (.text:ti_sysbios_knl_Semaphore_Object__delete__S)
                  007fdd00    00000060     mmw_dss_pe674.oe674 (.text:ti_sysbios_knl_Semaphore_construct)
                  007fdd60    00000060     sysbios.ae674 : BIOS.obj (.text:ti_sysbios_knl_Swi_Module_startup__E)
                  007fddc0    00000060                   : BIOS.obj (.text:ti_sysbios_knl_Task_enter__I)
                  007fde20    00000060     rts6740_elf.lib : write.c.obj (.text:write)
                  007fde80    00000060     mmw_dss_pe674.oe674 (.text:xdc_runtime_LoggerBuf_Object__delete__S)
                  007fdee0    00000060     sysbios.ae674 : BIOS.obj (.text:xdc_runtime_SysStd_abort__E)
                  007fdf40    00000040     libsoc_xwr68xx.ae674 : soc.oe674 (.text:CSL_FEXTR)
                  007fdf80    00000040                          : soc_xwr68xx.oe674 (.text:CSL_FEXTR)
                  007fdfc0    00000040     libmailbox_xwr68xx.ae674 : mailbox.oe674 (.text:CSL_FINSR)
                  007fe000    00000040     libsoc_xwr68xx.ae674 : soc.oe674 (.text:CSL_FINSR)
                  007fe040    00000040                          : soc_xwr68xx.oe674 (.text:CSL_FINSR)
                  007fe080    00000040                          : soc_xwr68xx_dss.oe674 (.text:CSL_FINSR)
                  007fe0c0    00000040     objectdetection.oe674 (.text:DPC_ObjectDetection_dataInjection)
                  007fe100    00000040     libdpm_xwr68xx.ae674 : dpm_listlib.oe674 (.text:DPM_listAdd)
                  007fe140    00000040                          : dpm_listlib.oe674 (.text:DPM_listRemove)
                  007fe180    00000040                          : dpm_mailbox.oe674 (.text:DPM_mboxMsgSend)
                  007fe1c0    00000040                          : dpm_msg.oe674 (.text:DPM_msgAssertHandler)
                  007fe200    00000040                          : dpm_msg.oe674 (.text:DPM_msgBSSFaultHandler)
                  007fe240    00000040                          : dpm_msg.oe674 (.text:DPM_msgDPCInfoHandler)
                  007fe280    00000040                          : dpm_pipe.oe674 (.text:DPM_pipeDequeue)
                  007fe2c0    00000040     libedma_xwr68xx.ae674 : edma_low_level.oe674 (.text:EDMA3MapQdmaChToPaRAM)
                  007fe300    00000040                           : edma_low_level.oe674 (.text:EDMA3SetPaRAM)
                  007fe340    00000040                           : edma_low_level.oe674 (.text:EDMA3SetQdmaTrigWord)
                  007fe380    00000040                           : edma.oe674 (.text:EDMA_clearTransferControllerErrors)
                  007fe3c0    00000040     libosal_xwr68xx.ae674 : HwiP_tirtos.oe674 (.text:HwiP_create)
                  007fe400    00000040                           : HwiP_tirtos.oe674 (.text:HwiP_delete)
                  007fe440    00000040     libmailbox_xwr68xx.ae674 : mailbox.oe674 (.text:Mailbox_boxEmptyISRBss)
                  007fe480    00000040                              : mailbox.oe674 (.text:Mailbox_boxEmptyISRMssDss)
                  007fe4c0    00000040                              : mailbox.oe674 (.text:Mailbox_boxFullISRBss)
                  007fe500    00000040     dss_main.oe674 (.text:MmwDemo_DPC_ObjectDetection_processInterFrameBeginCallBackFxn)
                  007fe540    00000040     dss_main.oe674 (.text:MmwDemo_EDMA_errorCallbackFxn)
                  007fe580    00000040     dss_main.oe674 (.text:MmwDemo_EDMA_transferControllerErrorCallbackFxn)
                  007fe5c0    00000040     libsoc_xwr68xx.ae674 : soc_xwr68xx_dss.oe674 (.text:SOC_getInAddr_LUTType)
                  007fe600    00000040                          : soc_xwr68xx_dss.oe674 (.text:SOC_getOutAddr_LUTType)
                  007fe640    00000040                          : soc_xwr68xx.oe674 (.text:SOC_isMSSOperational)
                  007fe680    00000040     rts6740_elf.lib : frcmpyd_div.c.obj (.text:__TI_frcmpyd_div)
                  007fe6c0    00000040                     : strasg.asm.obj (.text:__strasgi_64plus)
                  007fe700    00000040                     : args_main.c.obj (.text:_args_main)
                  007fe740    00000040     sysbios.ae674 : c62_TaskSupport_asm.obj (.text:_ti_sysbios_family_c62_TaskSupport_buildTaskStack)
                  007fe780    00000040     mmw_dss_pe674.oe674 (.text:free)
                  007fe7c0    00000040     libmathutils.ae674 : mathutils.oe674 (.text:mathUtils_floorLog2)
                  007fe800    00000040     libmmwavealg_xwr68xx.ae674 : mmwavelib_vecmul.oe674 (.text:mmwavelib_vecmul16x32_anylen)
                  007fe840    00000040     mmw_dss_pe674.oe674 (.text:ti_sysbios_BIOS_exitFunc__I)
                  007fe880    00000040     mmw_dss_pe674.oe674 (.text:ti_sysbios_BIOS_rtsLock__I)
                  007fe8c0    00000040     mmw_dss_pe674.oe674 (.text:ti_sysbios_BIOS_rtsUnlock__I)
                  007fe900    00000040     sysbios.ae674 : BIOS.obj (.text:ti_sysbios_family_c64p_Hwi_disableInterrupt__E)
                  007fe940    00000040                   : BIOS.obj (.text:ti_sysbios_family_c64p_Hwi_enableInterrupt__E)
                  007fe980    00000040     mmw_dss_pe674.oe674 (.text:ti_sysbios_gates_GateHwi_Handle__label__S)
                  007fe9c0    00000040     mmw_dss_pe674.oe674 (.text:ti_sysbios_gates_GateHwi_Object__delete__S)
                  007fea00    00000040     mmw_dss_pe674.oe674 (.text:ti_sysbios_gates_GateMutex_Handle__label__S)
                  007fea40    00000040     sysbios.ae674 : BIOS.obj (.text:ti_sysbios_gates_GateMutex_Instance_init__E)
                  007fea80    00000040                   : BIOS.obj (.text:ti_sysbios_gates_GateMutex_leave__E)
                  007feac0    00000040     mmw_dss_pe674.oe674 (.text:ti_sysbios_heaps_HeapMem_Handle__label__S)
                  007feb00    00000040     mmw_dss_pe674.oe674 (.text:ti_sysbios_heaps_HeapMem_Object__delete__S)
                  007feb40    00000040     mmw_dss_pe674.oe674 (.text:ti_sysbios_heaps_HeapMem_Object__get__S)
                  007feb80    00000040     mmw_dss_pe674.oe674 (.text:ti_sysbios_knl_Semaphore_destruct)
                  007febc0    00000040     mmw_dss_pe674.oe674 (.text:ti_sysbios_knl_Swi_Object__get__S)
                  007fec00    00000040     mmw_dss_pe674.oe674 (.text:ti_sysbios_knl_Task_Object__get__S)
                  007fec40    00000040     sysbios.ae674 : BIOS.obj (.text:ti_sysbios_timers_rti_Timer_periodicStub__E)
                  007fec80    00000040                   : BIOS.obj (.text:xdc_runtime_Error_init__E)
                  007fecc0    00000040     mmw_dss_pe674.oe674 (.text:xdc_runtime_LoggerBuf_Handle__label__S)
                  007fed00    00000040     sysbios.ae674 : BIOS.obj (.text:xdc_runtime_LoggerBuf_Instance_finalize__E)
                  007fed40    00000040     mmw_dss_pe674.oe674 (.text:xdc_runtime_LoggerBuf_Object__get__S)
                  007fed80    00000040     sysbios.ae674 : BIOS.obj (.text:xdc_runtime_LoggerBuf_write0__E)
                  007fedc0    00000040                   : BIOS.obj (.text:xdc_runtime_LoggerBuf_write1__E)
                  007fee00    00000040                   : BIOS.obj (.text:xdc_runtime_LoggerBuf_write2__E)
                  007fee40    00000040     mmw_dss_pe674.oe674 (.text:xdc_runtime_System_aprintf__E)
                  007fee80    00000040     mmw_dss_pe674.oe674 (.text:xdc_runtime_System_printf__E)
                  007feec0    00000020     libcfarcaproc_dsp_xwr68xx.ae674 : cfarcaprocdsp.oe674 (.text:CFARCADSP_adjustCfarCfg)
                  007feee0    00000020     libdpm_xwr68xx.ae674 : dpm_core.oe674 (.text:DPM_chirpISR)
                  007fef00    00000020                          : dpm_core.oe674 (.text:DPM_frameStartISR)
                  007fef20    00000020                          : dpm_mailbox.oe674 (.text:DPM_mboxSynch)
                  007fef40    00000020     libedma_xwr68xx.ae674 : edma_low_level.oe674 (.text:EDMA3ChannelToParamMap)
                  007fef60    00000020                           : edma_low_level.oe674 (.text:EDMA3ClrCCErr)
                  007fef80    00000020                           : edma_low_level.oe674 (.text:EDMA3DisableQdmaEvt)
                  007fefa0    00000020                           : edma_low_level.oe674 (.text:EDMA3EnableQdmaEvt)
                  007fefc0    00000020                           : edma_low_level.oe674 (.text:EDMA3ErrIntrHighStatusGet)
                  007fefe0    00000020                           : edma_low_level.oe674 (.text:EDMA3GetCCErrStatus)
                  007ff000    00000020                           : edma_low_level.oe674 (.text:EDMA3GetErrIntrStatus)
                  007ff020    00000020                           : edma_low_level.oe674 (.text:EDMA3GetIntrStatus)
                  007ff040    00000020                           : edma_low_level.oe674 (.text:EDMA3IntrStatusHighGet)
                  007ff060    00000020                           : edma_low_level.oe674 (.text:EDMA3QdmaClrMissEvt)
                  007ff080    00000020                           : edma_low_level.oe674 (.text:EDMA3QdmaGetErrIntrStatus)
                  007ff0a0    00000020                           : edma_low_level.oe674 (.text:EDMAsetRegion)
                  007ff0c0    00000020     libosal_xwr68xx.ae674 : HwiP_tirtos.oe674 (.text:HwiP_Params_init)
                  007ff0e0    00000020                           : HwiP_tirtos.oe674 (.text:HwiP_disable)
                  007ff100    00000020                           : HwiP_tirtos.oe674 (.text:HwiP_disableInterrupt)
                  007ff120    00000020                           : HwiP_tirtos.oe674 (.text:HwiP_enableInterrupt)
                  007ff140    00000020                           : HwiP_tirtos.oe674 (.text:HwiP_restore)
                  007ff160    00000020                           : MemoryP_tirtos.oe674 (.text:MemoryP_ctrlAlloc)
                  007ff180    00000020                           : MemoryP_tirtos.oe674 (.text:MemoryP_ctrlFree)
                  007ff1a0    00000020                           : MemoryP_tirtos.oe674 (.text:MemoryP_getStats)
                  007ff1c0    00000020     dss_main.oe674 (.text:MmwDemo_DPC_ObjectDetection_processFrameBeginCallBackFxn)
                  007ff1e0    00000020     dss_main.oe674 (.text:MmwDemo_sleep)
                  007ff200    00000020     libosal_xwr68xx.ae674 : SemaphoreP_tirtos.oe674 (.text:SemaphoreP_Params_init)
                  007ff220    00000020                           : SemaphoreP_tirtos.oe674 (.text:SemaphoreP_delete)
                  007ff240    00000020                           : SemaphoreP_tirtos.oe674 (.text:SemaphoreP_pend)
                  007ff260    00000020                           : SemaphoreP_tirtos.oe674 (.text:SemaphoreP_post)
                  007ff280    00000020                           : DebugP_tirtos.oe674 (.text:_DebugP_assert)
                  007ff2a0    00000020     rts6740_elf.lib : errno.c.obj (.text:__c6xabi_errno_addr)
                  007ff2c0    00000020                     : trunc.c.obj (.text:__c6xabi_trunc)
                  007ff2e0    00000020                     : push.asm.obj (.text:__pop_rts)
                  007ff300    00000020                     : push.asm.obj (.text:__push_rts)
                  007ff320    00000020                     : _lock.c.obj (.text:_nop)
                  007ff340    00000020                     : _lock.c.obj (.text:_register_lock)
                  007ff360    00000020                     : _lock.c.obj (.text:_register_unlock)
                  007ff380    00000020     sysbios.ae674 : c62_TaskSupport_asm.obj (.text:_ti_sysbios_family_c62_TaskSupport_glue)
                  007ff3a0    00000020     rts6740_elf.lib : exit.c.obj (.text:abort)
                  007ff3c0    00000020     libmathutils.ae674 : mathutils.oe674 (.text:mathUtils_ceilLog2)
                  007ff3e0    00000020     rts6740_elf.lib : fputc.c.obj (.text:putchar)
                  007ff400    00000020     mmw_dss_pe674.oe674 (.text:ti_sysbios_BIOS_RtsGateProxy_enter__E)
                  007ff420    00000020     mmw_dss_pe674.oe674 (.text:ti_sysbios_BIOS_RtsGateProxy_leave__E)
                  007ff440    00000020     sysbios.ae674 : BIOS.obj (.text:ti_sysbios_BIOS_getCpuFreq__E)
                  007ff460    00000020                   : BIOS.obj (.text:ti_sysbios_BIOS_linkedWithIncorrectBootLibrary__E)
                  007ff480    00000020     mmw_dss_pe674.oe674 (.text:ti_sysbios_BIOS_nullFunc__I)
                  007ff4a0    00000020     sysbios.ae674 : BIOS.obj (.text:ti_sysbios_BIOS_setThreadType__E)
                  007ff4c0    00000020                   : BIOS.obj (.text:ti_sysbios_BIOS_start__E)
                  007ff4e0    00000020     mmw_dss_pe674.oe674 (.text:ti_sysbios_family_c62_TaskSupport_Module__startupDone__S)
                  007ff500    00000020     sysbios.ae674 : BIOS.obj (.text:ti_sysbios_family_c62_TaskSupport_checkStack__E)
                  007ff520    00000020                   : BIOS.obj (.text:ti_sysbios_family_c62_TaskSupport_getStackAlignment__E)
                  007ff540    00000020     mmw_dss_pe674.oe674 (.text:ti_sysbios_family_c64p_Hwi_Module__startupDone__F)
                  007ff560    00000020     sysbios.ae674 : BIOS.obj (.text:ti_sysbios_family_c64p_Hwi_clearInterrupt__E)
                  007ff580    00000020                   : BIOS.obj (.text:ti_sysbios_family_c64p_Hwi_startup__E)
                  007ff5a0    00000020                   : BIOS.obj (.text:ti_sysbios_family_c64p_Hwi_switchFromBootStack__E)
                  007ff5c0    00000020                   : BIOS.obj (.text:ti_sysbios_family_c64p_TimestampProvider_Module_startup__E)
                  007ff5e0    00000020                   : BIOS.obj (.text:ti_sysbios_family_c64p_TimestampProvider_get32__E)
                  007ff600    00000020                   : BIOS.obj (.text:ti_sysbios_family_c64p_TimestampProvider_get64__E)
                  007ff620    00000020                   : BIOS.obj (.text:ti_sysbios_gates_GateHwi_Instance_init__E)
                  007ff640    00000020                   : BIOS.obj (.text:ti_sysbios_gates_GateHwi_enter__E)
                  007ff660    00000020                   : BIOS.obj (.text:ti_sysbios_gates_GateHwi_leave__E)
                  007ff680    00000020                   : BIOS.obj (.text:ti_sysbios_gates_GateHwi_query__E)
                  007ff6a0    00000020                   : BIOS.obj (.text:ti_sysbios_gates_GateMutex_Instance_finalize__E)
                  007ff6c0    00000020                   : BIOS.obj (.text:ti_sysbios_gates_GateMutex_query__E)
                  007ff6e0    00000020                   : BIOS.obj (.text:ti_sysbios_hal_Hwi_Module_startup__E)
                  007ff700    00000020     mmw_dss_pe674.oe674 (.text:ti_sysbios_heaps_HeapBuf_Object__get__S)
                  007ff720    00000020     mmw_dss_pe674.oe674 (.text:ti_sysbios_heaps_HeapMem_Module_GateProxy_enter__E)
                  007ff740    00000020     mmw_dss_pe674.oe674 (.text:ti_sysbios_heaps_HeapMem_Module_GateProxy_leave__E)
                  007ff760    00000020     sysbios.ae674 : BIOS.obj (.text:ti_sysbios_heaps_HeapMem_isBlocking__E)
                  007ff780    00000020     mmw_dss_pe674.oe674 (.text:ti_sysbios_knl_Clock_TimerProxy_getMaxTicks__E)
                  007ff7a0    00000020     sysbios.ae674 : BIOS.obj (.text:ti_sysbios_knl_Clock_logTick__E)
                  007ff7c0    00000020                   : BIOS.obj (.text:ti_sysbios_knl_Idle_loop__E)
                  007ff7e0    00000020                   : BIOS.obj (.text:ti_sysbios_knl_Queue_Instance_init__E)
                  007ff800    00000020     mmw_dss_pe674.oe674 (.text:ti_sysbios_knl_Queue_Object__get__S)
                  007ff820    00000020     mmw_dss_pe674.oe674 (.text:ti_sysbios_knl_Queue_destruct)
                  007ff840    00000020     sysbios.ae674 : BIOS.obj (.text:ti_sysbios_knl_Queue_empty__E)
                  007ff860    00000020                   : BIOS.obj (.text:ti_sysbios_knl_Semaphore_Instance_finalize__E)
                  007ff880    00000020     mmw_dss_pe674.oe674 (.text:ti_sysbios_knl_Semaphore_Params__init__S)
                  007ff8a0    00000020     mmw_dss_pe674.oe674 (.text:ti_sysbios_knl_Semaphore_delete)
                  007ff8c0    00000020     sysbios.ae674 : BIOS.obj (.text:ti_sysbios_knl_Swi_disable__E)
                  007ff8e0    00000020     mmw_dss_pe674.oe674 (.text:ti_sysbios_knl_Task_Params__init__S)
                  007ff900    00000020     sysbios.ae674 : BIOS.obj (.text:ti_sysbios_knl_Task_disable__E)
                  007ff920    00000020                   : BIOS.obj (.text:ti_sysbios_knl_Task_startup__E)
                  007ff940    00000020     mmw_dss_pe674.oe674 (.text:ti_sysbios_timers_rti_Timer_Module__startupDone__F)
                  007ff960    00000020     sysbios.ae674 : BIOS.obj (.text:ti_sysbios_timers_rti_Timer_getMaxTicks__E)
                  007ff980    00000020                   : BIOS.obj (.text:ti_sysbios_utils_Load_getCPULoad__E)
                  007ff9a0    00000020                   : BIOS.obj (.text:ti_sysbios_utils_Load_taskRegHook__E)
                  007ff9c0    00000020     mmw_dss_pe674.oe674 (.text:xdc_runtime_IHeap_alloc)
                  007ff9e0    00000020     mmw_dss_pe674.oe674 (.text:xdc_runtime_IHeap_free)
                  007ffa00    00000020     mmw_dss_pe674.oe674 (.text:xdc_runtime_IHeap_getStats)
                  007ffa20    00000020     mmw_dss_pe674.oe674 (.text:xdc_runtime_LoggerBuf_Module_GateProxy_enter__E)
                  007ffa40    00000020     mmw_dss_pe674.oe674 (.text:xdc_runtime_LoggerBuf_Module_GateProxy_leave__E)
                  007ffa60    00000020     sysbios.ae674 : BIOS.obj (.text:xdc_runtime_LoggerBuf_disable__E)
                  007ffa80    00000020                   : BIOS.obj (.text:xdc_runtime_LoggerBuf_enable__E)
                  007ffaa0    00000020                   : BIOS.obj (.text:xdc_runtime_Memory_free__E)
                  007ffac0    00000020                   : BIOS.obj (.text:xdc_runtime_Memory_getStats__E)
                  007ffae0    00000020     mmw_dss_pe674.oe674 (.text:xdc_runtime_Startup_exec__I)
                  007ffb00    00000020     mmw_dss_pe674.oe674 (.text:xdc_runtime_Startup_reset__I)
                  007ffb20    00000020     sysbios.ae674 : BIOS.obj (.text:xdc_runtime_Startup_rtsDone__E)
                  007ffb40    00000020                   : BIOS.obj (.text:xdc_runtime_SysStd_exit__E)
                  007ffb60    00000020                   : BIOS.obj (.text:xdc_runtime_SysStd_putch__E)
                  007ffb80    00000020                   : BIOS.obj (.text:xdc_runtime_SysStd_ready__E)
                  007ffba0    00000020     mmw_dss_pe674.oe674 (.text:xdc_runtime_System_Module_GateProxy_enter__E)
                  007ffbc0    00000020     mmw_dss_pe674.oe674 (.text:xdc_runtime_System_Module_GateProxy_leave__E)
                  007ffbe0    00000020     sysbios.ae674 : BIOS.obj (.text:xdc_runtime_System_Module_startup__E)
                  007ffc00    00000020     mmw_dss_pe674.oe674 (.text:xdc_runtime_Text_visitRope__I)

.dpc_l2Heap 
*          0    00800000    0000c400     UNINITIALIZED
                  00800000    0000c400     dss_main.oe674 (.dpc_l2Heap)

systemHeap 
*          0    0080c400    00008000     UNINITIALIZED
                  0080c400    00008000     mmw_dss_pe674.oe674 (systemHeap)

.far       0    00814400    00002564     UNINITIALIZED
                  00814400    00001900     (.common:xdc_runtime_LoggerBuf_Instance_State_0_entryArr__A)
                  00815d00    000006f8     libedma_xwr68xx.ae674 : edma.oe674 (.far:EDMA_object)
                  008163f8    00000320     mmw_dss_pe674.oe674 (.far:taskStackSection)
                  00816718    00000140     (.common:__TI_tmpnams)
                  00816858    000000d8     (.common:gMmwDssMCB)
                  00816930    00000018     (.common:resultBuffer)
                  00816948    00000010     (.common:edmaDbg)
                  00816958    00000008     (.common:parmbuf)
                  00816960    00000004     (.common:ti_sysbios_knl_Task_Instance_State_0_hookEnv__A)

.const     0    00817168    00003468     
                  00817168    00001a59     mmw_dss_pe674.oe674 (.const:xdc_runtime_Text_charTab__A)
                  00818bc1    00000001     --HOLE-- [fill = 0]
                  00818bc2    00000002     mmw_dss_pe674.oe674 (.const:ti_sysbios_family_c64p_Cache_Module__id__C)
                  00818bc4    00000004     mmw_dss_pe674.oe674 (.const:ti_sysbios_family_c62_TaskSupport_stackAlignment__C)
                  00818bc8    00000800     libmmwavealg_xwr68xx.ae674 : mmwavelib_ffttwiddle_gen.oe674 (.const:mmwavelib_twiddleTableCommon)
                  008193c8    00000630     sysbios.ae674 : BIOS.obj (.const:.string)
                  008199f8    000002e4     dss_main.oe674 (.const:.string)
                  00819cdc    00000004     mmw_dss_pe674.oe674 (.const:ti_sysbios_family_c64p_Cache_E_invalidL1CacheSize__C)
                  00819ce0    000000e0     mmw_dss_pe674.oe674 (.const:xdc_runtime_Text_nodeTab__A)
                  00819dc0    00000074     mmw_dss_pe674.oe674 (.const:.string)
                  00819e34    00000058     libedma_xwr68xx.ae674 : edma.oe674 (.const:.string)
                  00819e8c    0000004c     libmailbox_xwr68xx.ae674 : mailbox.oe674 (.const:.string)
                  00819ed8    00000044     mmw_dss_pe674.oe674 (.const:ti_sysbios_knl_Task_Object__PARAMS__C)
                  00819f1c    00000004     mmw_dss_pe674.oe674 (.const:ti_sysbios_family_c64p_Cache_E_invalidL2CacheSize__C)
                  00819f20    00000040     libmmwavealg_xwr68xx.ae674 : mmwavelib_log2abs.oe674 (.const:.string:c_Log2LookUp)
                  00819f60    0000003c     libsoc_xwr68xx.ae674 : soc_xwr68xx_dss.oe674 (.const:.string)
                  00819f9c    0000003c     mmw_dss_pe674.oe674 (.const:xdc_runtime_LoggerBuf_Module__FXNS__C)
                  00819fd8    00000038     libedma_xwr68xx.ae674 : edma_xwr1xxx.oe674 (.const:gEdmaHwAttrs)
                  0081a010    00000034     mmw_dss_pe674.oe674 (.const:xdc_runtime_Startup_sfxnTab__A)
                  0081a044    00000004     mmw_dss_pe674.oe674 (.const:ti_sysbios_family_c64p_Cache_MAR0_31__C)
                  0081a048    00000028     libdpm_xwr68xx.ae674 : dpm_msg.oe674 (.const:gDPMMessageFxnTable)
                  0081a070    00000028     mmw_dss_pe674.oe674 (.const:ti_sysbios_heaps_HeapMem_Module__FXNS__C)
                  0081a098    00000028     mmw_dss_pe674.oe674 (.const:xdc_runtime_LoggerBuf_Object__PARAMS__C)
                  0081a0c0    00000024     libmailbox_xwr68xx.ae674 : mailbox.oe674 (.const:Mailbox_defaultCfg)
                  0081a0e4    00000004     mmw_dss_pe674.oe674 (.const:ti_sysbios_family_c64p_Cache_MAR128_159__C)
                  0081a0e8    00000024     libmmwavealg_xwr68xx.ae674 : mmwavelib_dftsinglebin.oe674 (.const:mmwavelib_dftHalfBinExpValue)
                  0081a10c    00000024     mmw_dss_pe674.oe674 (.const:ti_sysbios_gates_GateHwi_Module__FXNS__C)
                  0081a130    00000024     mmw_dss_pe674.oe674 (.const:ti_sysbios_gates_GateMutex_Module__FXNS__C)
                  0081a154    00000024     mmw_dss_pe674.oe674 (.const:ti_sysbios_heaps_HeapMem_Object__PARAMS__C)
                  0081a178    00000024     mmw_dss_pe674.oe674 (.const:ti_sysbios_knl_Semaphore_Object__PARAMS__C)
                  0081a19c    00000020     libosal_xwr68xx.ae674 : SemaphoreP_tirtos.oe674 (.const:.string)
                  0081a1bc    00000020     mmw_dss_pe674.oe674 (.const:ti_sysbios_gates_GateHwi_Object__DESC__C)
                  0081a1dc    00000020     mmw_dss_pe674.oe674 (.const:ti_sysbios_gates_GateMutex_Object__DESC__C)
                  0081a1fc    00000020     mmw_dss_pe674.oe674 (.const:ti_sysbios_heaps_HeapMem_Object__DESC__C)
                  0081a21c    00000020     mmw_dss_pe674.oe674 (.const:ti_sysbios_knl_Queue_Object__DESC__C)
                  0081a23c    00000020     mmw_dss_pe674.oe674 (.const:ti_sysbios_knl_Semaphore_Object__DESC__C)
                  0081a25c    00000020     mmw_dss_pe674.oe674 (.const:ti_sysbios_knl_Task_Object__DESC__C)
                  0081a27c    00000020     mmw_dss_pe674.oe674 (.const:xdc_runtime_LoggerBuf_Object__DESC__C)
                  0081a29c    0000001c     libosal_xwr68xx.ae674 : HwiP_tirtos.oe674 (.const:.string)
                  0081a2b8    0000001a     mmw_dss_pe674.oe674 (.const:xdc_runtime_Startup_sfxnRts__A)
                  0081a2d2    00000002     mmw_dss_pe674.oe674 (.const:ti_sysbios_family_c64p_EventCombiner_Module__id__C)
                  0081a2d4    00000018     objectdetection.oe674 (.const:.string)
                  0081a2ec    00000018     mmw_dss_pe674.oe674 (.const:ti_sysbios_gates_GateHwi_Object__PARAMS__C)
                  0081a304    00000018     mmw_dss_pe674.oe674 (.const:ti_sysbios_gates_GateMutex_Object__PARAMS__C)
                  0081a31c    00000018     mmw_dss_pe674.oe674 (.const:ti_sysbios_knl_Queue_Object__PARAMS__C)
                  0081a334    00000004     mmw_dss_pe674.oe674 (.const:ti_sysbios_family_c64p_Cache_MAR160_191__C)
                  0081a338    00000018     mmw_dss_pe674.oe674 (.const:ti_sysbios_knl_Task_hooks__A)
                  0081a350    00000014     libdpm_xwr68xx.ae674 : dpm_mailbox.oe674 (.const:.string)
                  0081a364    00000010                          : dpm_core.oe674 (.const:.string)
                  0081a374    00000010                          : dpm_msg.oe674 (.const:.string)
                  0081a384    00000010                          : dpm_pipe.oe674 (.const:.string)
                  0081a394    00000004     mmw_dss_pe674.oe674 (.const:ti_sysbios_family_c64p_Cache_MAR192_223__C)
                  0081a398    00000010     libedma_xwr68xx.ae674 : edma.oe674 (.const:EDMA_config$1)
                  0081a3a8    00000010     mmw_dss_pe674.oe674 (.const:ti_sysbios_family_c64p_EventCombiner_EVTMASK__C)
                  0081a3b8    0000000c     mmw_dss_pe674.oe674 (.const:ti_sysbios_knl_Idle_funcList__A)
                  0081a3c4    00000008     mmw_dss_pe674.oe674 (.const:ti_sysbios_knl_Idle_funcList__C)
                  0081a3cc    00000008     mmw_dss_pe674.oe674 (.const:ti_sysbios_knl_Task_hooks__C)
                  0081a3d4    00000004     mmw_dss_pe674.oe674 (.const:ti_sysbios_family_c64p_Cache_MAR224_255__C)
                  0081a3d8    00000008     mmw_dss_pe674.oe674 (.const:xdc_runtime_Startup_firstFxns__A)
                  0081a3e0    00000008     mmw_dss_pe674.oe674 (.const:xdc_runtime_Startup_firstFxns__C)
                  0081a3e8    00000008     mmw_dss_pe674.oe674 (.const:xdc_runtime_Startup_lastFxns__C)
                  0081a3f0    00000004     mmw_dss_pe674.oe674 (.const:ti_sysbios_family_c64p_Cache_MAR32_63__C)
                  0081a3f4    00000004     mmw_dss_pe674.oe674 (.const:ti_sysbios_family_c64p_Cache_MAR64_95__C)
                  0081a3f8    00000004     mmw_dss_pe674.oe674 (.const:ti_sysbios_family_c64p_Cache_MAR96_127__C)
                  0081a3fc    00000004     mmw_dss_pe674.oe674 (.const:ti_sysbios_family_c64p_EventCombiner_A_invalidEventId__C)
                  0081a400    00000004     mmw_dss_pe674.oe674 (.const:ti_sysbios_family_c64p_EventCombiner_EVTRegs__C)
                  0081a404    00000004     mmw_dss_pe674.oe674 (.const:ti_sysbios_family_c64p_EventCombiner_E_unpluggedEvent__C)
                  0081a408    00000004     mmw_dss_pe674.oe674 (.const:ti_sysbios_family_c64p_EventCombiner_Module__diagsEnabled__C)
                  0081a40c    00000004     mmw_dss_pe674.oe674 (.const:ti_sysbios_family_c64p_EventCombiner_Module__diagsIncluded__C)
                  0081a410    00000004     mmw_dss_pe674.oe674 (.const:ti_sysbios_family_c64p_EventCombiner_Module__diagsMask__C)
                  0081a414    00000004     mmw_dss_pe674.oe674 (.const:ti_sysbios_family_c64p_Exception_E_exceptionMax__C)
                  0081a418    00000004     mmw_dss_pe674.oe674 (.const:ti_sysbios_family_c64p_Exception_exceptionHook__C)
                  0081a41c    00000004     mmw_dss_pe674.oe674 (.const:ti_sysbios_family_c64p_Exception_externalHook__C)
                  0081a420    00000004     mmw_dss_pe674.oe674 (.const:ti_sysbios_family_c64p_Exception_internalHook__C)
                  0081a424    00000004     mmw_dss_pe674.oe674 (.const:ti_sysbios_family_c64p_Exception_nmiHook__C)
                  0081a428    00000004     mmw_dss_pe674.oe674 (.const:ti_sysbios_family_c64p_Hwi_INTRMUX1Address__C)
                  0081a42c    00000004     mmw_dss_pe674.oe674 (.const:ti_sysbios_gates_GateMutex_A_badContext__C)
                  0081a430    00000004     mmw_dss_pe674.oe674 (.const:ti_sysbios_gates_GateMutex_Instance_State_sem__O)
                  0081a434    00000004     mmw_dss_pe674.oe674 (.const:ti_sysbios_gates_GateMutex_Module__diagsEnabled__C)
                  0081a438    00000004     mmw_dss_pe674.oe674 (.const:ti_sysbios_gates_GateMutex_Module__diagsIncluded__C)
                  0081a43c    00000004     mmw_dss_pe674.oe674 (.const:ti_sysbios_gates_GateMutex_Module__diagsMask__C)
                  0081a440    00000004     mmw_dss_pe674.oe674 (.const:ti_sysbios_hal_Hwi_E_stackOverflow__C)
                  0081a444    00000004     mmw_dss_pe674.oe674 (.const:ti_sysbios_heaps_HeapBuf_Instance_State_freeList__O)
                  0081a448    00000004     mmw_dss_pe674.oe674 (.const:ti_sysbios_heaps_HeapBuf_Object__count__C)
                  0081a44c    00000004     mmw_dss_pe674.oe674 (.const:ti_sysbios_heaps_HeapBuf_numConstructedHeaps__C)
                  0081a450    00000004     mmw_dss_pe674.oe674 (.const:ti_sysbios_heaps_HeapMem_A_align__C)
                  0081a454    00000004     mmw_dss_pe674.oe674 (.const:ti_sysbios_heaps_HeapMem_A_heapSize__C)
                  0081a458    00000004     mmw_dss_pe674.oe674 (.const:ti_sysbios_heaps_HeapMem_A_invalidFree__C)
                  0081a45c    00000004     mmw_dss_pe674.oe674 (.const:ti_sysbios_heaps_HeapMem_A_zeroBlock__C)
                  0081a460    00000004     mmw_dss_pe674.oe674 (.const:ti_sysbios_heaps_HeapMem_E_memory__C)
                  0081a464    00000004     mmw_dss_pe674.oe674 (.const:ti_sysbios_heaps_HeapMem_Module__diagsEnabled__C)
                  0081a468    00000004     mmw_dss_pe674.oe674 (.const:ti_sysbios_heaps_HeapMem_Module__diagsIncluded__C)
                  0081a46c    00000004     mmw_dss_pe674.oe674 (.const:ti_sysbios_heaps_HeapMem_Module__diagsMask__C)
                  0081a470    00000004     mmw_dss_pe674.oe674 (.const:ti_sysbios_heaps_HeapMem_Module__gateObj__C)
                  0081a474    00000004     mmw_dss_pe674.oe674 (.const:ti_sysbios_heaps_HeapMem_Object__count__C)
                  0081a478    00000004     mmw_dss_pe674.oe674 (.const:ti_sysbios_heaps_HeapMem_reqAlign__C)
                  0081a47c    00000004     mmw_dss_pe674.oe674 (.const:ti_sysbios_knl_Clock_Module_State_clockQ__O)
                  0081a480    00000004     mmw_dss_pe674.oe674 (.const:ti_sysbios_knl_Semaphore_A_badContext__C)
                  0081a484    00000004     mmw_dss_pe674.oe674 (.const:ti_sysbios_knl_Semaphore_A_noEvents__C)
                  0081a488    00000004     mmw_dss_pe674.oe674 (.const:ti_sysbios_knl_Semaphore_A_overflow__C)
                  0081a48c    00000004     mmw_dss_pe674.oe674 (.const:ti_sysbios_knl_Semaphore_A_pendTaskDisabled__C)
                  0081a490    00000004     mmw_dss_pe674.oe674 (.const:ti_sysbios_knl_Semaphore_Instance_State_pendQ__O)
                  0081a494    00000004     mmw_dss_pe674.oe674 (.const:ti_sysbios_knl_Semaphore_Module__diagsEnabled__C)
                  0081a498    00000004     mmw_dss_pe674.oe674 (.const:ti_sysbios_knl_Semaphore_Module__diagsIncluded__C)
                  0081a49c    00000004     mmw_dss_pe674.oe674 (.const:ti_sysbios_knl_Semaphore_Module__diagsMask__C)
                  0081a4a0    00000004     mmw_dss_pe674.oe674 (.const:ti_sysbios_knl_Swi_Object__count__C)
                  0081a4a4    00000004     mmw_dss_pe674.oe674 (.const:ti_sysbios_knl_Task_A_badPriority__C)
                  0081a4a8    00000004     mmw_dss_pe674.oe674 (.const:ti_sysbios_knl_Task_A_badTaskState__C)
                  0081a4ac    00000004     mmw_dss_pe674.oe674 (.const:ti_sysbios_knl_Task_A_badThreadType__C)
                  0081a4b0    00000004     mmw_dss_pe674.oe674 (.const:ti_sysbios_knl_Task_A_badTimeout__C)
                  0081a4b4    00000004     mmw_dss_pe674.oe674 (.const:ti_sysbios_knl_Task_A_noPendElem__C)
                  0081a4b8    00000004     mmw_dss_pe674.oe674 (.const:ti_sysbios_knl_Task_A_sleepTaskDisabled__C)
                  0081a4bc    00000004     mmw_dss_pe674.oe674 (.const:ti_sysbios_knl_Task_E_spOutOfBounds__C)
                  0081a4c0    00000004     mmw_dss_pe674.oe674 (.const:ti_sysbios_knl_Task_E_stackOverflow__C)
                  0081a4c4    00000004     mmw_dss_pe674.oe674 (.const:ti_sysbios_knl_Task_Module_State_inactiveQ__O)
                  0081a4c8    00000004     mmw_dss_pe674.oe674 (.const:ti_sysbios_knl_Task_Module__diagsEnabled__C)
                  0081a4cc    00000004     mmw_dss_pe674.oe674 (.const:ti_sysbios_knl_Task_Module__diagsIncluded__C)
                  0081a4d0    00000004     mmw_dss_pe674.oe674 (.const:ti_sysbios_knl_Task_Module__diagsMask__C)
                  0081a4d4    00000004     mmw_dss_pe674.oe674 (.const:ti_sysbios_knl_Task_Object__count__C)
                  0081a4d8    00000004     mmw_dss_pe674.oe674 (.const:ti_sysbios_knl_Task_Object__heap__C)
                  0081a4dc    00000004     mmw_dss_pe674.oe674 (.const:ti_sysbios_knl_Task_allBlockedFunc__C)
                  0081a4e0    00000004     mmw_dss_pe674.oe674 (.const:ti_sysbios_knl_Task_defaultStackHeap__C)
                  0081a4e4    00000004     mmw_dss_pe674.oe674 (.const:ti_sysbios_knl_Task_defaultStackSize__C)
                  0081a4e8    00000004     mmw_dss_pe674.oe674 (.const:ti_sysbios_knl_Task_numConstructedTasks__C)
                  0081a4ec    00000004     mmw_dss_pe674.oe674 (.const:ti_sysbios_timers_rti_Timer_E_cannotSupport__C)
                  0081a4f0    00000004     mmw_dss_pe674.oe674 (.const:ti_sysbios_timers_rti_Timer_Module__diagsEnabled__C)
                  0081a4f4    00000004     mmw_dss_pe674.oe674 (.const:ti_sysbios_timers_rti_Timer_Module__diagsIncluded__C)
                  0081a4f8    00000004     mmw_dss_pe674.oe674 (.const:ti_sysbios_timers_rti_Timer_Module__diagsMask__C)
                  0081a4fc    00000004     mmw_dss_pe674.oe674 (.const:ti_sysbios_timers_rti_Timer_numTimerDevices__C)
                  0081a500    00000004     mmw_dss_pe674.oe674 (.const:ti_sysbios_timers_rti_Timer_startupNeeded__C)
                  0081a504    00000004     mmw_dss_pe674.oe674 (.const:ti_sysbios_utils_Load_Module_State_taskList__O)
                  0081a508    00000004     mmw_dss_pe674.oe674 (.const:ti_sysbios_utils_Load_Module__diagsEnabled__C)
                  0081a50c    00000004     mmw_dss_pe674.oe674 (.const:ti_sysbios_utils_Load_Module__diagsIncluded__C)
                  0081a510    00000004     mmw_dss_pe674.oe674 (.const:ti_sysbios_utils_Load_Module__diagsMask__C)
                  0081a514    00000004     mmw_dss_pe674.oe674 (.const:ti_sysbios_utils_Load_postUpdate__C)
                  0081a518    00000004     mmw_dss_pe674.oe674 (.const:ti_sysbios_utils_Load_windowInMs__C)
                  0081a51c    00000004     mmw_dss_pe674.oe674 (.const:xdc_runtime_Assert_E_assertFailed__C)
                  0081a520    00000004     mmw_dss_pe674.oe674 (.const:xdc_runtime_Core_A_initializedParams__C)
                  0081a524    00000004     mmw_dss_pe674.oe674 (.const:xdc_runtime_Core_Module__diagsEnabled__C)
                  0081a528    00000004     mmw_dss_pe674.oe674 (.const:xdc_runtime_Core_Module__diagsIncluded__C)
                  0081a52c    00000004     mmw_dss_pe674.oe674 (.const:xdc_runtime_Core_Module__diagsMask__C)
                  0081a530    00000004     mmw_dss_pe674.oe674 (.const:xdc_runtime_Error_E_memory__C)
                  0081a534    00000004     mmw_dss_pe674.oe674 (.const:xdc_runtime_Error_policyFxn__C)
                  0081a538    00000004     mmw_dss_pe674.oe674 (.const:xdc_runtime_Error_policy__C)
                  0081a53c    00000004     mmw_dss_pe674.oe674 (.const:xdc_runtime_Error_raiseHook__C)
                  0081a540    00000004     mmw_dss_pe674.oe674 (.const:xdc_runtime_IFilterLogger_Interface__BASE__C)
                  0081a544    00000004     mmw_dss_pe674.oe674 (.const:xdc_runtime_IGateProvider_Interface__BASE__C)
                  0081a548    00000004     mmw_dss_pe674.oe674 (.const:xdc_runtime_IHeap_Interface__BASE__C)
                  0081a54c    00000004     mmw_dss_pe674.oe674 (.const:xdc_runtime_ILogger_Interface__BASE__C)
                  0081a550    00000004     mmw_dss_pe674.oe674 (.const:xdc_runtime_IModule_Interface__BASE__C)
                  0081a554    00000004     mmw_dss_pe674.oe674 (.const:xdc_runtime_LoggerBuf_E_badLevel__C)
                  0081a558    00000004     mmw_dss_pe674.oe674 (.const:xdc_runtime_LoggerBuf_Module__gateObj__C)
                  0081a55c    00000004     mmw_dss_pe674.oe674 (.const:xdc_runtime_LoggerBuf_Object__count__C)
                  0081a560    00000004     mmw_dss_pe674.oe674 (.const:xdc_runtime_LoggerBuf_statusLogger__C)
                  0081a564    00000004     mmw_dss_pe674.oe674 (.const:xdc_runtime_Memory_defaultHeapInstance__C)
                  0081a568    00000004     mmw_dss_pe674.oe674 (.const:xdc_runtime_Startup_execImpl__C)
                  0081a56c    00000004     mmw_dss_pe674.oe674 (.const:xdc_runtime_Startup_maxPasses__C)
                  0081a570    00000004     mmw_dss_pe674.oe674 (.const:xdc_runtime_Startup_sfxnRts__C)
                  0081a574    00000004     mmw_dss_pe674.oe674 (.const:xdc_runtime_Startup_sfxnTab__C)
                  0081a578    00000004     mmw_dss_pe674.oe674 (.const:xdc_runtime_System_Module__gateObj__C)
                  0081a57c    00000004     mmw_dss_pe674.oe674 (.const:xdc_runtime_System_abortFxn__C)
                  0081a580    00000004     mmw_dss_pe674.oe674 (.const:xdc_runtime_System_exitFxn__C)
                  0081a584    00000004     mmw_dss_pe674.oe674 (.const:xdc_runtime_System_extendFxn__C)
                  0081a588    00000004     mmw_dss_pe674.oe674 (.const:xdc_runtime_System_maxAtexitHandlers__C)
                  0081a58c    00000004     mmw_dss_pe674.oe674 (.const:xdc_runtime_Text_charTab__C)
                  0081a590    00000004     mmw_dss_pe674.oe674 (.const:xdc_runtime_Text_nameEmpty__C)
                  0081a594    00000004     mmw_dss_pe674.oe674 (.const:xdc_runtime_Text_nameStatic__C)
                  0081a598    00000004     mmw_dss_pe674.oe674 (.const:xdc_runtime_Text_nameUnknown__C)
                  0081a59c    00000004     mmw_dss_pe674.oe674 (.const:xdc_runtime_Text_nodeTab__C)
                  0081a5a0    00000004     mmw_dss_pe674.oe674 (.const:xdc_runtime_Text_visitRopeFxn__C)
                  0081a5a4    00000002     mmw_dss_pe674.oe674 (.const:ti_sysbios_family_c64p_Exception_Module__id__C)
                  0081a5a6    00000002     mmw_dss_pe674.oe674 (.const:ti_sysbios_family_c64p_Exception_useInternalBuffer__C)
                  0081a5a8    00000002     mmw_dss_pe674.oe674 (.const:ti_sysbios_gates_GateMutex_Module__id__C)
                  0081a5aa    00000002     mmw_dss_pe674.oe674 (.const:ti_sysbios_hal_Hwi_Module__id__C)
                  0081a5ac    00000002     mmw_dss_pe674.oe674 (.const:ti_sysbios_heaps_HeapMem_Module__id__C)
                  0081a5ae    00000002     mmw_dss_pe674.oe674 (.const:ti_sysbios_knl_Semaphore_Module__id__C)
                  0081a5b0    00000002     mmw_dss_pe674.oe674 (.const:ti_sysbios_knl_Task_Module__id__C)
                  0081a5b2    00000002     mmw_dss_pe674.oe674 (.const:ti_sysbios_timers_rti_Timer_Module__id__C)
                  0081a5b4    00000002     mmw_dss_pe674.oe674 (.const:ti_sysbios_timers_rti_Timer_continueOnSuspend__C)
                  0081a5b6    00000002     mmw_dss_pe674.oe674 (.const:ti_sysbios_utils_Load_Module__id__C)
                  0081a5b8    00000002     mmw_dss_pe674.oe674 (.const:ti_sysbios_utils_Load_autoAddTasks__C)
                  0081a5ba    00000002     mmw_dss_pe674.oe674 (.const:ti_sysbios_utils_Load_updateInIdle__C)
                  0081a5bc    00000002     mmw_dss_pe674.oe674 (.const:xdc_runtime_Core_Module__id__C)
                  0081a5be    00000002     mmw_dss_pe674.oe674 (.const:xdc_runtime_Error_maxDepth__C)
                  0081a5c0    00000002     mmw_dss_pe674.oe674 (.const:xdc_runtime_LoggerBuf_Module__id__C)
                  0081a5c2    00000002     mmw_dss_pe674.oe674 (.const:xdc_runtime_LoggerBuf_filterByLevel__C)
                  0081a5c4    00000002     mmw_dss_pe674.oe674 (.const:xdc_runtime_Main_Module__id__C)
                  0081a5c6    00000002     mmw_dss_pe674.oe674 (.const:xdc_runtime_Memory_Module__id__C)
                  0081a5c8    00000002     mmw_dss_pe674.oe674 (.const:xdc_runtime_Text_charCnt__C)
                  0081a5ca    00000002     mmw_dss_pe674.oe674 (.const:xdc_runtime_Text_isLoaded__C)
[...]
007ffbc0  xdc_runtime_System_Module_GateProxy_leave__E                 
007ffbe0  xdc_runtime_System_Module_startup__E                         
007ffc00  xdc_runtime_Text_visitRope__I                                
00800000  gDPC_ObjDetL2Heap                                            
0080c400  ti_sysbios_heaps_HeapMem_Instance_State_0_buf__A             
00814400  xdc_runtime_LoggerBuf_Instance_State_0_entryArr__A           
008163f8  ti_sysbios_knl_Task_Instance_State_0_stack__A                
00816718  __TI_tmpnams                                                 
00816858  gMmwDssMCB                                                   
00816930  resultBuffer                                                 
00816948  edmaDbg                                                      
00816958  parmbuf                                                      
00816960  ti_sysbios_knl_Task_Instance_State_0_hookEnv__A              
00816968  _stack                                                       
00817168  __TI_STACK_END                                               
00817168  xdc_runtime_Text_charTab__A                                  
00818bc2  ti_sysbios_family_c64p_Cache_Module__id__C                   
00818bc4  ti_sysbios_family_c62_TaskSupport_stackAlignment__C          
00818bc8  mmwavelib_twiddleTableCommon                                 
00819cdc  ti_sysbios_family_c64p_Cache_E_invalidL1CacheSize__C         
00819ce0  xdc_runtime_Text_nodeTab__A                                  
00819ed8  ti_sysbios_knl_Task_Object__PARAMS__C                        
00819f1c  ti_sysbios_family_c64p_Cache_E_invalidL2CacheSize__C         
00819f9c  xdc_runtime_LoggerBuf_Module__FXNS__C                        
00819fd8  gEdmaHwAttrs                                                 
0081a010  xdc_runtime_Startup_sfxnTab__A                               
0081a044  ti_sysbios_family_c64p_Cache_MAR0_31__C                      
0081a048  gDPMMessageFxnTable                                          
0081a070  ti_sysbios_heaps_HeapMem_Module__FXNS__C                     
0081a098  xdc_runtime_LoggerBuf_Object__PARAMS__C                      
0081a0c0  Mailbox_defaultCfg                                           
0081a0e4  ti_sysbios_family_c64p_Cache_MAR128_159__C                   
0081a0e8  mmwavelib_dftHalfBinExpValue                                 
0081a10c  ti_sysbios_gates_GateHwi_Module__FXNS__C                     
0081a130  ti_sysbios_gates_GateMutex_Module__FXNS__C                   
0081a154  ti_sysbios_heaps_HeapMem_Object__PARAMS__C                   
0081a178  ti_sysbios_knl_Semaphore_Object__PARAMS__C                   
0081a1bc  ti_sysbios_gates_GateHwi_Object__DESC__C                     
0081a1dc  ti_sysbios_gates_GateMutex_Object__DESC__C                   
0081a1fc  ti_sysbios_heaps_HeapMem_Object__DESC__C                     
0081a21c  ti_sysbios_knl_Queue_Object__DESC__C                         
0081a23c  ti_sysbios_knl_Semaphore_Object__DESC__C                     
0081a25c  ti_sysbios_knl_Task_Object__DESC__C                          
0081a27c  xdc_runtime_LoggerBuf_Object__DESC__C                        
0081a2b8  xdc_runtime_Startup_sfxnRts__A                               
0081a2d2  ti_sysbios_family_c64p_EventCombiner_Module__id__C           
0081a2ec  ti_sysbios_gates_GateHwi_Object__PARAMS__C                   
0081a304  ti_sysbios_gates_GateMutex_Object__PARAMS__C                 
0081a31c  ti_sysbios_knl_Queue_Object__PARAMS__C                       
0081a334  ti_sysbios_family_c64p_Cache_MAR160_191__C                   
0081a338  ti_sysbios_knl_Task_hooks__A                                 
0081a394  ti_sysbios_family_c64p_Cache_MAR192_223__C                   
0081a3a8  ti_sysbios_family_c64p_EventCombiner_EVTMASK__C              
0081a3b8  ti_sysbios_knl_Idle_funcList__A                              
0081a3c4  ti_sysbios_knl_Idle_funcList__C                              
0081a3cc  ti_sysbios_knl_Task_hooks__C                                 
0081a3d4  ti_sysbios_family_c64p_Cache_MAR224_255__C                   
0081a3d8  xdc_runtime_Startup_firstFxns__A                             
0081a3e0  xdc_runtime_Startup_firstFxns__C                             
0081a3e8  xdc_runtime_Startup_lastFxns__C                              
0081a3f0  ti_sysbios_family_c64p_Cache_MAR32_63__C                     
0081a3f4  ti_sysbios_family_c64p_Cache_MAR64_95__C                     
0081a3f8  ti_sysbios_family_c64p_Cache_MAR96_127__C                    
0081a3fc  ti_sysbios_family_c64p_EventCombiner_A_invalidEventId__C     
0081a400  ti_sysbios_family_c64p_EventCombiner_EVTRegs__C              
0081a404  ti_sysbios_family_c64p_EventCombiner_E_unpluggedEvent__C     
0081a408  ti_sysbios_family_c64p_EventCombiner_Module__diagsEnabled__C 
0081a40c  ti_sysbios_family_c64p_EventCombiner_Module__diagsIncluded__C
0081a410  ti_sysbios_family_c64p_EventCombiner_Module__diagsMask__C    
0081a414  ti_sysbios_family_c64p_Exception_E_exceptionMax__C           
0081a418  ti_sysbios_family_c64p_Exception_exceptionHook__C            
0081a41c  ti_sysbios_family_c64p_Exception_externalHook__C             
0081a420  ti_sysbios_family_c64p_Exception_internalHook__C             
0081a424  ti_sysbios_family_c64p_Exception_nmiHook__C                  
0081a428  ti_sysbios_family_c64p_Hwi_INTRMUX1Address__C                
0081a42c  ti_sysbios_gates_GateMutex_A_badContext__C                   
0081a430  ti_sysbios_gates_GateMutex_Instance_State_sem__O             
0081a434  ti_sysbios_gates_GateMutex_Module__diagsEnabled__C           
0081a438  ti_sysbios_gates_GateMutex_Module__diagsIncluded__C          
0081a43c  ti_sysbios_gates_GateMutex_Module__diagsMask__C              
0081a440  ti_sysbios_hal_Hwi_E_stackOverflow__C                        
0081a444  ti_sysbios_heaps_HeapBuf_Instance_State_freeList__O          
0081a448  ti_sysbios_heaps_HeapBuf_Object__count__C                    
0081a44c  ti_sysbios_heaps_HeapBuf_numConstructedHeaps__C              
0081a450  ti_sysbios_heaps_HeapMem_A_align__C                          
0081a454  ti_sysbios_heaps_HeapMem_A_heapSize__C                       
0081a458  ti_sysbios_heaps_HeapMem_A_invalidFree__C                    
0081a45c  ti_sysbios_heaps_HeapMem_A_zeroBlock__C                      
0081a460  ti_sysbios_heaps_HeapMem_E_memory__C                         
0081a464  ti_sysbios_heaps_HeapMem_Module__diagsEnabled__C             
0081a468  ti_sysbios_heaps_HeapMem_Module__diagsIncluded__C            
0081a46c  ti_sysbios_heaps_HeapMem_Module__diagsMask__C                
0081a470  ti_sysbios_heaps_HeapMem_Module__gateObj__C                  
0081a474  ti_sysbios_heaps_HeapMem_Object__count__C                    
0081a478  ti_sysbios_heaps_HeapMem_reqAlign__C                         
0081a47c  ti_sysbios_knl_Clock_Module_State_clockQ__O                  
0081a480  ti_sysbios_knl_Semaphore_A_badContext__C                     
0081a484  ti_sysbios_knl_Semaphore_A_noEvents__C                       
0081a488  ti_sysbios_knl_Semaphore_A_overflow__C                       
0081a48c  ti_sysbios_knl_Semaphore_A_pendTaskDisabled__C               
0081a490  ti_sysbios_knl_Semaphore_Instance_State_pendQ__O             
0081a494  ti_sysbios_knl_Semaphore_Module__diagsEnabled__C             
0081a498  ti_sysbios_knl_Semaphore_Module__diagsIncluded__C            
0081a49c  ti_sysbios_knl_Semaphore_Module__diagsMask__C                
0081a4a0  ti_sysbios_knl_Swi_Object__count__C                          
0081a4a4  ti_sysbios_knl_Task_A_badPriority__C                         
0081a4a8  ti_sysbios_knl_Task_A_badTaskState__C                        
0081a4ac  ti_sysbios_knl_Task_A_badThreadType__C                       
0081a4b0  ti_sysbios_knl_Task_A_badTimeout__C                          
0081a4b4  ti_sysbios_knl_Task_A_noPendElem__C                          
0081a4b8  ti_sysbios_knl_Task_A_sleepTaskDisabled__C                   
0081a4bc  ti_sysbios_knl_Task_E_spOutOfBounds__C                       
0081a4c0  ti_sysbios_knl_Task_E_stackOverflow__C                       
0081a4c4  ti_sysbios_knl_Task_Module_State_inactiveQ__O                
0081a4c8  ti_sysbios_knl_Task_Module__diagsEnabled__C                  
0081a4cc  ti_sysbios_knl_Task_Module__diagsIncluded__C                 
0081a4d0  ti_sysbios_knl_Task_Module__diagsMask__C                     
0081a4d4  ti_sysbios_knl_Task_Object__count__C                         
0081a4d8  ti_sysbios_knl_Task_Object__heap__C                          
0081a4dc  ti_sysbios_knl_Task_allBlockedFunc__C                        
0081a4e0  ti_sysbios_knl_Task_defaultStackHeap__C                      
0081a4e4  ti_sysbios_knl_Task_defaultStackSize__C                      
0081a4e8  ti_sysbios_knl_Task_numConstructedTasks__C                   
0081a4ec  ti_sysbios_timers_rti_Timer_E_cannotSupport__C               
0081a4f0  ti_sysbios_timers_rti_Timer_Module__diagsEnabled__C          
0081a4f4  ti_sysbios_timers_rti_Timer_Module__diagsIncluded__C         
0081a4f8  ti_sysbios_timers_rti_Timer_Module__diagsMask__C             
0081a4fc  ti_sysbios_timers_rti_Timer_numTimerDevices__C               
0081a500  ti_sysbios_timers_rti_Timer_startupNeeded__C                 
0081a504  ti_sysbios_utils_Load_Module_State_taskList__O               
0081a508  ti_sysbios_utils_Load_Module__diagsEnabled__C                
0081a50c  ti_sysbios_utils_Load_Module__diagsIncluded__C               
0081a510  ti_sysbios_utils_Load_Module__diagsMask__C                   
0081a514  ti_sysbios_utils_Load_postUpdate__C                          
0081a518  ti_sysbios_utils_Load_windowInMs__C                          
0081a51c  xdc_runtime_Assert_E_assertFailed__C                         
0081a520  xdc_runtime_Core_A_initializedParams__C                      
0081a524  xdc_runtime_Core_Module__diagsEnabled__C                     
0081a528  xdc_runtime_Core_Module__diagsIncluded__C                    
0081a52c  xdc_runtime_Core_Module__diagsMask__C                        
0081a530  xdc_runtime_Error_E_memory__C                                
0081a534  xdc_runtime_Error_policyFxn__C                               
0081a538  xdc_runtime_Error_policy__C                                  
0081a53c  xdc_runtime_Error_raiseHook__C                               
0081a540  xdc_runtime_IFilterLogger_Interface__BASE__C                 
0081a544  xdc_runtime_IGateProvider_Interface__BASE__C                 
0081a548  xdc_runtime_IHeap_Interface__BASE__C                         
0081a54c  xdc_runtime_ILogger_Interface__BASE__C                       
0081a550  xdc_runtime_IModule_Interface__BASE__C                       
0081a554  xdc_runtime_LoggerBuf_E_badLevel__C                          
0081a558  xdc_runtime_LoggerBuf_Module__gateObj__C                     
0081a55c  xdc_runtime_LoggerBuf_Object__count__C                       
0081a560  xdc_runtime_LoggerBuf_statusLogger__C                        
0081a564  xdc_runtime_Memory_defaultHeapInstance__C                    
0081a568  xdc_runtime_Startup_execImpl__C                              
0081a56c  xdc_runtime_Startup_maxPasses__C                             
0081a570  xdc_runtime_Startup_sfxnRts__C                               
0081a574  xdc_runtime_Startup_sfxnTab__C                               
0081a578  xdc_runtime_System_Module__gateObj__C                        
0081a57c  xdc_runtime_System_abortFxn__C                               
0081a580  xdc_runtime_System_exitFxn__C                                
0081a584  xdc_runtime_System_extendFxn__C                              
0081a588  xdc_runtime_System_maxAtexitHandlers__C                      
0081a58c  xdc_runtime_Text_charTab__C                                  
0081a590  xdc_runtime_Text_nameEmpty__C                                
0081a594  xdc_runtime_Text_nameStatic__C                               
0081a598  xdc_runtime_Text_nameUnknown__C                              
0081a59c  xdc_runtime_Text_nodeTab__C                                  
0081a5a0  xdc_runtime_Text_visitRopeFxn__C                             
0081a5a4  ti_sysbios_family_c64p_Exception_Module__id__C               
0081a5a6  ti_sysbios_family_c64p_Exception_useInternalBuffer__C        
0081a5a8  ti_sysbios_gates_GateMutex_Module__id__C                     
0081a5aa  ti_sysbios_hal_Hwi_Module__id__C                             
0081a5ac  ti_sysbios_heaps_HeapMem_Module__id__C                       
0081a5ae  ti_sysbios_knl_Semaphore_Module__id__C                       
0081a5b0  ti_sysbios_knl_Task_Module__id__C                            
0081a5b2  ti_sysbios_timers_rti_Timer_Module__id__C                    
0081a5b4  ti_sysbios_timers_rti_Timer_continueOnSuspend__C             
0081a5b6  ti_sysbios_utils_Load_Module__id__C                          
0081a5b8  ti_sysbios_utils_Load_autoAddTasks__C                        
0081a5ba  ti_sysbios_utils_Load_updateInIdle__C                        
0081a5bc  xdc_runtime_Core_Module__id__C                               
0081a5be  xdc_runtime_Error_maxDepth__C                                
0081a5c0  xdc_runtime_LoggerBuf_Module__id__C                          
0081a5c2  xdc_runtime_LoggerBuf_filterByLevel__C                       
0081a5c4  xdc_runtime_Main_Module__id__C                               
0081a5c6  xdc_runtime_Memory_Module__id__C                             
0081a5c8  xdc_runtime_Text_charCnt__C                                  
0081a5ca  xdc_runtime_Text_isLoaded__C                                 
0081a5cc  xdc_runtime_Text_registryModsLastId__C                       
0081a5ce  xdc_runtime_Text_unnamedModsLastId__C                        
0081a5d0  ti_sysbios_family_c64p_EventCombiner_Module__state__V        
0081a9d0  _ftable                                                      
0081abb0  _stream                                                      
0081ac50  ti_sysbios_utils_Load_Module__state__V                       
0081ace8  ti_sysbios_knl_Swi_Module_State_0_readyQ__A                  
0081ad68  ti_sysbios_knl_Task_Module_State_0_readyQ__A                 
0081ade8  _device                                                      
0081ae60  ti_sysbios_family_c64p_Hwi_Object__table__V                  
0081aed8  ti_sysbios_family_c64p_Hwi_Module__state__V                  
0081af44  _lock                                                        
0081af48  ti_sysbios_knl_Task_Object__table__V                         
0081afa4  gMailboxMCB                                                  
0081aff4  ti_sysbios_knl_Task_Module__state__V                         
0081b03c  _unlock                                                      
0081b080  SOC_TranslateAddr_LUT                                        
0081b100  ti_sysbios_gates_GateMutex_Object__table__V                  
0081b140  ti_sysbios_timers_rti_Timer_Object__table__V                 
0081b17c  ti_sysbios_family_c64p_Exception_Module__state__V            
0081b1ac  __TI_ft_end                                                  
0081b1b0  ti_sysbios_knl_Swi_Object__table__V                          
0081b1e0  ti_sysbios_knl_Clock_Module__state__V                        
0081b20c  gDPC_ObjectDetectionCfg                                      
0081b230  ti_sysbios_BIOS_Module__state__V                             
0081b254  __errno                                                      
0081b254  errno                                                        
0081b258  xdc_runtime_LoggerBuf_Object__table__V                       
0081b27c  ti_sysbios_family_c64p_Cache_Module__state__V                
0081b2a0  gSOCHwAttrib                                                 
0081b2c0  xdc_runtime_Error_IgnoreBlock                                
0081b2e0  xdc_runtime_System_Module_State_0_atexitHandlers__A          
0081b300  ti_sysbios_knl_Swi_Module__state__V                          
0081b31c  ti_sysbios_heaps_HeapBuf_Module__state__V                    
0081b320  ti_sysbios_utils_Load_Module_State_0_taskEnv__A              
0081b33c  gMailboxDssBssHwCfg                                          
0081b354  gMailboxDssMssHwCfg                                          
0081b36c  xdc_runtime_Memory_Module__state__V                          
0081b370  ti_sysbios_heaps_HeapMem_Object__table__V                    
0081b388  ti_sysbios_timers_rti_Timer_Module_State_0_device__A         
0081b3a0  gDPMRemoteTable                                              
0081b3b4  xdc_runtime_Error_Module__state__V                           
0081b3b8  ti_sysbios_timers_rti_Timer_Module_State_0_intFreqs__A       
0081b3c8  ti_sysbios_timers_rti_Timer_Module__state__V                 
0081b3d8  __TI_cleanup_ptr                                             
0081b3dc  __TI_dtors_ptr                                               
0081b3e0  __TI_enable_exit_profile_output                              
0081b3e4  ti_sysbios_knl_Task_Module__root__V                          
0081b3f0  gDPMHwAttrib                                                 
0081b3f8  ti_sysbios_gates_GateHwi_Module__root__V                     
0081b400  ti_sysbios_gates_GateMutex_Module__root__V                   
0081b408  ti_sysbios_hal_Hwi_Object__table__V                          
0081b410  ti_sysbios_heaps_HeapMem_Module__root__V                     
0081b418  ti_sysbios_knl_Queue_Module__root__V                         
0081b420  ti_sysbios_knl_Semaphore_Module__root__V                     
0081b428  ti_sysbios_timers_rti_Timer_Module_State_0_handles__A        
0081b430  xdc_runtime_LoggerBuf_Module__root__V                        
0081b438  xdc_runtime_Registry_Module__state__V                        
0081b440  xdc_runtime_Startup_Module__state__V                         
0081b448  xdc_runtime_System_Module__state__V                          
0081b450  xdc_runtime_LoggerBuf_Module__state__V                       
0081b458  ti_sysbios_gates_GateHwi_Object__table__V                    
0081b460  ti_sysbios_knl_Task_Module_State_0_idleTask__A               
0081b468  ti_sysbios_utils_Load_Module_State_0_runningTask__A          
0081b470  ti_sysbios_utils_Load_Module_State_0_taskStartTime__A        
0081b478  __CIOBUF_                                                    
0081b65c  __TI_STATIC_BASE                                             
0081b65c  gObjDetObj                                                   
0081b660  gAntennaSpacing                                              
0081b668  gDPM                                                         
0081b66c  regionId                                                     
00f00000  gDPC_ObjDetL1Heap                                            
20000000  gMmwL3                                                       
21080000  gHSRAM                                                       
ffffffff  __TI_pprof_out_hndl                                          
ffffffff  __TI_prof_data_size                                          
ffffffff  __TI_prof_data_start                                         
ffffffff  __binit__                                                    
ffffffff  __c_args__                                                   
ffffffff  binit                                                        
UNDEFED   __TI_CINIT_Base                                              
UNDEFED   __TI_CINIT_Limit                                             
UNDEFED   __TI_Handler_Table_Base                                      
UNDEFED   __TI_Handler_Table_Limit                                     
UNDEFED   __TI_INITARRAY_Base                                          
UNDEFED   __TI_INITARRAY_Limit                                         
UNDEFED   __TI_TLS_INIT_Base                                           
UNDEFED   __TI_TLS_INIT_Limit                                          

[790 symbols]
