******************************************************************************
                  TI ARM Linker PC v16.9.6                     
******************************************************************************
>> Linked Tue May 05 16:43:30 2026

OUTPUT FILE NAME:   <out_of_box_6843_isk_mss.xer4f>
ENTRY POINT SYMBOL: "_c_int00"  address: 0001d608


MEMORY CONFIGURATION

         name            origin    length      used     unused   attr    fill
----------------------  --------  ---------  --------  --------  ----  --------
PAGE 0:
  VECTORS               00000000   00000100  0000003c  000000c4     X
  PROG_RAM              00000100   0007ff00  00025186  0005ad7a  R  X
  DATA_RAM              08000000   00030000  0000fbf0  00020410  RW  
  L3_RAM                51000000   000c0000  000c0000  00000000  RW  
  HWA_RAM               52030000   00010000  00000000  00010000  RW  
  HS_RAM                52080000   00008000  00000000  00008000  RW  

PAGE 1:
  L3_RAM                51000000   000c0000  00000000  000c0000  RW  


SEGMENT ALLOCATION MAP

run origin  load origin   length   init length attrs members
----------  ----------- ---------- ----------- ----- -------
00000000    00000000    0000003c   0000003c    r--
  00000000    00000000    0000003c   0000003c    r-- .vecs
00000100    00000100    00025190   00025190    r-x
  00000100    00000100    00023a52   00023a52    r-x .text
  00023b58    00023b58    000011a4   000011a4    r-- .const
  00024d00    00024d00    00000590   00000590    r-- .cinit
08000000    08000000    0000fbf8   00000000    rw-
  08000000    08000000    00008000   00000000    rw- systemHeap
  08008000    08008000    00003a5c   00000000    rw- .bss
  0800ba60    0800ba60    00002194   00000000    rw- .data
  0800dbf4    0800dbf4    00001000   00000000    rw- .dpcLocalRam
  0800ebf8    0800ebf8    00000800   00000000    rw- .myFiqStack
  0800f3f8    0800f3f8    00000800   00000000    rw- .stack
51000000    51000000    000c0000   00000000    rw-
  51000000    51000000    000c0000   00000000    rw- .l3ram


SECTION ALLOCATION MAP

 output                                  attributes/
section   page    origin      length       input sections
--------  ----  ----------  ----------   ----------------
systemHeap 
*          0    08000000    00008000     UNINITIALIZED
                  08000000    00008000     mmw_mss_per4ft.oer4ft (systemHeap)

.dpcLocalRam 
*          0    0800dbf4    00001000     UNINITIALIZED
                  0800dbf4    00001000     mss_main.oer4f (.dpcLocalRam)

.vecs      0    00000000    0000003c     
                  00000000    0000003c     mmw_mss_per4ft.oer4ft (.vecs)

.text      0    00000100    00023a52     
                  00000100    00001d38     libsleep_xwr68xx.aer4f : libsleep_xwr68xx.obj (.text)
                  00001e38    0000107a     rtsv7R4_T_le_v3D16_eabi.lib : _printfi.obj (.text)
                  00002eb2    00000002     libadcbuf_xwr68xx.aer4f : adcbuf_mmwave.oer4f (.text:ADCBUF_MMWave_init)
                  00002eb4    000009a4     mss_main.oer4f (.text:MmwDemo_dataPathConfig)
                  00003858    00000898     rtsv7R4_T_le_v3D16_eabi.lib : _scanfi.obj (.text)
                  000040f0    000007c6     mmw_cli.oer4f (.text:MmwDemo_CLIInit)
                  000048b6    00000002     libhwa_xwr68xx.aer4f : hwa.oer4f (.text:HWA_init)
                  000048b8    000006e8     mss_main.oer4f (.text:MmwDemo_initTask)
                  00004fa0    00000658     libhwa_xwr68xx.aer4f : hwa.oer4f (.text:HWA_configParamSet)
                  000055f8    000005fc     rtsv7R4_T_le_v3D16_eabi.lib : k_rem_pio2.obj (.text)
                  00005bf4    0000059e     mss_main.oer4f (.text:MmwDemo_openSensor)
                  00006192    00000002     libmmwave_xwr68xx.aer4f : mmwave_link.oer4f (.text:MMWave_maskHostIRQ)
                  00006194    00000564     librangeproc_hwa_xwr68xx.aer4f : rangeprochwa.oer4f (.text:DPU_RangeProcHWA_process)
                  000066f8    00000008     libosal_xwr68xx.aer4f : HwiP_tirtos.oer4f (.text:HwiP_disable)
                  00006700    000004e1     sysbios.aer4ft : BIOS.obj (.text:xdc_runtime_System_doPrint__I)
                  00006be1    00000001     --HOLE-- [fill = 0]
                  00006be2    00000002     libqspiflash_xwr68xx.aer4f : qspiflash.oer4f (.text:QSPIFlash_init)
                  00006be4    000004d4     mss_main.oer4f (.text:MmwDemo_handleObjectDetResult)
                  000070b8    000004a8     libadcbuf_xwr68xx.aer4f : adcbuf_mmwave.oer4f (.text:ADCBUF_MMWave_control)
                  00007560    00000440     mmwdemo_rfparser.oer4f (.text:MmwDemo_RFParser_parseCtrlConfig)
                  000079a0    0000043c     librangeproc_hwa_xwr68xx.aer4f : rangeprochwa.oer4f (.text:DPU_RangeProcHWA_config)
                  00007ddc    00000410     libcli_xwr68xx.aer4f : cli_mmwave.oer4f (.text:CLI_MMWaveVersion)
                  000081ec    000003fd     mmw_cli.oer4f (.text:MmwDemo_CLISensorStart)
                  000085e9    00000001     --HOLE-- [fill = 0]
                  000085ea    00000002     libqspi_xwr68xx.aer4f : qspi.oer4f (.text:QSPI_init)
                  000085ec    000003f4     rtsv7R4_T_le_v3D16_eabi.lib : s_cos.obj (.text)
                  000089e0    000003e4     mss_main.oer4f (.text:MmwDemo_transmitProcessedOutput)
                  00008dc4    00000334     mss_main.oer4f (.text:MmwDemo_DPC_ObjectDetection_reportFxn)
                  000090f8    00000328     mss_main.oer4f (.text:MmwDemo_processPendingDynamicCfgCommands)
                  00009420    00000314     libsoc_xwr68xx.aer4f : soc_xwr68xx_mss.oer4f (.text:SOC_deviceInit)
                  00009734    00000304     librangeproc_hwa_xwr68xx.aer4f : rangeprochwa.oer4f (.text:rangeProcHWA_ConfigEDMA_DataOut_nonInterleave)
                  00009a38    000002f8     libcbuff_xwr68xx.aer4f : cbuff.oer4f (.text:CBUFF_createSession)
                  00009d30    000002f4     sysbios.aer4ft : BIOS.obj (.text:ti_sysbios_knl_Semaphore_pend__E)
                  0000a024    0000000c     libedma_xwr68xx.aer4f : edma_low_level.oer4f (.text:EDMA3ChannelToParamMap)
                  0000a030    000002cc     sysbios.aer4ft : BIOS.obj (.text:ti_sysbios_knl_Task_Instance_finalize__E)
                  0000a2fc    000002c4     libhwa_xwr68xx.aer4f : hwa.oer4f (.text:HWA_configCommon)
                  0000a5c0    000002b8     rtsv7R4_T_le_v3D16_eabi.lib : ull_div32.obj (.text)
                  0000a878    00000008     libmmwave_xwr68xx.aer4f : mmwave.oer4f (.text:MMWave_decodeErrorLevel)
                  0000a880    000002a4     sysbios.aer4ft : BIOS.obj (.text:ti_sysbios_heaps_HeapMem_freeUnprotected__E)
                  0000ab24    00000284     libmmwave_xwr68xx.aer4f : mmwave_dualcore.oer4f (.text:MMWave_deviceExecuteFxn)
                  0000ada8    00000280     libhsiheader_xwr68xx.aer4f : hsiheader.oer4f (.text:HSIHeader_createHeader)
                  0000b028    00000008     libmmwave_xwr68xx.aer4f : mmwave_link.oer4f (.text:MMWave_mboxCallbackFxn)
                  0000b030    00000280     sysbios.aer4ft : BIOS.obj (.text:ti_sysbios_family_arm_exc_Exception_excDumpContext__I)
                  0000b2b0    00000278     mss_main.oer4f (.text:MmwDemo_sensorStopEpilog)
                  0000b528    0000026c     libqspiflash_xwr68xx.aer4f : qspiflash.oer4f (.text:QSPIFlash_open)
                  0000b794    00000264     libcbuff_xwr68xx.aer4f : cbuff.oer4f (.text:CBUFF_init)
                  0000b9f8    00000260     libmailbox_xwr68xx.aer4f : mailbox.oer4f (.text:Mailbox_open)
                  0000bc58    00000254     libcli_xwr68xx.aer4f : cli_mmwave.oer4f (.text:CLI_MMWaveProfileCfg)
                  0000beac    00000240     objdetrangehwa.oer4f (.text:DPC_ObjDetRangeHwa_rangeConfig)
                  0000c0ec    00000240     mss_main.oer4f (.text:idle_power_cycle)
                  0000c32c    0000023c     mmw_lvds_stream.oer4f (.text:MmwDemo_LVDSStreamHwConfig)
                  0000c568    0000022c     libcbuff_xwr68xx.aer4f : cbuff_lvds.oer4f (.text:CBUFF_openLVDS)
                  0000c794    0000022c     librangeproc_hwa_xwr68xx.aer4f : rangeprochwa.oer4f (.text:rangeProcHWA_ConfigHWA)
                  0000c9c0    00000228     sysbios.aer4ft : BIOS.obj (.text:ti_sysbios_heaps_HeapMem_allocUnprotected__E)
                  0000cbe8    00000008     libosal_xwr68xx.aer4f : MemoryP_tirtos.oer4f (.text:MemoryP_getStats)
                  0000cbf0    00000224     sysbios.aer4ft : BIOS.obj (.text:ti_sysbios_timers_rti_Timer_Module_startup__E)
                  0000ce14    00000214     libuart_xwr68xx.aer4f : uartsci.oer4f (.text:UartSci_open)
                  0000d028    00000210     mss_main.oer4f (.text:MmwDemo_eventCallbackFxn)
                  0000d238    0000020a     libcbuff_xwr68xx.aer4f : cbuff_transfer.oer4f (.text:CBUFF_addLinkedList)
                  0000d442    00000002     libuart_xwr68xx.aer4f : uartsci.oer4f (.text:UartSci_init)
                  0000d444    00000204     libcli_xwr68xx.aer4f : cli_mmwave.oer4f (.text:CLI_MMWaveChirpCfg)
                  0000d648    00000204     libcrc_xwr68xx.aer4f : crc.oer4f (.text:CRC_open)
                  0000d84c    00000004     libosal_xwr68xx.aer4f : HwiP_tirtos.oer4f (.text:HwiP_disableInterrupt)
                  0000d850    00000204     sysbios.aer4ft : BIOS.obj (.text:ti_sysbios_knl_Task_sleep__E)
                  0000da54    00000200     mss_main.oer4f (.text:MmwDemo_stopSensor)
                  0000dc54    0000000c     libedma_xwr68xx.aer4f : edma_low_level.oer4f (.text:EDMAsetRegion)
                  0000dc60    00000200     sysbios.aer4ft : BIOS.obj (.text:ti_sysbios_knl_Task_Instance_init__E)
                  0000de60    000001f0     libdma_xwr68xx.aer4f : dma.oer4f (.text:DMA_setChannelParams)
                  0000e050    000001f0     objdetrangehwa.oer4f (.text:DPC_ObjectDetection_ioctl)
                  0000e240    000001ef     libedma_xwr68xx.aer4f : edma.oer4f (.text:EDMA_paramConfig_assist)
                  0000e42f    00000001     --HOLE-- [fill = 0]
                  0000e430    000001e4     rtsv7R4_T_le_v3D16_eabi.lib : strtod.obj (.text)
                  0000e614    000001e4                                 : strtoll.obj (.text)
                  0000e7f8    000001d4     libcbuff_xwr68xx.aer4f : cbuff_edma.oer4f (.text:CBUFF_configEDMA)
                  0000e9cc    000001d0     libmmwave_xwr68xx.aer4f : mmwave_link.oer4f (.text:MMWave_openLink)
                  0000eb9c    00000004     libosal_xwr68xx.aer4f : HwiP_tirtos.oer4f (.text:HwiP_enableInterrupt)
                  0000eba0    000001cc     sysbios.aer4ft : BIOS.obj (.text:ti_sysbios_family_arm_v7r_vim_Hwi_dispatchIRQC__I)
                  0000ed6c    000001c8     libcbuff_xwr68xx.aer4f : cbuff_lvds.oer4f (.text:CBUFF_initLVDS)
                  0000ef34    000001c8     mss_main.oer4f (.text:main)
                  0000f0fc    000001c8     libmmwavelink_xwr68xx.aer4f : rl_driver.oer4f (.text:rlDriverRxHdrRead)
                  0000f2c4    000001c8     rtsv7R4_T_le_v3D16_eabi.lib : fopen.obj (.text)
                  0000f48c    000001c4     libedma_xwr68xx.aer4f : edma.oer4f (.text:EDMA_open)
                  0000f650    000001b4                           : edma.oer4f (.text:EDMA_configChannel)
                  0000f804    000001b0     mss_main.oer4f (.text:MmwDemo_startSensor)
                  0000f9b4    000001b0     libmmwavelink_xwr68xx.aer4f : rl_driver.oer4f (.text:rlDriverMsgRead)
                  0000fb64    000001a8     mss_main.oer4f (.text:MmwDemo_bpmConfig)
                  0000fd0c    000001a4     libcbuff_xwr68xx.aer4f : cbuff.oer4f (.text:CBUFF_activateSession)
                  0000feb0    000001a4     libcli_xwr68xx.aer4f : cli_mmwave.oer4f (.text:CLI_MMWaveSubFrameCfg)
                  00010054    000001a4     libmmwave_xwr68xx.aer4f : mmwave_dualcore.oer4f (.text:MMWave_serializeCfg)
                  000101f8    00000008     libosal_xwr68xx.aer4f : SemaphoreP_tirtos.oer4f (.text:SemaphoreP_Params_init)
                  00010200    0000019c     sysbios.aer4ft : BIOS.obj (.text:xdc_runtime_Error_policyDefault__E)
                  0001039c    00000198     mss_main.oer4f (.text:MmwDemo_transferLVDSUserData)
                  00010534    00000190     libmmwavelink_xwr68xx.aer4f : rl_driver.oer4f (.text:rlDriverCmdInvoke)
                  000106c4    00000188     libhwa_xwr68xx.aer4f : hwa.oer4f (.text:HWA_open)
                  0001084c    00000188     mmw_cli.oer4f (.text:MmwDemo_CLIConfigDataPort)
                  000109d4    0000000c     libmmwave_xwr68xx.aer4f : mmwave_dualcore.oer4f (.text:MMWave_deviceMailboxCallbackFxn)
                  000109e0    00000184     sysbios.aer4ft : BIOS.obj (.text:xdc_runtime_LoggerBuf_write8__E)
                  00010b64    00000180     libdpm_xwr68xx.aer4f : dpm_core.oer4f (.text:DPM_init)
                  00010ce4    00000180                          : dpm_msg.oer4f (.text:DPM_msgRecv)
                  00010e64    00000180     mmwdemo_rfparser.oer4f (.text:MmwDemo_RFParser_setAoAParams)
                  00010fe4    00000174     mss_main.oer4f (.text:idle_power_down)
                  00011158    00000170     libgpio_xwr68xx.aer4f : gpio.oer4f (.text:GPIO_setConfig)
                  000112c8    00000008     librangeproc_hwa_xwr68xx.aer4f : rangeprochwa.oer4f (.text:rangeProcHWADoneIsrCallback)
                  000112d0    0000016c     sysbios.aer4ft : BIOS.obj (.text:ti_sysbios_knl_Semaphore_post__E)
                  0001143c    00000004     libmmwave_xwr68xx.aer4f : mmwave_link.oer4f (.text:MMWave_disableDevice)
                  00011440    00000168     sysbios.aer4ft : BIOS.obj (.text:ti_sysbios_family_arm_exc_Exception_excHandler__I)
                  000115a8    00000164     mmw_lvds_stream.oer4f (.text:MmwDemo_LVDSStreamInit)
                  0001170c    00000164     mmw_lvds_stream.oer4f (.text:MmwDemo_LVDSStreamSwConfig)
                  00011870    00000164     rtsv7R4_T_le_v3D16_eabi.lib : strtoull.obj (.text)
                  000119d4    00000160     libqspi_xwr68xx.aer4f : qspi.oer4f (.text:QSPI_open)
                  00011b34    0000000c     libmmwave_xwr68xx.aer4f : mmwave_osal.oer4f (.text:MMWave_osalMutexUnlock)
                  00011b40    00000160     sysbios.aer4ft : BIOS.obj (.text:ti_sysbios_family_arm_v7r_vim_Hwi_reconfig__E)
                  00011ca0    0000015c     objdetrangehwa.oer4f (.text:DPC_ObjectDetection_execute)
                  00011dfc    00000004     libmmwave_xwr68xx.aer4f : mmwave_link.oer4f (.text:MMWave_enableDevice)
                  00011e00    00000158     sysbios.aer4ft : BIOS.obj (.text:ti_sysbios_knl_Task_postInit__I)
                  00011f58    00000154     objdetrangehwa.oer4f (.text:DPC_ObjectDetection_init)
                  000120ac    0000014c     libcli_xwr68xx.aer4f : cli_mmwave.oer4f (.text:CLI_MMWaveFrameCfg)
                  000121f8    0000014c                          : cli.oer4f (.text:CLI_task)
                  00012344    0000014c     libmmwave_xwr68xx.aer4f : mmwave_link.oer4f (.text:MMWave_initMMWaveLink)
                  00012490    0000014a     libuart_xwr68xx.aer4f : uartsci.oer4f (.text:UartSci_ISR)
                  000125da    00000002     rtsv7R4_T_le_v3D16_eabi.lib : i_div0.obj (.text)
                  000125dc    00000148     libhsiheader_xwr68xx.aer4f : hsiheader.oer4f (.text:HSIHeader_init)
                  00012724    00000148     libmmwavelink_xwr68xx.aer4f : rl_driver.oer4f (.text:rlDriverCmdSendRetry)
                  0001286c    00000146     mmw_cli.oer4f (.text:MmwDemo_CLICalibDcRangeSig)
                  000129b2    0000000e     libsoc_xwr68xx.aer4f : soc_xwr68xx_mss.oer4f (.text:SOC_microDelay)
                  000129c0    00000140     sysbios.aer4ft : BIOS.obj (.text:ti_sysbios_heaps_HeapMem_Instance_init__E)
                  00012b00    00000140                    : BIOS.obj (.text:xdc_runtime_Core_createObject__I)
                  00012c40    0000013c     mmw_lvds_stream.oer4f (.text:MmwDemo_LVDSStreamDeleteHwSession)
                  00012d7c    00000004     libmmwave_xwr68xx.aer4f : mmwave_listlib.oer4f (.text:MMWave_listGetHead)
                  00012d80    0000013c     sysbios.aer4ft : BIOS.obj (.text:ti_sysbios_knl_Clock_workFunc__E)
                  00012ebc    00000134     libadcbuf_xwr68xx.aer4f : adcbuf_mmwave.oer4f (.text:ADCBUF_MMWave_open)
                  00012ff0    00000134     sysbios.aer4ft : BIOS.obj (.text:xdc_runtime_Startup_startMods__I)
                  00013124    00000130     mmw_lvds_stream.oer4f (.text:MmwDemo_LVDSStreamDeleteSwSession)
                  00013254    00000130     rtsv7R4_T_le_v3D16_eabi.lib : strtol.obj (.text)
                  00013384    0000012c     librangeproc_hwa_xwr68xx.aer4f : rangeprochwa.oer4f (.text:rangeProcHWA_ConfigEDMADummyThreeLinks)
                  000134b0    00000128     libmathutils.aer4f : mathutils.oer4f (.text:mathUtils_genWindow)
                  000135d8    00000008     libmmwavelink_xwr68xx.aer4f : rl_driver.oer4f (.text:rlDriverConstructOutMsg)
                  000135e0    00000128     sysbios.aer4ft : BIOS.obj (.text:ti_sysbios_utils_Load_updateThreadContexts__E)
                  00013708    00000124     libcli_xwr68xx.aer4f : cli_mmwave.oer4f (.text:CLI_MMWaveAdvFrameCfg)
                  0001382c    00000124                          : cli_mmwave.oer4f (.text:CLI_MMWaveContModeCfg)
                  00013950    00000124     libedma_xwr68xx.aer4f : edma.oer4f (.text:EDMA_init)
                  00013a74    0000000c     libmmwave_xwr68xx.aer4f : mmwave_osal.oer4f (.text:MMWave_osalSemSignal)
                  00013a80    00000120     sysbios.aer4ft : BIOS.obj (.text:xdc_runtime_LoggerBuf_write4__E)
                  00013ba0    0000011c     mmw_cli.oer4f (.text:MmwDemo_CLILvdsStreamCfg)
                  00013cbc    00000118     libedma_xwr68xx.aer4f : edma.oer4f (.text:EDMA_transferComplete_isr)
                  00013dd4    0000000c     libuart_xwr68xx.aer4f : UART.oer4f (.text:UART_Params_init)
                  00013de0    00000118     sysbios.aer4ft : BIOS.obj (.text:ti_sysbios_family_arm_v7r_vim_Hwi_Instance_init__E)
                  00013ef8    00000114     libedma_xwr68xx.aer4f : edma.oer4f (.text:EDMA_configErrorMonitoring)
                  0001400c    00000110     mss_main.oer4f (.text:MmwDemo_calibInit)
                  0001411c    00000110     rtsv7R4_T_le_v3D16_eabi.lib : strtoul.obj (.text)
                  0001422c    0000010c     libdpedma_hwa_xwr68xx.aer4f : dpedma.oer4f (.text:DPEDMA_configSyncAB)
                  00014338    0000010c     libdpm_xwr68xx.aer4f : dpm_msg.oer4f (.text:DPM_msgResultHandler)
                  00014444    0000010c     libmmwave_xwr68xx.aer4f : mmwave_link.oer4f (.text:MMWave_asyncEventHandler)
                  00014550    0000010c                             : mmwave_dualcore.oer4f (.text:MMWave_deviceInitFxn)
                  0001465c    00000004                             : mmwave_listlib.oer4f (.text:MMWave_listGetNext)
                  00014660    0000010c     sysbios.aer4ft : BIOS.obj (.text:ti_sysbios_knl_Task_schedule__I)
                  0001476c    00000004     libmmwave_xwr68xx.aer4f : mmwave_link.oer4f (.text:MMWave_mboxClose)
                  00014770    0000010c     sysbios.aer4ft : BIOS.obj (.text:xdc_runtime_Core_constructObject__I)
                  0001487c    00000108     libdma_xwr68xx.aer4f : dma.oer4f (.text:DMA_disableInterrupt)
                  00014984    00000108     libmailbox_xwr68xx.aer4f : mailbox.oer4f (.text:Mailbox_write)
                  00014a8c    00000108     mmw_cli.oer4f (.text:MmwDemo_CLICfarCfg)
                  00014b94    00000104     libcbuff_xwr68xx.aer4f : cbuff.oer4f (.text:CBUFF_deinit)
                  00014c98    00000104     libdpedma_hwa_xwr68xx.aer4f : dpedma.oer4f (.text:DPEDMA_configSyncA_singleFrame)
                  00014d9c    00000104     libmmwave_xwr68xx.aer4f : mmwave_link.oer4f (.text:MMWave_startLink)
                  00014ea0    00000104     mmw_cli.oer4f (.text:MmwDemo_CLIChirpQualityRxSatMonCfg)
                  00014fa4    00000104     mmw_cli.oer4f (.text:MmwDemo_CLICompRangeBiasAndRxChanPhaseCfg)
                  000150a8    00000008     libmmwavelink_xwr68xx.aer4f : rl_driver.oer4f (.text:rlDriverGetHandle)
                  000150b0    00000104     sysbios.aer4ft : BIOS.obj (.text:ti_sysbios_timers_rti_Timer_getFreq__E)
                  000151b4    00000100     libcli_xwr68xx.aer4f : cli_mmwave.oer4f (.text:CLI_MMWaveBPMCfgAdvanced)
                  000152b4    00000100     libdma_xwr68xx.aer4f : dma.oer4f (.text:DMA_clearChannelInterruptFlag)
                  000153b4    00000100     libmmwavelink_xwr68xx.aer4f : rl_driver.oer4f (.text:rlDriverInit)
                  000154b4    000000fc     libcbuff_xwr68xx.aer4f : cbuff.oer4f (.text:CBUFF_deleteSession)
                  000155b0    000000fc     libcrc_xwr68xx.aer4f : crc.oer4f (.text:CRC_computeSignature)
                  000156ac    000000fc     mmw_cli.oer4f (.text:MmwDemo_CLIADCBufCfg)
                  000157a8    00000008     sysbios.aer4ft : BIOS.obj (.text:ti_sysbios_family_arm_v7a_Pmu_getEnabled__E)
                  000157b0    000000fc                    : BIOS.obj (.text:ti_sysbios_knl_Task_exit__E)
                  000158ac    000000fa     mss_main.oer4f (.text:MmwDemo_setSubFramePendingState)
                  000159a6    00000002     mmw_mss_per4ft.oer4ft (.text:ti_sysbios_BIOS_nullFunc__I)
                  000159a8    000000f8     mmw_lvds_stream.oer4f (.text:MmwDemo_configLVDSHwData)
                  00015aa0    000000f8     libmmwavelink_xwr68xx.aer4f : rl_driver.oer4f (.text:rlDriverRdVerifyMsg)
                  00015b98    000000f8     mmw_mss_per4ft.oer4ft (.text:xdc_runtime_System_printfExtend__I)
                  00015c90    000000f4     mmw_cli.oer4f (.text:MmwDemo_CLICalibDataSaveRestore)
                  00015d84    0000000c     libuart_xwr68xx.aer4f : uartsci_dma.oer4f (.text:UartSci_isDMAEnabled)
                  00015d90    000000f0     sysbios.aer4ft : BIOS.obj (.text:ti_sysbios_family_arm_v7r_vim_Hwi_Module_startup__E)
                  00015e80    000000f0                    : BIOS.obj (.text:ti_sysbios_knl_Task_startCore__E)
                  00015f70    000000f0                    : BIOS.obj (.text:ti_sysbios_utils_Load_taskCreateHook__E)
                  00016060    000000ec     rtsv7R4_T_le_v3D16_eabi.lib : s_scalbn.obj (.text)
                  0001614c    00000004     libmmwave_xwr68xx.aer4f : mmwave_link.oer4f (.text:MMWave_mboxRead)
                  00016150    000000ec     sysbios.aer4ft : BIOS.obj (.text:ti_sysbios_heaps_HeapBuf_Module_startup__E)
                  0001623c    000000ea     libdpedma_hwa_xwr68xx.aer4f : dpedmahwa.oer4f (.text:DPEDMAHWA_configTwoHotSignature)
                  00016326    00000002     mmw_mss_per4ft.oer4ft (.text:xdc_runtime_Startup_reset__I)
                  00016328    000000e8     mmw_cli.oer4f (.text:MmwDemo_CLIChirpQualitySigImgMonCfg)
                  00016410    000000e8     libmmwavelink_xwr68xx.aer4f : rl_sensor.oer4f (.text:rlRfCalibDataStore)
                  000164f8    000000e8                                 : rl_sensor.oer4f (.text:rlRfPhShiftCalibDataStore)
                  000165e0    000000e4     mmw_cli.oer4f (.text:MmwDemo_CLIBpmCfg)
                  000166c4    000000e4     libmmwavelink_xwr68xx.aer4f : rl_sensor.oer4f (.text:rlRfPhShiftCalibDataRestore)
                  000167a8    000000e0     libcli_xwr68xx.aer4f : cli.oer4f (.text:CLI_open)
                  00016888    000000e0     libdma_xwr68xx.aer4f : dma.oer4f (.text:DMA_enableInterrupt)
                  00016968    000000e0     rtsv7R4_T_le_v3D16_eabi.lib : s_floor.obj (.text)
                  00016a48    000000dc     libmmwave_xwr68xx.aer4f : mmwave.oer4f (.text:MMWave_init)
                  00016b24    000000dc     mmw_cli.oer4f (.text:MmmwDemo_CLIIdleModeCycle)
                  00016c00    000000dc     mmw_cli.oer4f (.text:MmmwDemo_CLIIdleModeDown)
                  00016cdc    000000dc     libmmwavelink_xwr68xx.aer4f : rl_driver.oer4f (.text:rlDriverMsgCmdReply)
                  00016db8    000000dc     rtsv7R4_T_le_v3D16_eabi.lib : setvbuf.obj (.text)
                  00016e94    000000d4     libmailbox_xwr68xx.aer4f : mailbox.oer4f (.text:Mailbox_read)
                  00016f68    000000d4     librangeproc_hwa_xwr68xx.aer4f : rangeprochwa.oer4f (.text:rangeProcHWA_ConfigEDMA_DataIn)
                  0001703c    000000d4     libmmwavelink_xwr68xx.aer4f : rl_sensor.oer4f (.text:rlSetMultiBpmChirpConfig)
                  00017110    000000d4     sysbios.aer4ft : BIOS.obj (.text:ti_sysbios_utils_Load_logLoads__I)
                  000171e4    000000d0     librangeproc_hwa_xwr68xx.aer4f : rangeprochwa.oer4f (.text:DPU_RangeProcHWA_control)
                  000172b4    000000d0     libsoc_xwr68xx.aer4f : soc_xwr68xx_mss.oer4f (.text:SOC_controlSecureFirewall)
                  00017384    000000d0     sysbios.aer4ft : exc_Exception_asm.obj (.text:ti_sysbios_family_arm_exc_Exception_excHandlerAsm__I)
                  00017454    0000000c                    : arm_IntrinsicsSupport_asm.obj (.text:_ti_sysbios_family_arm_IntrinsicsSupport_maxbitA)
                  00017460    000000d0                    : BIOS.obj (.text:ti_sysbios_utils_Load_idleFxn__E)
                  00017530    000000d0                    : BIOS.obj (.text:xdc_runtime_LoggerBuf_Instance_init__E)
                  00017600    000000cc     libhwa_xwr68xx.aer4f : hwa.oer4f (.text:HWA_enableParamSetInterrupt)
                  000176cc    000000cc     mss_main.oer4f (.text:MmwDemo_configSensor)
                  00017798    000000cc     libmmwavelink_xwr68xx.aer4f : rl_sensor.oer4f (.text:rlRfCalibDataRestore)
                  00017864    000000cc                                 : rl_sensor.oer4f (.text:rlSetChirpConfig)
                  00017930    000000cc     rtsv7R4_T_le_v3D16_eabi.lib : fflush.obj (.text)
                  000179fc    000000cc                                 : sscanf.obj (.text)
                  00017ac8    00000008     mmw_mss_per4ft.oer4ft (.text:xdc_runtime_Text_visitRope__I)
                  00017ad0    000000cc     sysbios.aer4ft : BIOS.obj (.text:ti_sysbios_knl_Task_checkStacks__E)
                  00017b9c    000000c8     libmmwave_xwr68xx.aer4f : mmwave_fullcfg.oer4f (.text:MMWave_addChirp)
                  00017c64    000000c8                             : mmwave_link.oer4f (.text:MMWave_configBPM)
                  00017d2c    000000c8                             : mmwave_fullcfg.oer4f (.text:MMWave_flushCfg)
                  00017df4    000000c8                             : mmwave_fullcfg.oer4f (.text:MMWave_getChirpHandle)
                  00017ebc    000000c8     libsoc_xwr68xx.aer4f : soc_xwr68xx.oer4f (.text:SOC_ungateClock)
                  00017f84    000000c8     libmmwavelink_xwr68xx.aer4f : rl_sensor.oer4f (.text:rlSetFrameConfig)
                  0001804c    000000c4     libcbuff_xwr68xx.aer4f : cbuff_transfer.oer4f (.text:CBUFF_setupNonInterleaved_CP_ADC_CQ)
                  00018110    000000c4     libdpm_xwr68xx.aer4f : dpm_core.oer4f (.text:DPM_deinit)
                  000181d4    000000c4                          : dpm_core.oer4f (.text:DPM_ioctl)
                  00018298    00000006     libosal_xwr68xx.aer4f : CycleprofilerP_tirtos.oer4f (.text:CycleprofilerP_getTimeStamp)
                  0001829e    00000002     --HOLE-- [fill = 0]
                  000182a0    000000c4     sysbios.aer4ft : BIOS.obj (.text:ti_sysbios_family_arm_v7a_Pmu_configureCounter__E)
                  00018364    000000c0     librangeproc_hwa_xwr68xx.aer4f : rangeprochwa.oer4f (.text:DPU_RangeProcHWA_init)
                  00018424    000000c0     mmw_cli.oer4f (.text:MmwDemo_CLIAnalogMonitorCfg)
                  000184e4    000000c0     mss_main.oer4f (.text:MmwDemo_isAllCfgInPendingState)
                  000185a4    000000c0     libmmwavelink_xwr68xx.aer4f : rl_driver.oer4f (.text:rlDriverMsgWrite)
                  00018664    0000000c     rtsv7R4_T_le_v3D16_eabi.lib : copy_zero_init.obj (.text:decompress:ZI)
                  00018670    000000c0     sysbios.aer4ft : BIOS.obj (.text:ti_sysbios_timers_rti_Timer_startup__E)
                  00018730    000000bc     libcli_xwr68xx.aer4f : cli.oer4f (.text:CLI_help)
                  000187ec    000000bc     libgpio_xwr68xx.aer4f : gpio.oer4f (.text:GPIO_write)
                  000188a8    000000bc     libmmwave_xwr68xx.aer4f : mmwave_link.oer4f (.text:MMWave_computeCRC)
                  00018964    000000bc     mmw_lvds_stream.oer4f (.text:MmwDemo_LVDSStream_EDMAInit)
                  00018a20    000000bc     rtsv7R4_T_le_v3D16_eabi.lib : open.obj (.text)
                  00018adc    000000b8     libcbuff_xwr68xx.aer4f : cbuff.oer4f (.text:CBUFF_ISR)
                  00018b94    000000b8                            : cbuff_transfer.oer4f (.text:CBUFF_setupTransfer)
                  00018c4c    000000b8     libdma_xwr68xx.aer4f : dma.oer4f (.text:DMA_getChannelInterruptFlag)
                  00018d04    000000b8     rtsv7R4_T_le_v3D16_eabi.lib : k_cos.obj (.text)
                  00018dbc    000000b6     libsoc_xwr68xx.aer4f : soc_mpu.o (.text)
                  00018e72    0000000e     libosal_xwr68xx.aer4f : SemaphoreP_tirtos.oer4f (.text:SemaphoreP_delete)
                  00018e80    000000b4     sysbios.aer4ft : BIOS.obj (.text:ti_sysbios_gates_GateMutex_enter__E)
                  00018f34    0000000c     libmmwavelink_xwr68xx.aer4f : rl_driver.oer4f (.text:rlDriverGetPlatformId)
                  00018f40    000000b4     sysbios.aer4ft : BIOS.obj (.text:xdc_runtime_LoggerBuf_setFilterLevel__E)
                  00018ff4    000000b2     libuart_xwr68xx.aer4f : uartsci_dma.oer4f (.text:UartSci_openDMA)
                  000190a6    00000002     --HOLE-- [fill = 0]
                  000190a8    000000b0     libcbuff_xwr68xx.aer4f : cbuff.oer4f (.text:CBUFF_deactivateSession)
                  00019158    000000b0     libmmwave_xwr68xx.aer4f : mmwave_fullcfg.oer4f (.text:MMWave_addProfile)
                  00019208    000000b0     mss_main.oer4f (.text:MmwDemo_isAllCfgInNonPendingState)
                  000192b8    000000b0     libmmwavelink_xwr68xx.aer4f : rl_sensor.oer4f (.text:rlSetProfileConfig)
                  00019368    00000006     objdetrangehwa.oer4f (.text:DPC_ObjDetRangeHwa_GetRangeWinGenLen)
                  0001936e    00000002     --HOLE-- [fill = 0]
                  00019370    000000b0     sysbios.aer4ft : BIOS.obj (.text:ti_sysbios_utils_Load_updateLoads__E)
                  00019420    000000b0                    : BIOS.obj (.text:xdc_runtime_Text_putMod__E)
                  000194d0    000000ae     mmwdemo_adcconfig.oer4f (.text:MmwDemo_ADCBufConfig)
                  0001957e    000000ae     rtsv7R4_T_le_v3D16_eabi.lib : _io_perm.obj (.text)
                  0001962c    000000ac     libesm_xwr68xx.aer4f : esm.oer4f (.text:ESM_processInterrupt)
                  000196d8    000000ac     mss_main.oer4f (.text:MmwDemo_edmaOpen)
                  00019784    0000000c     sysbios.aer4ft : BIOS.obj (.text:ti_sysbios_family_arm_v7a_Pmu_configureCounterI__I)
                  00019790    000000ac                    : BIOS.obj (.text:ti_sysbios_knl_Task_Module_startup__E)
                  0001983c    00000004     libmmwave_xwr68xx.aer4f : mmwave_link.oer4f (.text:MMWave_registerInterruptHandler)
                  00019840    000000ac     sysbios.aer4ft : BIOS.obj (.text:ti_sysbios_utils_Load_startup__E)
                  000198ec    000000a8     libadcbuf_xwr68xx.aer4f : adcbuf_mmwave.oer4f (.text:ADCBUF_MMWave_getChanBufAddr)
                  00019994    000000a8     libcli_xwr68xx.aer4f : cli_mmwave.oer4f (.text:CLI_MMWaveExtensionHelp)
                  00019a3c    000000a8     libedma_xwr68xx.aer4f : edma_low_level.oer4f (.text:EDMA3Init)
                  00019ae4    000000a8     libmmwave_xwr68xx.aer4f : mmwave_link.oer4f (.text:MMWave_configureProfileChirp)
                  00019b8c    000000a8                             : mmwave_fullcfg.oer4f (.text:MMWave_getBpmChirpHandle)
                  00019c34    000000a8     libpinmux_xwr68xx.aer4f : pinmux.oer4f (.text:Pinmux_Set_OverrideCtrl)
                  00019cdc    000000a8     libsoc_xwr68xx.aer4f : soc.oer4f (.text:SOC_deregisterSysIntListener)
                  00019d84    000000a8     libmmwavelink_xwr68xx.aer4f : rl_driver.oer4f (.text:rlDriverWaitForResponse)
                  00019e2c    000000a8                                 : rl_sensor.oer4f (.text:rlSetAdvFrameConfig)
                  00019ed4    000000a4     libdma_xwr68xx.aer4f : dma.oer4f (.text:DMA_assignChannel)
                  00019f78    000000a4     libesm_xwr68xx.aer4f : esm.oer4f (.text:ESM_init)
                  0001a01c    000000a4     libmmwave_xwr68xx.aer4f : mmwave_fullcfg.oer4f (.text:MMWave_addBpmChirp)
                  0001a0c0    000000a4                             : mmwave.oer4f (.text:MMWave_start)
                  0001a164    000000a4     libqspiflash_xwr68xx.aer4f : qspiflash.oer4f (.text:QSPIFlash_mmapWrite)
                  0001a208    000000a4     libsoc_xwr68xx.aer4f : soc_xwr68xx_mss.oer4f (.text:SOC_unhaltDSS)
                  0001a2ac    000000a4     rtsv7R4_T_le_v3D16_eabi.lib : k_sin.obj (.text)
                  0001a350    000000a2     sysbios.aer4ft : BIOS.obj (.text:xdc_runtime_Text_putSite__E)
                  0001a3f2    00000002     --HOLE-- [fill = 0]
                  0001a3f4    000000a0     libqspiflash_xwr68xx.aer4f : qspiflash.oer4f (.text:QSPIFlash_configMmapRead)
                  0001a494    000000a0                                : qspiflash_device_macronix.oer4f (.text:QSPIFlash_macronix_progQuadRead)
                  0001a534    000000a0     libsoc_xwr68xx.aer4f : soc.oer4f (.text:SOC_registerSysIntListener)
                  0001a5d4    000000a0     auto_init.aer4ft : auto_init.oer4ft (.text)
                  0001a674    0000000c     sysbios.aer4ft : BIOS.obj (.text:ti_sysbios_family_arm_v7a_Pmu_getCountI__E)
                  0001a680    000000a0                    : BIOS.obj (.text:ti_sysbios_knl_Task_blockI__E)
                  0001a720    0000009c     libmmwave_xwr68xx.aer4f : mmwave_link.oer4f (.text:MMWave_configLink)
                  0001a7bc    0000009c                             : mmwave_fullcfg.oer4f (.text:MMWave_getProfileHandle)
                  0001a858    0000009c     mmw_cli.oer4f (.text:MmwDemo_CLIMeasureRangeBiasAndRxChanPhaseCfg)
                  0001a8f4    0000009c     libqspiflash_xwr68xx.aer4f : qspiflash_device_spansion.oer4f (.text:QSPIFlash_spansion_progQuadRead)
                  0001a990    0000009c     libuart_xwr68xx.aer4f : uartsci.oer4f (.text:UartSci_write)
                  0001aa2c    0000009c     rtsv7R4_T_le_v3D16_eabi.lib : memcpy_t2.obj (.text)
                  0001aac8    00000006     libdpm_xwr68xx.aer4f : dpm_mailbox.oer4f (.text:DPM_mboxSynch)
                  0001aace    00000002     --HOLE-- [fill = 0]
                  0001aad0    0000009c     sysbios.aer4ft : BIOS.obj (.text:ti_sysbios_family_arm_v7r_vim_Hwi_initIntController__I)
                  0001ab6c    00000004     libmmwave_xwr68xx.aer4f : mmwave_link.oer4f (.text:MMWave_unmaskHostIRQ)
                  0001ab70    0000009c     sysbios.aer4ft : BIOS.obj (.text:ti_sysbios_family_arm_v7r_vim_Hwi_mapChannel__I)
                  0001ac0c    00000004     libmmwave_xwr68xx.aer4f : mmwave_link.oer4f (.text:MMWave_waitIRQStatus)
                  0001ac10    0000009c     sysbios.aer4ft : BIOS.obj (.text:ti_sysbios_knl_Semaphore_Instance_init__E)
                  0001acac    0000009a     libdpm_xwr68xx.aer4f : dpm_msg.oer4f (.text:DPM_msgResponseHandler)
                  0001ad46    00000002     --HOLE-- [fill = 0]
                  0001ad48    00000098     libedma_xwr68xx.aer4f : edma.oer4f (.text:EDMA_configParamSet)
                  0001ade0    00000098     libmmwave_xwr68xx.aer4f : mmwave_fullcfg.oer4f (.text:MMWave_getChirpCfg)
                  0001ae78    00000098     mmwdemo_rfparser.oer4f (.text:MmwDemo_RFParser_parseConfig)
                  0001af10    00000098     rtsv7R4_T_le_v3D16_eabi.lib : fclose.obj (.text)
                  0001afa8    00000098                                 : fputc.obj (.text)
                  0001b040    00000098     sysbios.aer4ft : vim_Hwi_asm_switch.obj (.text)
                  0001b0d8    00000006     libedma_xwr68xx.aer4f : edma_low_level.oer4f (.text:EDMA3ClrCCErr)
                  0001b0de    00000002     --HOLE-- [fill = 0]
                  0001b0e0    00000098     sysbios.aer4ft : BIOS.obj (.text:ti_sysbios_utils_Load_taskDeleteHook__E)
                  0001b178    00000096     libedma_xwr68xx.aer4f : edma.oer4f (.text:EDMA_getErrorStatusInfo)
                  0001b20e    00000096     libhwa_xwr68xx.aer4f : hwa.oer4f (.text:HWA_configRam)
                  0001b2a4    00000096     libuart_xwr68xx.aer4f : uartsci.oer4f (.text:UartSci_readChar)
                  0001b33a    00000094     libcbuff_xwr68xx.aer4f : cbuff_transfer.oer4f (.text:CBUFF_setupNonInterleaved_ADC)
                  0001b3ce    00000002     --HOLE-- [fill = 0]
                  0001b3d0    00000094     mmw_lvds_stream.oer4f (.text:MmwDemo_LVDSStream_EDMAAllocateCBUFFHwChannel)
                  0001b464    00000094     mmw_lvds_stream.oer4f (.text:MmwDemo_LVDSStream_EDMAAllocateCBUFFSwChannel)
                  0001b4f8    00000094     libsoc_xwr68xx.aer4f : soc_xwr68xx.oer4f (.text:SOC_gateClock)
                  0001b58c    00000094     libmmwavelink_xwr68xx.aer4f : rl_driver.oer4f (.text:rlDriverDeInit)
                  0001b620    00000094                                 : rl_driver.oer4f (.text:rlDriverMsgReadCmdCtx)
                  0001b6b4    00000094                                 : rl_driver.oer4f (.text:rlDriverProcRdMsg)
                  0001b748    00000094     sysbios.aer4ft : vim_Hwi_asm.obj (.text:ti_sysbios_family_arm_v7r_vim_Hwi_dispatchIRQ__I)
                  0001b7dc    00000090     libgpio_xwr68xx.aer4f : gpio.oer4f (.text:GPIO_init)
                  0001b86c    00000090     libmailbox_xwr68xx.aer4f : mailbox.oer4f (.text:Mailbox_close)
                  0001b8fc    00000090     libuart_xwr68xx.aer4f : uartsci_dma.oer4f (.text:UartSci_initiateTxDMA)
                  0001b98c    00000090                           : uartsci.oer4f (.text:UartSci_read)
                  0001ba1c    00000004     mss_main.oer4f (.text:MmwDemo_sleep)
                  0001ba20    00000090     sysbios.aer4ft : BIOS.obj (.text:ti_sysbios_family_arm_v7a_Pmu_startCounter__E)
                  0001bab0    00000090                    : BIOS.obj (.text:ti_sysbios_knl_Task_unblockI__E)
                  0001bb40    00000090                    : BIOS.obj (.text:xdc_runtime_LoggerBuf_getFilterLevel__E)
                  0001bbd0    0000008c     libcli_xwr68xx.aer4f : cli_mmwave.oer4f (.text:CLI_MMWaveDataOutputMode)
                  0001bc5c    0000008c     libsoc_xwr68xx.aer4f : soc.oer4f (.text:SOC_init)
                  0001bce8    0000008c                          : soc_xwr68xx.oer4f (.text:SOC_translateAddress)
                  0001bd74    0000008c     libuart_xwr68xx.aer4f : uartsci_dma.oer4f (.text:UartSci_initiateRxDMA)
                  0001be00    0000008c     libmmwavelink_xwr68xx.aer4f : rl_device.oer4f (.text:rlDevicePowerOn)
                  0001be8c    0000008c                                 : rl_driver.oer4f (.text:rlDriverMsgReadSpawnCtx)
                  0001bf18    00000006     libedma_xwr68xx.aer4f : edma_low_level.oer4f (.text:EDMA3ErrIntrHighStatusGet)
                  0001bf1e    00000002     --HOLE-- [fill = 0]
                  0001bf20    0000008c     sysbios.aer4ft : BIOS.obj (.text:ti_sysbios_family_arm_v7a_Pmu_getCount__E)
                  0001bfac    00000004     mmw_mss_per4ft.oer4ft (.text:ti_sysbios_BIOS_RtsGateProxy_enter__E)
                  0001bfb0    0000008c     sysbios.aer4ft : BIOS.obj (.text:ti_sysbios_family_arm_v7r_vim_Hwi_Instance_finalize__E)
                  0001c03c    00000004     mmw_mss_per4ft.oer4ft (.text:ti_sysbios_BIOS_RtsGateProxy_leave__E)
                  0001c040    0000008c     sysbios.aer4ft : BIOS.obj (.text:xdc_runtime_Memory_alloc__E)
                  0001c0cc    00000088     objdetrangehwa.oer4f (.text:DPC_ObjectDetection_frameStart)
                  0001c154    00000088     libhwa_xwr68xx.aer4f : hwa.oer4f (.text:HWA_disableParamSetInterrupt)
                  0001c1dc    00000088     libmmwave_xwr68xx.aer4f : mmwave_fullcfg.oer4f (.text:MMWave_getProfileCfg)
                  0001c264    00000088     rtsv7R4_T_le_v3D16_eabi.lib : vsnprintf.obj (.text)
                  0001c2ec    00000086     libcbuff_xwr68xx.aer4f : cbuff_edma.oer4f (.text:CBUFF_closeEDMA)
                  0001c372    00000002     --HOLE-- [fill = 0]
                  0001c374    00000084     libmmwave_xwr68xx.aer4f : mmwave_dualcore.oer4f (.text:MMWave_deviceCfgAsyncEvent)
                  0001c3f8    00000084                             : mmwave_dualcore.oer4f (.text:MMWave_deviceEventFxn)
                  0001c47c    00000084                             : mmwave_fullcfg.oer4f (.text:MMWave_getNumBpmChirp)
                  0001c500    00000084                             : mmwave.oer4f (.text:MMWave_open)
                  0001c584    00000082     libhwa_xwr68xx.aer4f : hwa.oer4f (.text:HWA_paramDoneISR)
                  0001c606    00000002     --HOLE-- [fill = 0]
                  0001c608    00000081     libcbuff_xwr68xx.aer4f : cbuff_edma.oer4f (.text:CBUFF_setupEDMAShadowLink)
                  0001c689    00000003     --HOLE-- [fill = 0]
                  0001c68c    00000080     libcli_xwr68xx.aer4f : cli_mmwave.oer4f (.text:CLI_MMWaveChannelCfg)
                  0001c70c    00000080     libdpm_xwr68xx.aer4f : dpm_mailbox.oer4f (.text:DPM_mboxRemoteMailboxCallbackFxn)
                  0001c78c    00000080     libmmwave_xwr68xx.aer4f : mmwave_fullcfg.oer4f (.text:MMWave_getBpmChirpCfg)
                  0001c80c    00000080     mmw_cli.oer4f (.text:MmwDemo_CLIAoAFovCfg)
                  0001c88c    00000080     libsoc_xwr68xx.aer4f : soc.oer4f (.text:SOC_getDeviceRFFreqScaleFactor)
                  0001c90c    00000080     libuart_xwr68xx.aer4f : uartsci.oer4f (.text:UartSci_writePolling)
                  0001c98c    00000080     libmmwavelink_xwr68xx.aer4f : rl_driver.oer4f (.text:rlDriverExecuteGetApi)
                  0001ca0c    00000004     mmw_mss_per4ft.oer4ft (.text:ti_sysbios_family_arm_TaskSupport_Module__startupDone__S)
                  0001ca10    00000080     sysbios.aer4ft : BIOS.obj (.text:ti_sysbios_timers_rti_Timer_initDevice__I)
                  0001ca90    0000007e     libosal_xwr68xx.aer4f : HwiP_tirtos.oer4f (.text:HwiP_create)
                  0001cb0e    00000002     --HOLE-- [fill = 0]
                  0001cb10    0000007d     libcbuff_xwr68xx.aer4f : cbuff_lvds.oer4f (.text:CBUFF_initLVDSLinkListParams)
                  0001cb8d    00000003     --HOLE-- [fill = 0]
                  0001cb90    0000007c     libdpm_xwr68xx.aer4f : dpm_pipe.oer4f (.text:DPM_pipeSend)
                  0001cc0c    0000007c     libedma_xwr68xx.aer4f : edma.oer4f (.text:EDMA_clearErrors)
                  0001cc88    0000007c     libmmwave_xwr68xx.aer4f : mmwave_dualcore.oer4f (.text:MMWave_deviceOpenFxn)
                  0001cd04    0000007c     libmailbox_xwr68xx.aer4f : mailbox.oer4f (.text:Mailbox_init)
                  0001cd80    0000007c     mmw_lvds_stream.oer4f (.text:MmwDemo_LVDSStream_SwTriggerFrameDone)
                  0001cdfc    0000007c     libuart_xwr68xx.aer4f : uartsci.oer4f (.text:UartSci_readPolling)
                  0001ce78    0000007c     sysbios.aer4ft : arm_TaskSupport_asm.obj (.text:_ti_sysbios_family_arm_TaskSupport_buildTaskStack)
                  0001cef4    0000000c     mmw_mss_per4ft.oer4ft (.text:ti_sysbios_knl_Queue_Object__get__S)
                  0001cf00    0000007c     sysbios.aer4ft : BIOS.obj (.text:xdc_runtime_Core_deleteObject__I)
                  0001cf7c    0000007b     mmw_cli.oer4f (.text:MmwDemo_CLIGetSubframe)
                  0001cff7    00000001     --HOLE-- [fill = 0]
                  0001cff8    0000007a     rtsv7R4_T_le_v3D16_eabi.lib : memset_t2.obj (.text)
                  0001d072    00000002     --HOLE-- [fill = 0]
                  0001d074    00000078     libadcbuf_xwr68xx.aer4f : adcbuf_mmwave.oer4f (.text:ADCBUF_MMWave_getCQBufAddr)
                  0001d0ec    00000078     libcbuff_xwr68xx.aer4f : cbuff_transfer.oer4f (.text:CBUFF_configUserBufferEDMA)
                  0001d164    00000078                            : cbuff.oer4f (.text:CBUFF_setVC)
                  0001d1dc    00000078     libcli_xwr68xx.aer4f : cli_mmwave.oer4f (.text:CLI_MMWaveADCCfg)
                  0001d254    00000078     libmmwave_xwr68xx.aer4f : mmwave_fullcfg.oer4f (.text:MMWave_getNumChirps)
                  0001d2cc    00000078     libqspiflash_xwr68xx.aer4f : qspiflash.oer4f (.text:QSPIFlash_mmapRead)
                  0001d344    00000078                                : qspiflash.oer4f (.text:QSPIFlash_sectorErase)
                  0001d3bc    00000078     libqspi_xwr68xx.aer4f : qspi.oer4f (.text:QSPI_cfgRead)
                  0001d434    00000077                           : qspi.oer4f (.text:QSPI_memAccessCfg)
                  0001d4ab    00000001     --HOLE-- [fill = 0]
                  0001d4ac    00000074     objdetrangehwa.oer4f (.text:DPC_ObjectDetection_start)
                  0001d520    00000074     libmmwave_xwr68xx.aer4f : mmwave.oer4f (.text:MMWave_config)
                  0001d594    00000074                             : mmwave_dualcore.oer4f (.text:MMWave_deviceStartFxn)
                  0001d608    00000074     boot.aer4ft : boot.oer4ft (.text)
                  0001d67c    00000074     libmmwavelink_xwr68xx.aer4f : rl_driver.oer4f (.text:rlDriverAsyncEventHandler)
                  0001d6f0    00000074     rtsv7R4_T_le_v3D16_eabi.lib : getdevice.obj (.text)
                  0001d764    00000074                                 : s_frexp.obj (.text)
                  0001d7d8    00000072     libmmwavelink_xwr68xx.aer4f : rl_driver.oer4f (.text:rlDriverClientCbCheck)
                  0001d84a    00000002     --HOLE-- [fill = 0]
                  0001d84c    00000070     libhsiheader_xwr68xx.aer4f : hsiheader.oer4f (.text:HSIHeader_deleteHeader)
                  0001d8bc    00000070     libhwa_xwr68xx.aer4f : hwa.oer4f (.text:HWA_getDriverAccess)
                  0001d92c    00000070     libmmwave_xwr68xx.aer4f : mmwave_dualcore.oer4f (.text:MMWave_deviceCfgFxn)
                  0001d99c    00000070     mmw_cli.oer4f (.text:MmwDemo_CLIGuiMonSel)
                  0001da0c    00000070     mmwdemo_flash.oer4f (.text:mmwDemo_flashInit)
                  0001da7c    00000004     mmw_mss_per4ft.oer4ft (.text:ti_sysbios_family_arm_v7r_vim_Hwi_delete)
                  0001da80    00000070     sysbios.aer4ft : BIOS.obj (.text:xdc_runtime_Error_print__E)
                  0001daf0    0000006c     libdma_xwr68xx.aer4f : dma.oer4f (.text:DMA_disableChannel)
                  0001db5c    0000006c                          : dma.oer4f (.text:DMA_enableChannel)
                  0001dbc8    0000006c     libdpm_xwr68xx.aer4f : dpm_core.oer4f (.text:DPM_relayResult)
                  0001dc34    0000006c     libmmwave_xwr68xx.aer4f : mmwave_dualcore.oer4f (.text:MMWave_deviceCloseFxn)
                  0001dca0    0000006c                             : mmwave_link.oer4f (.text:MMWave_spawn)
                  0001dd0c    0000006c                             : mmwave_link.oer4f (.text:MMWave_stopLink)
                  0001dd78    0000006c     mmw_lvds_stream.oer4f (.text:MmwDemo_LVDSStream_EDMAFreeCBUFFHwChannel)
                  0001dde4    0000006c     mmw_lvds_stream.oer4f (.text:MmwDemo_LVDSStream_EDMAFreeCBUFFSwChannel)
                  0001de50    0000006c     mmw_lvds_stream.oer4f (.text:MmwDemo_LVDSStream_HwTriggerFrameDone)
                  0001debc    0000006c     libpinmux_xwr68xx.aer4f : pinmux.oer4f (.text:Pinmux_Set_FuncSel)
                  0001df28    0000006c     libqspiflash_xwr68xx.aer4f : qspiflash.oer4f (.text:QSPIFlashReadSFDP)
                  0001df94    0000006c     libqspi_xwr68xx.aer4f : qspi.oer4f (.text:QSPI_cfgWrite)
                  0001e000    0000006c     rtsv7R4_T_le_v3D16_eabi.lib : copy_decompress_lzss.obj (.text:decompress:lzss)
                  0001e06c    0000006c                                 : trgmsg.obj (.text)
                  0001e0d8    0000006a     libuart_xwr68xx.aer4f : uartsci.oer4f (.text:UartSci_control)
                  0001e142    00000002     --HOLE-- [fill = 0]
                  0001e144    00000068     libdpm_xwr68xx.aer4f : dpm_msg.oer4f (.text:DPM_msgDPCCfgHandler)
                  0001e1ac    00000068     libmmwave_xwr68xx.aer4f : mmwave_dualcore.oer4f (.text:MMWave_deviceStopFxn)
                  0001e214    00000068     libmailbox_xwr68xx.aer4f : mailbox.oer4f (.text:Mailbox_readFlush)
                  0001e27c    00000068     mss_main.oer4f (.text:MmwDemo_convertCfarToLinear)
                  0001e2e4    00000068     librangeproc_hwa_xwr68xx.aer4f : rangeprochwa.oer4f (.text:rangeProcHWA_ConfigEDMATranspose)
                  0001e34c    00000068                                    : rangeprochwa.oer4f (.text:rangeProcHWA_ConfigHWACommon)
                  0001e3b4    00000068     libmmwavelink_xwr68xx.aer4f : rl_driver.oer4f (.text:rlDriverExecuteSetApi)
                  0001e41c    00000068                                 : rl_driver.oer4f (.text:rlDriverHostIrqHandler)
                  0001e484    00000068     rtsv7R4_T_le_v3D16_eabi.lib : hostlseek.obj (.text)
                  0001e4ec    00000068                                 : hostrename.obj (.text)
                  0001e554    00000066     libmmwavelink_xwr68xx.aer4f : rl_device.oer4f (.text:rlDevicePowerOff)
                  0001e5ba    00000002     --HOLE-- [fill = 0]
                  0001e5bc    00000064     libcli_xwr68xx.aer4f : cli_mmwave.oer4f (.text:CLI_MMWaveLowPowerCfg)
                  0001e620    00000064     libedma_xwr68xx.aer4f : edma.oer4f (.text:EDMA_getTransferControllerErrorStatusInfo)
                  0001e684    00000064     libhwa_xwr68xx.aer4f : hwa.oer4f (.text:HWA_getDMAChanIndex)
                  0001e6e8    00000064     libosal_xwr68xx.aer4f : SemaphoreP_tirtos.oer4f (.text:SemaphoreP_create)
                  0001e74c    00000064     rtsv7R4_T_le_v3D16_eabi.lib : fseek.obj (.text)
                  0001e7b0    00000064                                 : sprintf.obj (.text)
                  0001e814    00000064     sysbios.aer4ft : exc_Exception_asm.obj (.text:ti_sysbios_family_arm_exc_Exception_initCore0__I)
                  0001e878    00000006     libedma_xwr68xx.aer4f : edma_low_level.oer4f (.text:EDMA3GetCCErrStatus)
                  0001e87e    00000002     --HOLE-- [fill = 0]
                  0001e880    00000064     sysbios.aer4ft : BIOS.obj (.text:ti_sysbios_family_arm_v7r_vim_Hwi_phantomIntHandler__I)
                  0001e8e4    0000000a     libadcbuf_xwr68xx.aer4f : ADCBuf.oer4f (.text:ADCBuf_control)
                  0001e8ee    00000002     --HOLE-- [fill = 0]
                  0001e8f0    00000064     sysbios.aer4ft : BIOS.obj (.text:ti_sysbios_knl_Clock_logTick__E)
                  0001e954    0000000a     libadcbuf_xwr68xx.aer4f : ADCBuf.oer4f (.text:ADCBuf_getChanBufAddr)
                  0001e95e    00000002     --HOLE-- [fill = 0]
                  0001e960    00000064     sysbios.aer4ft : BIOS.obj (.text:ti_sysbios_utils_Load_logCPULoad__I)
                  0001e9c4    0000000a     libcbuff_xwr68xx.aer4f : cbuff_lvds.oer4f (.text:CBUFF_deinitLVDS)
                  0001e9ce    00000002     --HOLE-- [fill = 0]
                  0001e9d0    00000064     sysbios.aer4ft : BIOS.obj (.text:xdc_runtime_Startup_exec__E)
                  0001ea34    00000062     mmw_cli.oer4f (.text:MmwDemo_CLICfarFovCfg)
                  0001ea96    00000002     --HOLE-- [fill = 0]
                  0001ea98    00000060     libcli_xwr68xx.aer4f : cli_mmwave.oer4f (.text:CLI_MMWaveExtensionHandler)
                  0001eaf8    00000060     libosal_xwr68xx.aer4f : DebugP_tirtos.oer4f (.text:DebugP_log2)
                  0001eb58    00000060                           : DebugP_tirtos.oer4f (.text:DebugP_log3)
                  0001ebb8    00000006     libedma_xwr68xx.aer4f : edma_low_level.oer4f (.text:EDMA3GetErrIntrStatus)
                  0001ebbe    00000002     --HOLE-- [fill = 0]
                  0001ebc0    00000060     sysbios.aer4ft : BIOS.obj (.text:ti_sysbios_heaps_HeapMem_alloc__E)
                  0001ec20    00000060                    : BIOS.obj (.text:xdc_runtime_Assert_raise__I)
                  0001ec80    0000005f                    : BIOS.obj (.text:xdc_runtime_Text_putLab__E)
                  0001ecdf    00000001     --HOLE-- [fill = 0]
                  0001ece0    0000005e     libuart_xwr68xx.aer4f : uartsci.oer4f (.text:UartSci_writeChar)
                  0001ed3e    00000002     --HOLE-- [fill = 0]
                  0001ed40    0000005c     libmmwave_xwr68xx.aer4f : mmwave.oer4f (.text:MMWave_close)
                  0001ed9c    0000005c                             : mmwave_link.oer4f (.text:MMWave_mboxOpen)
                  0001edf8    0000005c                             : mmwave.oer4f (.text:MMWave_stop)
                  0001ee54    0000005c     mss_main.oer4f (.text:MmwDemo_mmWaveCtrlTask)
                  0001eeb0    0000005c     libqspiflash_xwr68xx.aer4f : qspiflash.oer4f (.text:QSPIFlashGetDeviceID)
                  0001ef0c    0000005c     libsoc_xwr68xx.aer4f : soc.oer4f (.text:SOC_enableLVDS)
                  0001ef68    0000005c     rtsv7R4_T_le_v3D16_eabi.lib : hostopen.obj (.text)
                  0001efc4    0000005c                                 : hostread.obj (.text)
                  0001f020    0000005c     sysbios.aer4ft : BIOS.obj (.text:ti_sysbios_utils_Load_updateCurrentThreadTime__E)
                  0001f07c    0000005a     libuart_xwr68xx.aer4f : uartsci.oer4f (.text:UartSci_readCancel)
                  0001f0d6    0000005a     libmmwavelink_xwr68xx.aer4f : rl_driver.oer4f (.text:rlDriverCalChkSum)
                  0001f130    00000058     libdpm_xwr68xx.aer4f : dpm_core.oer4f (.text:DPM_execute)
                  0001f188    00000058                          : dpm_mailbox.oer4f (.text:DPM_mboxInit)
                  0001f1e0    00000058     libosal_xwr68xx.aer4f : DebugP_tirtos.oer4f (.text:DebugP_log0)
                  0001f238    00000058                           : DebugP_tirtos.oer4f (.text:DebugP_log1)
                  0001f290    00000058     libedma_xwr68xx.aer4f : edma_low_level.oer4f (.text:EDMA3EnableChInShadowReg)
                  0001f2e8    00000058     libesm_xwr68xx.aer4f : esm.oer4f (.text:ESM_highpriority_FIQ)
                  0001f340    00000058     libhwa_xwr68xx.aer4f : hwa.oer4f (.text:HWA_getDMAconfig)
                  0001f398    00000058     libmmwave_xwr68xx.aer4f : mmwave.oer4f (.text:MMWave_execute)
                  0001f3f0    00000058                             : mmwave_link.oer4f (.text:MMWave_initCRC)
                  0001f448    00000058     mmw_cli.oer4f (.text:MmwDemo_CLISensorStop)
                  0001f4a0    00000058     mss_main.oer4f (.text:MmwDemo_EDMA_errorCallbackFxn)
                  0001f4f8    00000058     mss_main.oer4f (.text:MmwDemo_EDMA_transferControllerErrorCallbackFxn)
                  0001f550    00000058     libqspiflash_xwr68xx.aer4f : qspiflash.oer4f (.text:QSPIFlash_configMmapWrite)
                  0001f5a8    00000058     libuart_xwr68xx.aer4f : uartsci_dma.oer4f (.text:UartSci_closeDMA)
                  0001f600    00000058     mmwdemo_flash.oer4f (.text:mmwDemo_flashRead)
                  0001f658    00000058     rtsv7R4_T_le_v3D16_eabi.lib : close.obj (.text)
                  0001f6b0    00000058                                 : hostwrite.obj (.text)
                  0001f708    00000056     libmmwavelink_xwr68xx.aer4f : rl_driver.oer4f (.text:rlDriverOsiCbCheck)
                  0001f75e    00000002     --HOLE-- [fill = 0]
                  0001f760    00000054     libcrc_xwr68xx.aer4f : crc.oer4f (.text:CRC_getTransactionId)
                  0001f7b4    00000054     libdma_xwr68xx.aer4f : dma.oer4f (.text:DMA_freeChannel)
                  0001f808    00000054     libedma_xwr68xx.aer4f : edma.oer4f (.text:EDMA_error_isr)
                  0001f85c    00000054     libmmwave_xwr68xx.aer4f : mmwave_link.oer4f (.text:MMWave_initLink)
                  0001f8b0    00000054     mss_main.oer4f (.text:MmwDemo_CfgUpdate)
                  0001f904    00000054     mss_main.oer4f (.text:MmwDemo_resetStaticCfgPendingState)
                  0001f958    00000054     libqspiflash_xwr68xx.aer4f : qspiflash.oer4f (.text:QSPIFlash_writeEnable)
                  0001f9ac    00000054     rtsv7R4_T_le_v3D16_eabi.lib : ltoa.obj (.text)
                  0001fa00    00000054     mmw_mss_per4ft.oer4ft (.text:ti_sysbios_family_arm_v7r_vim_Hwi_create)
                  0001fa54    0000000a     libdpm_xwr68xx.aer4f : dpm_core.oer4f (.text:DPM_chirpISR)
                  0001fa5e    00000002     --HOLE-- [fill = 0]
                  0001fa60    00000054     sysbios.aer4ft : BIOS.obj (.text:ti_sysbios_heaps_HeapMem_getStats__E)
                  0001fab4    0000000a     libdpm_xwr68xx.aer4f : dpm_core.oer4f (.text:DPM_frameStartISR)
                  0001fabe    00000002     --HOLE-- [fill = 0]
                  0001fac0    00000054     sysbios.aer4ft : BIOS.obj (.text:xdc_runtime_Core_assignLabel__I)
                  0001fb14    00000052     libdpedma_hwa_xwr68xx.aer4f : dpedma.oer4f (.text:DPEDMA_setup_shadow_link)
                  0001fb66    00000002     --HOLE-- [fill = 0]
                  0001fb68    00000050     libcrc_xwr68xx.aer4f : crc.oer4f (.text:CRC_getSignature)
                  0001fbb8    00000050     libdpm_xwr68xx.aer4f : dpm_core.oer4f (.text:DPM_synch)
                  0001fc08    00000050     libedma_xwr68xx.aer4f : edma_low_level.oer4f (.text:EDMA3MapChToEvtQ)
                  0001fc58    00000050     libmmwave_xwr68xx.aer4f : mmwave.oer4f (.text:MMWave_sync)
                  0001fca8    00000050     mmw_cli.oer4f (.text:MmwDemo_CLIMultiObjBeamForming)
                  0001fcf8    00000050     mmw_cli.oer4f (.text:MmwDemo_CLIQueryDemoStatus)
                  0001fd48    00000050     mss_main.oer4f (.text:mmwDemo_mssDPMTask)
                  0001fd98    00000050     libmmwavelink_xwr68xx.aer4f : rl_driver.oer4f (.text:rlDeviceIdentifyCmdDir)
                  0001fde8    00000050                                 : rl_driver.oer4f (.text:rlDriverVerifyCRC)
                  0001fe38    00000050     rtsv7R4_T_le_v3D16_eabi.lib : atoi.obj (.text)
                  0001fe88    00000050                                 : exit.obj (.text)
                  0001fed8    00000050                                 : u_div32.obj (.text)
                  0001ff28    00000006     libedma_xwr68xx.aer4f : edma_low_level.oer4f (.text:EDMA3QdmaGetErrIntrStatus)
                  0001ff2e    00000002     --HOLE-- [fill = 0]
                  0001ff30    00000050     sysbios.aer4ft : BIOS.obj (.text:xdc_runtime_System_exit__E)
                  0001ff80    0000004c     libcli_xwr68xx.aer4f : cli.oer4f (.text:CLI_write)
                  0001ffcc    0000004c     libedma_xwr68xx.aer4f : edma.oer4f (.text:EDMA_disableChannel)
                  00020018    0000004c                           : edma.oer4f (.text:EDMA_enableChannel)
                  00020064    0000004c     libhwa_xwr68xx.aer4f : hwa.oer4f (.text:HWA_enableDoneInterrupt)
                  000200b0    0000004c     libmailbox_xwr68xx.aer4f : mailbox.oer4f (.text:Mailbox_boxEmptyISRProcessing)
                  000200fc    0000004c     libqspiflash_xwr68xx.aer4f : qspiflash_device_macronix.oer4f (.text:QSPIFlash_macronix_init)
                  00020148    0000004c     libuart_xwr68xx.aer4f : uartsci.oer4f (.text:UartSci_writeCancel)
                  00020194    0000004c     rtsv7R4_T_le_v3D16_eabi.lib : cpy_tbl.obj (.text)
                  000201e0    0000004c     sysbios.aer4ft : BIOS.obj (.text:ti_sysbios_family_arm_v7r_vim_Hwi_getStackInfo__E)
                  0002022c    0000004c     mmw_mss_per4ft.oer4ft (.text:ti_sysbios_knl_Task_create)
                  00020278    00000006     libosal_xwr68xx.aer4f : HwiP_tirtos.oer4f (.text:HwiP_restore)
                  0002027e    00000002     --HOLE-- [fill = 0]
                  00020280    0000004c     sysbios.aer4ft : BIOS.obj (.text:ti_sysbios_knl_Task_stat__E)
                  000202cc    00000004     mmw_mss_per4ft.oer4ft (.text:ti_sysbios_heaps_HeapMem_Module_GateProxy_enter__E)
                  000202d0    0000004c     sysbios.aer4ft : BIOS.obj (.text:ti_sysbios_utils_Load_taskSwitchHook__E)
                  0002031c    0000004a     libdpm_xwr68xx.aer4f : dpm_mailbox.oer4f (.text:DPM_mboxSendResult)
                  00020366    0000004a     libmailbox_xwr68xx.aer4f : mailbox.oer4f (.text:Mailbox_boxFullISRProcessing)
                  000203b0    0000004a     sysbios.aer4ft : BIOS.obj (.text:xdc_runtime_Core_assignParams__I)
                  000203fa    00000006     libmmwavelink_xwr68xx.aer4f : rl_controller.oer4f (.text:rlGetSubBlockId)
                  00020400    0000004a     sysbios.aer4ft : BIOS.obj (.text:xdc_runtime_Text_xprintf__I)
                  0002044a    00000002     --HOLE-- [fill = 0]
                  0002044c    00000049     mmw_lvds_stream.oer4f (.text:MmwDemo_LVDSStream_EDMAAllocateCBUFFChannel)
                  00020495    00000001     --HOLE-- [fill = 0]
                  00020496    00000048     libcbuff_xwr68xx.aer4f : cbuff_transfer.oer4f (.text:CBUFF_setup_USER)
                  000204de    00000048     libdpm_xwr68xx.aer4f : dpm_pipe.oer4f (.text:DPM_pipeRecv)
                  00020526    00000002     --HOLE-- [fill = 0]
                  00020528    00000048     libhwa_xwr68xx.aer4f : hwa.oer4f (.text:HWA_deleteInstance)
                  00020570    00000048     mmwdemo_flash.oer4f (.text:mmwDemo_flashWrite)
                  000205b8    00000048     libmmwavelink_xwr68xx.aer4f : rl_device.oer4f (.text:rlDeviceGetVersion)
                  00020600    00000048                                 : rl_driver.oer4f (.text:rlDriverOsiInit)
                  00020648    00000048     mmw_mss_per4ft.oer4ft (.text:xdc_runtime_LoggerBuf_Object__create__S)
                  00020690    00000046     libmailbox_xwr68xx.aer4f : mailbox.oer4f (.text:CSL_FINSR)
                  000206d6    00000002     --HOLE-- [fill = 0]
                  000206d8    00000044     libadcbuf_xwr68xx.aer4f : adcbuf_mmwave.oer4f (.text:ADCBUF_MMWave_close)
                  0002071c    00000044     libcrc_xwr68xx.aer4f : crc.oer4f (.text:CRC_resetSignature)
                  00020760    00000044     objdetrangehwa.oer4f (.text:DPC_ObjectDetection_stop)
                  000207a4    00000044     libdpm_xwr68xx.aer4f : dpm_core.oer4f (.text:DPM_start)
                  000207e8    00000044                          : dpm_core.oer4f (.text:DPM_stop)
                  0002082c    00000044     libmailbox_xwr68xx.aer4f : mailbox.oer4f (.text:Mailbox_boxFullISRMssDss)
                  00020870    00000044     libsoc_xwr68xx.aer4f : soc_xwr68xx_mss.oer4f (.text:SOC_resetDMA)
                  000208b4    00000044     rtsv7R4_T_le_v3D16_eabi.lib : hostclose.obj (.text)
                  000208f8    00000044                                 : hostunlink.obj (.text)
                  0002093c    00000004     mmw_mss_per4ft.oer4ft (.text:ti_sysbios_heaps_HeapMem_Module_GateProxy_leave__E)
                  00020940    00000044     sysbios.aer4ft : BIOS.obj (.text:ti_sysbios_family_arm_v7r_tms570_Core_Module_startup__E)
                  00020984    0000000a     libmmwave_xwr68xx.aer4f : mmwave_link.oer4f (.text:MMWave_closeLink)
                  0002098e    00000002     --HOLE-- [fill = 0]
                  00020990    00000044     sysbios.aer4ft : BIOS.obj (.text:ti_sysbios_knl_Task_allBlockedFunction__I)
                  000209d4    0000000a     libosal_xwr68xx.aer4f : MemoryP_tirtos.oer4f (.text:MemoryP_ctrlFree)
                  000209de    00000002     --HOLE-- [fill = 0]
                  000209e0    00000044     sysbios.aer4ft : BIOS.obj (.text:xdc_runtime_LoggerBuf_Module_startup__E)
                  00020a24    0000000a     libosal_xwr68xx.aer4f : SemaphoreP_tirtos.oer4f (.text:SemaphoreP_post)
                  00020a2e    00000002     --HOLE-- [fill = 0]
                  00020a30    00000044     sysbios.aer4ft : BIOS.obj (.text:xdc_runtime_System_atexit__E)
                  00020a74    00000042     libcbuff_xwr68xx.aer4f : cbuff_lvds.oer4f (.text:CBUFF_closeLVDS)
                  00020ab6    00000042     libedma_xwr68xx.aer4f : edma.oer4f (.text:EDMA_transferController_error_isr)
                  00020af8    00000042     libhwa_xwr68xx.aer4f : hwa.oer4f (.text:HWA_reset)
                  00020b3a    00000042     libmmwave_xwr68xx.aer4f : mmwave_link.oer4f (.text:MMWave_executeLink)
                  00020b7c    00000042     libmmwavelink_xwr68xx.aer4f : rl_controller.oer4f (.text:rlGetSubBlock)
                  00020bbe    00000002     --HOLE-- [fill = 0]
                  00020bc0    00000040     libedma_xwr68xx.aer4f : edma.oer4f (.text:EDMA_linkParamSets)
                  00020c00    00000040     libhwa_xwr68xx.aer4f : hwa.oer4f (.text:HWA_getHWAMemInfo)
                  00020c40    00000040     mmw_cli.oer4f (.text:MmwDemo_CLIClutterRemoval)
                  00020c80    00000040     mmw_cli.oer4f (.text:MmwDemo_CLIExtendedMaxVelocity)
                  00020cc0    00000040     libqspiflash_xwr68xx.aer4f : qspiflash.oer4f (.text:QSPIFlash_progQuadRead)
                  00020d00    00000040                                : qspiflash_device_spansion.oer4f (.text:QSPIFlash_spansion_init)
                  00020d40    00000040     libsoc_xwr68xx.aer4f : soc_xwr68xx_mss.oer4f (.text:SOC_isSecureDevice)
                  00020d80    00000040     libmmwavelink_xwr68xx.aer4f : rl_driver.oer4f (.text:rlDriverValidateHdr)
                  00020dc0    00000040     rtsv7R4_T_le_v3D16_eabi.lib : strtok.obj (.text)
                  00020e00    00000040     sysbios.aer4ft : BIOS.obj (.text:ti_sysbios_timers_rti_Timer_stop__E)
                  00020e40    0000003e     libadcbuf_xwr68xx.aer4f : adcbuf_mmwave.oer4f (.text:CSL_FINSR)
                  00020e7e    0000003e     libcbuff_xwr68xx.aer4f : cbuff.oer4f (.text:CSL_FINSR)
                  00020ebc    0000003e                            : cbuff_lvds.oer4f (.text:CSL_FINSR)
                  00020efa    0000003e     libcrc_xwr68xx.aer4f : crc.oer4f (.text:CSL_FINSR)
                  00020f38    0000003e     libdma_xwr68xx.aer4f : dma.oer4f (.text:CSL_FINSR)
                  00020f76    0000003e     libgpio_xwr68xx.aer4f : gpio.oer4f (.text:CSL_FINSR)
                  00020fb4    0000003e     libhwa_xwr68xx.aer4f : hwa.oer4f (.text:CSL_FINSR)
                  00020ff2    0000003e     libpinmux_xwr68xx.aer4f : pinmux.oer4f (.text:CSL_FINSR)
                  00021030    0000003e     libqspi_xwr68xx.aer4f : qspi.oer4f (.text:CSL_FINSR)
                  0002106e    0000003e     libsoc_xwr68xx.aer4f : soc.oer4f (.text:CSL_FINSR)
                  000210ac    0000003e                          : soc_xwr68xx.oer4f (.text:CSL_FINSR)
                  000210ea    0000003e                          : soc_xwr68xx_mss.oer4f (.text:CSL_FINSR)
                  00021128    0000003e     libuart_xwr68xx.aer4f : uartsci.oer4f (.text:CSL_FINSR)
                  00021166    0000003e     libdpm_xwr68xx.aer4f : dpm_msg.oer4f (.text:DPM_msgStopHandler)
                  000211a4    0000003e     libhwa_xwr68xx.aer4f : hwa.oer4f (.text:HWA_enable)
                  000211e2    0000003e     libmmwave_xwr68xx.aer4f : mmwave.oer4f (.text:MMWave_decodeError)
                  00021220    0000003e     libuart_xwr68xx.aer4f : uartsci.oer4f (.text:UartSci_close)
                  0002125e    0000003e     mmwdemo_monitor.oer4f (.text:mmwDemo_cfgAnalogMonitor)
                  0002129c    0000003c     libcbuff_xwr68xx.aer4f : cbuff_transfer.oer4f (.text:CBUFF_configCQEDMA)
                  000212d8    0000003c     libcli_xwr68xx.aer4f : cli_mmwave.oer4f (.text:CLI_MMWaveFlushCfg)
                  00021314    0000003c     libedma_xwr68xx.aer4f : edma.oer4f (.text:EDMA_chainChannels)
                  00021350    0000003c     libmailbox_xwr68xx.aer4f : mailbox.oer4f (.text:Mailbox_writeReset)
                  0002138c    0000003c     libsoc_xwr68xx.aer4f : soc.oer4f (.text:SOC_unhaltBSS)
                  000213c8    0000003c     sysbios.aer4ft : vim_Hwi_asm.obj (.text:ti_sysbios_family_arm_v7r_vim_Hwi_init__I)
                  00021404    0000000a     libuart_xwr68xx.aer4f : UART.oer4f (.text:UART_close)
                  0002140e    00000002     --HOLE-- [fill = 0]
                  00021410    0000003c     sysbios.aer4ft : BIOS.obj (.text:ti_sysbios_hal_Hwi_checkStack)
                  0002144c    00000004     mmw_mss_per4ft.oer4ft (.text:ti_sysbios_knl_Clock_TimerProxy_getMaxTicks__E)
                  00021450    0000003c     sysbios.aer4ft : BIOS.obj (.text:ti_sysbios_heaps_HeapMem_init__I)
                  0002148c    0000003a     libhwa_xwr68xx.aer4f : hwa.oer4f (.text:HWA_setDMA2ACCManualTrig)
                  000214c6    00000002     --HOLE-- [fill = 0]
                  000214c8    0000003a     libosal_xwr68xx.aer4f : HwiP_tirtos.oer4f (.text:HwiP_delete)
                  00021502    00000038     libcbuff_xwr68xx.aer4f : cbuff_transfer.oer4f (.text:CBUFF_addUserBufferLLEntry)
                  0002153a    00000038                            : cbuff_transfer.oer4f (.text:CBUFF_setupHeader)
                  00021572    00000002     --HOLE-- [fill = 0]
                  00021574    00000038     libcli_xwr68xx.aer4f : cli_mmwave.oer4f (.text:CLI_MMWaveExtensionInit)
                  000215ac    00000038     objdetrangehwa.oer4f (.text:DPC_ObjectDetection_deinit)
                  000215e4    00000038     libdpm_xwr68xx.aer4f : dpm_core.oer4f (.text:DPM_notifyExecute)
                  0002161c    00000038     libedma_xwr68xx.aer4f : edma_low_level.oer4f (.text:EDMA3ClrMissEvt)
                  00021654    00000038     libuart_xwr68xx.aer4f : UART.oer4f (.text:UART_init)
                  0002168c    00000036     libmmwavelink_xwr68xx.aer4f : rl_controller.oer4f (.text:rlAppendSubBlock)
                  000216c2    00000036     rtsv7R4_T_le_v3D16_eabi.lib : strncpy.obj (.text)
                  000216f8    00000034     libadcbuf_xwr68xx.aer4f : ADCBuf.oer4f (.text:ADCBuf_open)
                  0002172c    00000034     libedma_xwr68xx.aer4f : edma.oer4f (.text:EDMA_configTransferControllerError)
                  00021760    00000034     libhwa_xwr68xx.aer4f : hwa.oer4f (.text:HWA_disableDoneInterrupt)
                  00021794    00000034     libmmwave_xwr68xx.aer4f : mmwave_link.oer4f (.text:MMWave_mboxWrite)
                  000217c8    00000034     libsoc_xwr68xx.aer4f : soc_xwr68xx.oer4f (.text:SOC_enableHWA)
                  000217fc    00000034                          : soc_xwr68xx_mss.oer4f (.text:SOC_hasDSPCore)
                  00021830    00000034                          : soc_xwr68xx.oer4f (.text:SOC_setMMWaveDSSLinkState)
                  00021864    00000034                          : soc_xwr68xx.oer4f (.text:SOC_setMMWaveMSSLinkState)
                  00021898    00000034                          : soc_xwr68xx.oer4f (.text:SOC_setMSSLinkState)
                  000218cc    00000034     libuart_xwr68xx.aer4f : UART.oer4f (.text:UART_open)
                  00021900    00000034     sysbios.aer4ft : BIOS.obj (.text:ti_sysbios_family_arm_a15_TimestampProvider_get64__E)
                  00021934    00000034     mmw_mss_per4ft.oer4ft (.text:ti_sysbios_knl_Semaphore_create)
                  00021968    00000032     libcrc_xwr68xx.aer4f : crc.oer4f (.text:CRC_getCRCDataSelectBitValue)
                  0002199a    00000002     --HOLE-- [fill = 0]
                  0002199c    00000032                          : crc.oer4f (.text:CRC_getCRCTypeBitValue)
                  000219ce    00000032     libedma_xwr68xx.aer4f : edma.oer4f (.text:EDMA_configQueueThreshold)
                  00021a00    00000032     libhwa_xwr68xx.aer4f : hwa.oer4f (.text:HWA_allParamDoneISR)
                  00021a32    0000000e     rtsv7R4_T_le_v3D16_eabi.lib : copy_decompress_none.obj (.text:decompress:none)
                  00021a40    00000032     sysbios.aer4ft : BIOS.obj (.text:ti_sysbios_hal_Hwi_initStack)
                  00021a72    00000002     --HOLE-- [fill = 0]
                  00021a74    00000030     libadcbuf_xwr68xx.aer4f : ADCBuf.oer4f (.text:ADCBuf_init)
                  00021aa4    00000030     libcbuff_xwr68xx.aer4f : cbuff_transfer.oer4f (.text:CBUFF_addCQLLEntry)
                  00021ad4    00000030     libmmwave_xwr68xx.aer4f : mmwave_listlib.oer4f (.text:MMWave_listRemoveNode)
                  00021b04    00000030     libsoc_xwr68xx.aer4f : soc.oer4f (.text:SOC_getDevicePartNumber)
                  00021b34    00000030                          : soc.oer4f (.text:SOC_haltBSS)
                  00021b64    00000030     libmmwavelink_xwr68xx.aer4f : rl_sensor.oer4f (.text:rlSensorStart)
                  00021b94    00000030     mmw_mss_per4ft.oer4ft (.text:ti_sysbios_BIOS_startFunc__I)
                  00021bc4    0000000a     libuart_xwr68xx.aer4f : UART.oer4f (.text:UART_read)
                  00021bce    00000002     --HOLE-- [fill = 0]
                  00021bd0    00000030     sysbios.aer4ft : BIOS.obj (.text:ti_sysbios_family_arm_TaskSupport_start__E)
                  00021c00    00000030     mmw_mss_per4ft.oer4ft (.text:ti_sysbios_gates_GateHwi_Object__create__S)
                  00021c30    00000030     mmw_mss_per4ft.oer4ft (.text:ti_sysbios_gates_GateMutex_Object__create__S)
                  00021c60    00000030     mmw_mss_per4ft.oer4ft (.text:ti_sysbios_heaps_HeapMem_Object__create__S)
                  00021c90    00000030     sysbios.aer4ft : BIOS.obj (.text:ti_sysbios_heaps_HeapMem_free__E)
                  00021cc0    00000030     mmw_mss_per4ft.oer4ft (.text:ti_sysbios_knl_Semaphore_construct)
                  00021cf0    0000002f     sysbios.aer4ft : BIOS.obj (.text:xdc_runtime_Text_printVisFxn__I)
                  00021d1f    00000001     --HOLE-- [fill = 0]
                  00021d20    0000002e     libdpm_xwr68xx.aer4f : dpm_msg.oer4f (.text:DPM_msgStartHandler)
                  00021d4e    0000002e     objdetrangehwa.oer4f (.text:_DPC_Objdet_Assert)
                  00021d7c    00000004     mmw_mss_per4ft.oer4ft (.text:ti_sysbios_knl_Semaphore_delete)
                  00021d80    0000002e     sysbios.aer4ft : BIOS.obj (.text:ti_sysbios_knl_Semaphore_pendTimeout__I)
                  00021dae    0000002e     mmw_mss_per4ft.oer4ft (.text:ti_sysbios_rts_MemAlloc_alloc)
                  00021ddc    0000002c     libdpm_xwr68xx.aer4f : dpm_pipe.oer4f (.text:DPM_pipeInit)
                  00021e08    0000002c     libedma_xwr68xx.aer4f : edma.oer4f (.text:EDMA_validate_channelIdchannelType)
                  00021e34    0000002c     libgpio_xwr68xx.aer4f : gpio.oer4f (.text:GPIO_HighPriorityISR)
                  00021e60    0000002c                           : gpio.oer4f (.text:GPIO_LowPriorityISR)
                  00021e8c    0000002c     libmmwave_xwr68xx.aer4f : mmwave_osal.oer4f (.text:MMWave_osalMutexCreate)
                  00021eb8    0000002c                             : mmwave_osal.oer4f (.text:MMWave_osalSemCreate)
                  00021ee4    0000002c     libsoc_xwr68xx.aer4f : soc_xwr68xx_mss.oer4f (.text:SOC_waitBSSPowerUp)
                  00021f10    0000002c     libmmwavelink_xwr68xx.aer4f : rl_device.oer4f (.text:rlDeviceGetMssVersion)
                  00021f3c    0000002c                                 : rl_sensor.oer4f (.text:rlSensorStop)
                  00021f68    0000002c     rtsv7R4_T_le_v3D16_eabi.lib : unlink.obj (.text)
                  00021f94    0000002c     mmw_mss_per4ft.oer4ft (.text:ti_sysbios_BIOS_atExitFunc__I)
                  00021fc0    0000002c     mmw_mss_per4ft.oer4ft (.text:ti_sysbios_knl_Clock_doTick__I)
                  00021fec    0000002c     mmw_mss_per4ft.oer4ft (.text:ti_sysbios_knl_Queue_construct)
                  00022018    00000006     libmmwavelink_xwr68xx.aer4f : rl_controller.oer4f (.text:rlGetSubBlockLen)
                  0002201e    00000002     --HOLE-- [fill = 0]
                  00022020    0000002c     sysbios.aer4ft : BIOS.obj (.text:ti_sysbios_timers_rti_Timer_periodicStub__E)
                  0002204c    0000002a     objdetrangehwa.oer4f (.text:DPC_ObjDetRangeHwa_MemPoolAlloc)
                  00022076    0000002a     libdpm_xwr68xx.aer4f : dpm_pipe.oer4f (.text:DPM_pipeDeinit)
                  000220a0    0000002a     libedma_xwr68xx.aer4f : edma.oer4f (.text:EDMA_isError)
                  000220ca    0000002a     mmwdemo_adcconfig.oer4f (.text:MmwDemo_ADCBufOpen)
                  000220f4    0000002a     libsoc_xwr68xx.aer4f : soc.oer4f (.text:SOC_SystemISR)
                  0002211e    0000002a     libmmwavelink_xwr68xx.aer4f : rl_device.oer4f (.text:rlDeviceGetMmWaveLinkVersion)
                  00022148    0000002a     rtsv7R4_T_le_v3D16_eabi.lib : strspn.obj (.text)
                  00022172    00000002     --HOLE-- [fill = 0]
                  00022174    00000028     libcbuff_xwr68xx.aer4f : cbuff.oer4f (.text:CBUFF_ErrorISR)
                  0002219c    00000028                            : cbuff.oer4f (.text:CBUFF_FrameStartISR)
                  000221c4    00000028     objdetrangehwa.oer4f (.text:DPC_ObjDetRangeHwa_reconfigSubFrame)
                  000221ec    00000028     libdpm_xwr68xx.aer4f : dpm_mailbox.oer4f (.text:DPM_mboxDeinit)
                  00022214    00000028                          : dpm_msg.oer4f (.text:DPM_msgInitHeader)
                  0002223c    00000028     librangeproc_hwa_xwr68xx.aer4f : rangeprochwa.oer4f (.text:DPU_RangeProcHWA_deinit)
                  00022264    00000028     libmailbox_xwr68xx.aer4f : mailbox.oer4f (.text:Mailbox_Config_init)
                  0002228c    00000028     libqspiflash_xwr68xx.aer4f : qspiflash.oer4f (.text:QSPIFlash_getExtFlashAddr)
                  000222b4    00000028     libuart_xwr68xx.aer4f : uartsci_dma.oer4f (.text:UartSci_RxDMACallbackFxn)
                  000222dc    00000028                           : uartsci_dma.oer4f (.text:UartSci_TxDMACallbackFxn)
                  00022304    00000028     mmwdemo_flash.oer4f (.text:mmwDemo_flashEraseOneSector)
                  0002232c    00000028     libmmwavelink_xwr68xx.aer4f : rl_driver.oer4f (.text:rlDriverConstructInMsg)
                  00022354    00000028     rtsv7R4_T_le_v3D16_eabi.lib : lseek.obj (.text)
                  0002237c    00000028                                 : write.obj (.text)
                  000223a4    0000000a     libuart_xwr68xx.aer4f : UART.oer4f (.text:UART_write)
                  000223ae    00000002     --HOLE-- [fill = 0]
                  000223b0    00000028     sysbios.aer4ft : BIOS.obj (.text:ti_sysbios_knl_Idle_run__E)
[...]
00024ba4  ti_sysbios_knl_Task_Module__loggerFxn4__C                            
00024ba8  ti_sysbios_knl_Task_Module__loggerObj__C                             
00024bac  ti_sysbios_knl_Task_Object__count__C                                 
00024bb0  ti_sysbios_knl_Task_Object__heap__C                                  
00024bb4  ti_sysbios_knl_Task_allBlockedFunc__C                                
00024bb8  ti_sysbios_knl_Task_defaultStackHeap__C                              
00024bbc  ti_sysbios_knl_Task_defaultStackSize__C                              
00024bc0  ti_sysbios_knl_Task_numConstructedTasks__C                           
00024bc4  ti_sysbios_timers_rti_Timer_E_cannotSupport__C                       
00024bc8  ti_sysbios_timers_rti_Timer_Module__diagsEnabled__C                  
00024bcc  ti_sysbios_timers_rti_Timer_Module__diagsIncluded__C                 
00024bd0  ti_sysbios_timers_rti_Timer_Module__diagsMask__C                     
00024bd4  ti_sysbios_timers_rti_Timer_numTimerDevices__C                       
00024bd8  ti_sysbios_timers_rti_Timer_startupNeeded__C                         
00024bdc  ti_sysbios_utils_Load_LS_cpuLoad__C                                  
00024be0  ti_sysbios_utils_Load_LS_taskLoad__C                                 
00024be4  ti_sysbios_utils_Load_Module_State_taskList__O                       
00024be8  ti_sysbios_utils_Load_Module__diagsEnabled__C                        
00024bec  ti_sysbios_utils_Load_Module__diagsIncluded__C                       
00024bf0  ti_sysbios_utils_Load_Module__diagsMask__C                           
00024bf4  ti_sysbios_utils_Load_Module__loggerFxn1__C                          
00024bf8  ti_sysbios_utils_Load_Module__loggerFxn4__C                          
00024bfc  ti_sysbios_utils_Load_Module__loggerObj__C                           
00024c00  ti_sysbios_utils_Load_postUpdate__C                                  
00024c04  ti_sysbios_utils_Load_windowInMs__C                                  
00024c08  xdc_runtime_Assert_E_assertFailed__C                                 
00024c0c  xdc_runtime_Core_A_initializedParams__C                              
00024c10  xdc_runtime_Core_Module__diagsEnabled__C                             
00024c14  xdc_runtime_Core_Module__diagsIncluded__C                            
00024c18  xdc_runtime_Core_Module__diagsMask__C                                
00024c1c  xdc_runtime_Error_E_memory__C                                        
00024c20  xdc_runtime_Error_Module__diagsEnabled__C                            
00024c24  xdc_runtime_Error_Module__diagsIncluded__C                           
00024c28  xdc_runtime_Error_Module__diagsMask__C                               
00024c2c  xdc_runtime_Error_Module__loggerFxn8__C                              
00024c30  xdc_runtime_Error_Module__loggerObj__C                               
00024c34  xdc_runtime_Error_policyFxn__C                                       
00024c38  xdc_runtime_Error_policy__C                                          
00024c3c  xdc_runtime_Error_raiseHook__C                                       
00024c40  xdc_runtime_IFilterLogger_Interface__BASE__C                         
00024c44  xdc_runtime_IGateProvider_Interface__BASE__C                         
00024c48  xdc_runtime_IHeap_Interface__BASE__C                                 
00024c4c  xdc_runtime_ILogger_Interface__BASE__C                               
00024c50  xdc_runtime_IModule_Interface__BASE__C                               
00024c54  xdc_runtime_Log_L_error__C                                           
00024c58  xdc_runtime_LoggerBuf_E_badLevel__C                                  
00024c5c  xdc_runtime_LoggerBuf_Module__gateObj__C                             
00024c60  xdc_runtime_LoggerBuf_Object__count__C                               
00024c64  xdc_runtime_LoggerBuf_statusLogger__C                                
00024c68  xdc_runtime_Main_Module__diagsEnabled__C                             
00024c6c  xdc_runtime_Main_Module__diagsIncluded__C                            
00024c70  xdc_runtime_Main_Module__diagsMask__C                                
00024c74  xdc_runtime_Main_Module__loggerFxn1__C                               
00024c78  xdc_runtime_Main_Module__loggerFxn2__C                               
00024c7c  xdc_runtime_Main_Module__loggerFxn4__C                               
00024c80  xdc_runtime_Main_Module__loggerObj__C                                
00024c84  xdc_runtime_Memory_defaultHeapInstance__C                            
00024c88  xdc_runtime_Startup_execImpl__C                                      
00024c8c  xdc_runtime_Startup_maxPasses__C                                     
00024c90  xdc_runtime_Startup_sfxnRts__C                                       
00024c94  xdc_runtime_Startup_sfxnTab__C                                       
00024c98  xdc_runtime_System_Module__gateObj__C                                
00024c9c  xdc_runtime_System_abortFxn__C                                       
00024ca0  xdc_runtime_System_exitFxn__C                                        
00024ca4  xdc_runtime_System_extendFxn__C                                      
00024ca8  xdc_runtime_System_maxAtexitHandlers__C                              
00024cac  xdc_runtime_Text_charTab__C                                          
00024cb0  xdc_runtime_Text_nameEmpty__C                                        
00024cb4  xdc_runtime_Text_nameStatic__C                                       
00024cb8  xdc_runtime_Text_nameUnknown__C                                      
00024cbc  xdc_runtime_Text_visitRopeFxn__C                                     
00024cc0  ti_sysbios_family_arm_v7r_tms570_Core_Module__id__C                  
00024cc2  ti_sysbios_family_arm_v7r_vim_Hwi_Module__id__C                      
00024cc4  ti_sysbios_family_arm_v7r_vim_Hwi_Module__loggerDefined__C           
00024cc6  ti_sysbios_gates_GateMutex_Module__id__C                             
00024cc8  ti_sysbios_hal_Hwi_Module__id__C                                     
00024cca  ti_sysbios_heaps_HeapMem_Module__id__C                               
00024ccc  ti_sysbios_knl_Clock_Module__id__C                                   
00024cce  ti_sysbios_knl_Clock_Module__loggerDefined__C                        
00024cd0  ti_sysbios_knl_Semaphore_Module__id__C                               
00024cd2  ti_sysbios_knl_Semaphore_Module__loggerDefined__C                    
00024cd4  ti_sysbios_knl_Task_Module__id__C                                    
00024cd6  ti_sysbios_knl_Task_Module__loggerDefined__C                         
00024cd8  ti_sysbios_timers_rti_Timer_Module__id__C                            
00024cda  ti_sysbios_timers_rti_Timer_continueOnSuspend__C                     
00024cdc  ti_sysbios_utils_Load_Module__id__C                                  
00024cde  ti_sysbios_utils_Load_Module__loggerDefined__C                       
00024ce0  ti_sysbios_utils_Load_autoAddTasks__C                                
00024ce2  ti_sysbios_utils_Load_updateInIdle__C                                
00024ce4  xdc_runtime_Core_Module__id__C                                       
00024ce6  xdc_runtime_Error_Module__loggerDefined__C                           
00024ce8  xdc_runtime_Error_maxDepth__C                                        
00024cea  xdc_runtime_LoggerBuf_Module__id__C                                  
00024cec  xdc_runtime_LoggerBuf_filterByLevel__C                               
00024cee  xdc_runtime_Main_Module__id__C                                       
00024cf0  xdc_runtime_Main_Module__loggerDefined__C                            
00024cf2  xdc_runtime_Memory_Module__id__C                                     
00024cf4  xdc_runtime_Text_charCnt__C                                          
00024cf6  xdc_runtime_Text_isLoaded__C                                         
00024cf8  xdc_runtime_Text_registryModsLastId__C                               
00024cfa  xdc_runtime_Text_unnamedModsLastId__C                                
00024d00  __TI_static_base__                                                   
0002522c  __TI_Handler_Table_Base                                              
00025238  __TI_Handler_Table_Limit                                             
00025260  __TI_CINIT_Base                                                      
00025290  __TI_CINIT_Limit                                                     
08000000  ti_sysbios_heaps_HeapMem_Instance_State_0_buf__A                     
08008000  xdc_runtime_LoggerBuf_Instance_State_0_entryArr__A                   
08009900  ti_sysbios_family_arm_exc_Exception_Module_State_0_excStack_0__A     
0800a900  edmaDbg                                                              
0800b008  ti_sysbios_knl_Task_Instance_State_0_stack__A                        
0800b328  gCLI                                                                 
0800b4d0  gGPIOMCB                                                             
0800b664  __CIOBUF_                                                            
0800b784  gMMWave_MCB                                                          
0800b884  __TI_tmpnams                                                         
0800b924  MSS_RCM_CLKDIVCTL0_save                                              
0800b928  gHSIHeaderMCB                                                        
0800b9b8  gEsmMCB                                                              
0800ba28  gMmwDemoFlash                                                        
0800ba34  gMMWave_DualcoreMCB                                                  
0800ba3c  parmbuf                                                              
0800ba44  MSS_RCM_CLKSRCSEL0_save                                              
0800ba48  MSS_RCM_CLKSRCSEL1_save                                              
0800ba4c  MSS_TOPRCM_CLKDIV_save                                               
0800ba50  MSS_TOPRCM_CLKSRCSEL_save                                            
0800ba54  gObjDetObj                                                           
0800ba58  ti_sysbios_knl_Task_Instance_State_0_hookEnv__A                      
0800ba60  gRFLdoBypassCfg                                                      
0800ba64  gtsIdx                                                               
0800ba68  gts                                                                  
0800bbf8  gCalibDataStorage                                                    
0800c058  gMmwMssMCB                                                           
0800c888  rl_txMsg                                                             
0800c988  rl_rxMsg                                                             
0800cc70  gCLI_mmwave_freq_scale_factor                                        
0800cc78  gCLIMMWaveOpenCfg                                                    
0800cca0  gCLIMMWaveExtensionTable                                             
0800cd48  gCLIMMWaveControlCfg                                                 
0800ce14  partInfoStringArray                                                  
0800cff8  ti_sysbios_family_arm_v7r_vim_Hwi_Module_State_0_dispatchTable__A    
0800d1f8  _ftable                                                              
0800d2e8  ti_sysbios_utils_Load_Module__state__V                               
0800d380  ti_sysbios_knl_Task_Module_State_0_readyQ__A                         
0800d400  _device                                                              
0800d478  gCBUFFHwAttribute                                                    
0800d4f0  ti_sysbios_knl_Task_Object__table__V                                 
0800d54c  gUartSciHwCfg                                                        
0800d5a4  _stream                                                              
0800d5f4  gMailboxMCB                                                          
0800d644  ti_sysbios_knl_Task_Module__state__V                                 
0800d68c  SOC_TranslateAddr_LUT                                                
0800d6cc  ti_sysbios_gates_GateMutex_Object__table__V                          
0800d70c  ti_sysbios_timers_rti_Timer_Object__table__V                         
0800d748  gCBUFFInterfaceFxn                                                   
0800d780  ti_sysbios_family_arm_v7r_vim_Hwi_Module__state__V                   
0800d7b4  gHWAHwCfg                                                            
0800d7e4  ti_sysbios_family_arm_v7r_vim_Hwi_Object__table__V                   
0800d810  ti_sysbios_knl_Clock_Module__state__V                                
0800d83c  gUartSciFxnTable                                                     
0800d864  UART_config                                                          
0800d888  gDPC_ObjDetRangeHWACfg                                               
0800d8ac  ti_sysbios_BIOS_Module__state__V                                     
0800d8d0  xdc_runtime_LoggerBuf_Object__table__V                               
0800d8f4  gHWADriverPtr                                                        
0800d8f8  gSOCHwAttrib                                                         
0800d918  ti_sysbios_knl_Clock_Object__table__V                                
0800d938  xdc_runtime_Error_IgnoreBlock                                        
0800d958  xdc_runtime_System_Module_State_0_atexitHandlers__A                  
0800d978  ti_sysbios_utils_Load_Module_State_0_taskEnv__A                      
0800d994  ADCBuf_config                                                        
0800d9ac  gInterleavedTransferFxn                                              
0800d9c4  gMailboxMssBssHwCfg                                                  
0800d9dc  gMailboxMssDssHwCfg                                                  
0800d9f4  gMultipleChirpNonInterleavedTransferFxn                              
0800da0c  gNonInterleavedTransferFxn                                           
0800da24  ti_sysbios_heaps_HeapMem_Object__table__V                            
0800da3c  ti_sysbios_timers_rti_Timer_Module_State_0_device__A                 
0800da54  gDPMRemoteTable                                                      
0800da68  ti_sysbios_family_arm_exc_Exception_Module__state__V                 
0800da7c  gHwaEDMAChanMapping                                                  
0800da8c  gQSPIHwCfg                                                           
0800da9c  __TI_ft_end                                                          
0800daa0  __aeabi_stdin                                                        
0800daa4  __aeabi_stdout                                                       
0800daa8  __aeabi_stderr                                                       
0800daac  ti_sysbios_timers_rti_Timer_Module_State_0_intFreqs__A               
0800dabc  ti_sysbios_timers_rti_Timer_Module__state__V                         
0800dacc  __TI_cleanup_ptr                                                     
0800dad0  __TI_dtors_ptr                                                       
0800dad4  __TI_enable_exit_profile_output                                      
0800dad8  gESMHwCfgAttrs                                                       
0800dae4  ti_sysbios_family_arm_v7a_Pmu_Module__state__V                       
0800daf0  ti_sysbios_knl_Task_Module__root__V                                  
0800dafc  _lock                                                                
0800db00  _unlock                                                              
0800db04  MmwDemo_RFParserHwCfg                                                
0800db0c  QSPIFlash_deviceFxnTbl_macronix                                      
0800db14  QSPIFlash_deviceFxnTbl_spansion                                      
0800db1c  gDPMHwAttrib                                                         
0800db24  gGPIOHwAtrrib                                                        
0800db2c  ti_sysbios_family_arm_v7r_vim_Hwi_Module__root__V                    
0800db34  ti_sysbios_gates_GateHwi_Module__root__V                             
0800db3c  ti_sysbios_gates_GateMutex_Module__root__V                           
0800db44  ti_sysbios_hal_Hwi_Object__table__V                                  
0800db4c  ti_sysbios_heaps_HeapMem_Module__root__V                             
0800db54  ti_sysbios_knl_Queue_Module__root__V                                 
0800db5c  ti_sysbios_knl_Semaphore_Module__root__V                             
0800db64  ti_sysbios_timers_rti_Timer_Module_State_0_handles__A                
0800db6c  xdc_runtime_LoggerBuf_Module__root__V                                
0800db74  xdc_runtime_Registry_Module__state__V                                
0800db7c  xdc_runtime_Startup_Module__state__V                                 
0800db84  xdc_runtime_System_Module__state__V                                  
0800db8c  xdc_runtime_LoggerBuf_Module__state__V                               
0800db92  ti_sysbios_family_arm_exc_Exception_Module_State_0_excActive__A      
0800db94  gQSPIFlashHwCfg                                                      
0800db9c  gCRCRegister                                                         
0800dba0  gDPM                                                                 
0800dba4  regionId                                                             
0800dba8  gPinmuxRegs                                                          
0800dbac  gQSPIDriverPtr                                                       
0800dbb4  errno                                                                
0800dbc0  main_func_sp                                                         
0800dbc8  ti_sysbios_family_arm_a15_TimestampProvider_Module__state__V         
0800dbcc  ti_sysbios_family_arm_exc_Exception_Module_State_0_excContext__A     
0800dbd0  ti_sysbios_family_arm_exc_Exception_Module_State_0_excStackBuffers__A
0800dbd4  ti_sysbios_family_arm_exc_Exception_Module_State_0_excStack__A       
0800dbd8  ti_sysbios_gates_GateHwi_Object__table__V                            
0800dbdc  ti_sysbios_heaps_HeapBuf_Module__state__V                            
0800dbe0  ti_sysbios_knl_Task_Module_State_0_idleTask__A                       
0800dbe4  ti_sysbios_utils_Load_Module_State_0_runningTask__A                  
0800dbe8  ti_sysbios_utils_Load_Module_State_0_taskStartTime__A                
0800dbec  xdc_runtime_Memory_Module__state__V                                  
0800dbf0  xdc_runtime_Error_Module__state__V                                   
0800dbf2  xdc_runtime_Main_Module__root__V                                     
0800dbf4  gDPCTCM                                                              
0800ebf8  ti_sysbios_family_arm_v7r_vim_Hwi_Module_State_0_fiqStack__A         
0800f3f8  __stack                                                              
0800fbf8  __STACK_END                                                          
51000000  gMmwL3                                                               
fffffdec  ti_sysbios_family_arm_v7r_vim_Hwi_vim                                
ffffffff  __TI_pprof_out_hndl                                                  
ffffffff  __TI_prof_data_size                                                  
ffffffff  __TI_prof_data_start                                                 
ffffffff  __binit__                                                            
ffffffff  __c_args__                                                           
ffffffff  binit                                                                
UNDEFED   SHT$$INIT_ARRAY$$Base                                                
UNDEFED   SHT$$INIT_ARRAY$$Limit                                               

[1216 symbols]
